Component: ARM Compiler 6.14 Tool: armlink [5db06800]

==============================================================================

Section Cross References

    main.o(.text.main) refers to main.o(.text.Init) for Init
    main.o(.text.main) refers to debug.o(.text.on) for on
    main.o(.text.main) refers to menu.o(.text.Main_Menu) for Main_Menu
    main.o(.ARM.exidx.text.main) refers to main.o(.text.main) for [Anonymous Symbol]
    main.o(.text.Init) refers to delay.o(.text.Delay_Init) for Delay_Init
    main.o(.text.Init) refers to button.o(.text.Button_Init) for Button_Init
    main.o(.text.Init) refers to uart.o(.data.UART) for UART
    main.o(.text.Init) refers to debug.o(.text.Led_Debug) for Led_Debug
    main.o(.text.Init) refers to mpu6050.o(.data.MPU6050) for MPU6050
    main.o(.text.Init) refers to oled.o(.text.OLED_Init) for OLED_Init
    main.o(.text.Init) refers to oled.o(.text.OLED_Clear) for OLED_Clear
    main.o(.text.Init) refers to debug.o(.text.off) for off
    main.o(.ARM.exidx.text.Init) refers to main.o(.text.Init) for [Anonymous Symbol]
    oled.o(.text.OLED_WR_Byte) refers to i2c.o(.text.Write_IIC_Data) for Write_IIC_Data
    oled.o(.text.OLED_WR_Byte) refers to i2c.o(.text.Write_IIC_Command) for Write_IIC_Command
    oled.o(.ARM.exidx.text.OLED_WR_Byte) refers to oled.o(.text.OLED_WR_Byte) for [Anonymous Symbol]
    oled.o(.text.OLED_Set_Pos) refers to oled.o(.text.OLED_WR_Byte) for OLED_WR_Byte
    oled.o(.ARM.exidx.text.OLED_Set_Pos) refers to oled.o(.text.OLED_Set_Pos) for [Anonymous Symbol]
    oled.o(.text.OLED_Display_On) refers to oled.o(.text.OLED_WR_Byte) for OLED_WR_Byte
    oled.o(.ARM.exidx.text.OLED_Display_On) refers to oled.o(.text.OLED_Display_On) for [Anonymous Symbol]
    oled.o(.text.OLED_Display_Off) refers to oled.o(.text.OLED_WR_Byte) for OLED_WR_Byte
    oled.o(.ARM.exidx.text.OLED_Display_Off) refers to oled.o(.text.OLED_Display_Off) for [Anonymous Symbol]
    oled.o(.text.OLED_Clear) refers to oled.o(.text.OLED_WR_Byte) for OLED_WR_Byte
    oled.o(.ARM.exidx.text.OLED_Clear) refers to oled.o(.text.OLED_Clear) for [Anonymous Symbol]
    oled.o(.text.OLED_ShowChar) refers to oled.o(.text.OLED_Set_Pos) for OLED_Set_Pos
    oled.o(.text.OLED_ShowChar) refers to oled.o(.rodata.F6x8) for F6x8
    oled.o(.text.OLED_ShowChar) refers to oled.o(.text.OLED_WR_Byte) for OLED_WR_Byte
    oled.o(.ARM.exidx.text.OLED_ShowChar) refers to oled.o(.text.OLED_ShowChar) for [Anonymous Symbol]
    oled.o(.ARM.exidx.text.oled_pow) refers to oled.o(.text.oled_pow) for [Anonymous Symbol]
    oled.o(.text.OLED_ShowNum) refers to oled.o(.text.OLED_ShowChar) for OLED_ShowChar
    oled.o(.ARM.exidx.text.OLED_ShowNum) refers to oled.o(.text.OLED_ShowNum) for [Anonymous Symbol]
    oled.o(.text.OLED_ShowFloat) refers to fcmp.o(x$fpl$fcmp) for __aeabi_fcmpge
    oled.o(.text.OLED_ShowFloat) refers to oled.o(.text.OLED_ShowChar) for OLED_ShowChar
    oled.o(.text.OLED_ShowFloat) refers to ffix.o(x$fpl$ffix) for __aeabi_f2iz
    oled.o(.text.OLED_ShowFloat) refers to fflt_clz.o(x$fpl$fflt) for __aeabi_i2f
    oled.o(.text.OLED_ShowFloat) refers to faddsub_clz.o(x$fpl$fsub) for __aeabi_fsub
    oled.o(.text.OLED_ShowFloat) refers to fmul.o(x$fpl$fmul) for __aeabi_fmul
    oled.o(.text.OLED_ShowFloat) refers to f2d.o(x$fpl$f2d) for __aeabi_f2d
    oled.o(.text.OLED_ShowFloat) refers to daddsub_clz.o(x$fpl$dadd) for __aeabi_dadd
    oled.o(.text.OLED_ShowFloat) refers to dfix.o(x$fpl$dfix) for __aeabi_d2iz
    oled.o(.ARM.exidx.text.OLED_ShowFloat) refers to oled.o(.text.OLED_ShowFloat) for [Anonymous Symbol]
    oled.o(.text.OLED_ShowString) refers to oled.o(.text.OLED_ShowChar) for OLED_ShowChar
    oled.o(.ARM.exidx.text.OLED_ShowString) refers to oled.o(.text.OLED_ShowString) for [Anonymous Symbol]
    oled.o(.text.OLED_DrawBMP) refers to oled.o(.text.OLED_Set_Pos) for OLED_Set_Pos
    oled.o(.text.OLED_DrawBMP) refers to oled.o(.text.OLED_WR_Byte) for OLED_WR_Byte
    oled.o(.ARM.exidx.text.OLED_DrawBMP) refers to oled.o(.text.OLED_DrawBMP) for [Anonymous Symbol]
    oled.o(.text.OLED_Init) refers to i2c.o(.text.IIC_GPIO_Init) for IIC_GPIO_Init
    oled.o(.text.OLED_Init) refers to delay.o(.text.delay_ms) for delay_ms
    oled.o(.text.OLED_Init) refers to oled.o(.text.OLED_WR_Byte) for OLED_WR_Byte
    oled.o(.text.OLED_Init) refers to oled.o(.text.OLED_Clear) for OLED_Clear
    oled.o(.text.OLED_Init) refers to oled.o(.text.OLED_Set_Pos) for OLED_Set_Pos
    oled.o(.ARM.exidx.text.OLED_Init) refers to oled.o(.text.OLED_Init) for [Anonymous Symbol]
    oled.o(.text.OLED_Scroll) refers to oled.o(.text.OLED_WR_Byte) for OLED_WR_Byte
    oled.o(.ARM.exidx.text.OLED_Scroll) refers to oled.o(.text.OLED_Scroll) for [Anonymous Symbol]
    maths.o(.ARM.exidx.text.Abs) refers to maths.o(.text.Abs) for [Anonymous Symbol]
    maths.o(.text.Max) refers to fmaxf.o(i.fmaxf) for fmaxf
    maths.o(.ARM.exidx.text.Max) refers to maths.o(.text.Max) for [Anonymous Symbol]
[...]
    [Anonymous Symbol]                       0x08001ab0   Section        0  menu.o(.text.Select_Menu)
    SetSysClock                              0x080024c5   Thumb Code     8  system_stm32f10x.o(.text.SetSysClock)
    [Anonymous Symbol]                       0x080024c4   Section        0  system_stm32f10x.o(.text.SetSysClock)
    SetSysClockTo72                          0x080024cd   Thumb Code   190  system_stm32f10x.o(.text.SetSysClockTo72)
    [Anonymous Symbol]                       0x080024cc   Section        0  system_stm32f10x.o(.text.SetSysClockTo72)
    SysTick_Config                           0x0800258d   Thumb Code    36  delay.o(.text.SysTick_Config)
    [Anonymous Symbol]                       0x0800258c   Section        0  delay.o(.text.SysTick_Config)
    [Anonymous Symbol]                       0x080025b0   Section        0  delay.o(.text.SysTick_Handler)
    [Anonymous Symbol]                       0x080025c0   Section        0  system_stm32f10x.o(.text.SystemCoreClockUpdate)
    [Anonymous Symbol]                       0x08002630   Section        0  system_stm32f10x.o(.text.SystemInit)
    [Anonymous Symbol]                       0x08002688   Section        0  irsensor.o(.text.TIM2_IRQHandler)
    [Anonymous Symbol]                       0x08002730   Section        0  stm32f10x_tim.o(.text.TIM_ClearITPendingBit)
    [Anonymous Symbol]                       0x08002738   Section        0  uart.o(.text.UART1_ReceiveData)
    [Anonymous Symbol]                       0x080027dc   Section        0  uart.o(.text.UART1_SendNum)
    [Anonymous Symbol]                       0x08002808   Section        0  uart.o(.text.UART1_SendNumLn)
    [Anonymous Symbol]                       0x08002834   Section        0  uart.o(.text.UART1_SendString)
    [Anonymous Symbol]                       0x08002860   Section        0  uart.o(.text.UART1_init)
    [Anonymous Symbol]                       0x080028e8   Section        0  uart.o(.text.USART1_IRQHandler)
    [Anonymous Symbol]                       0x0800293c   Section        0  stm32f10x_usart.o(.text.USART_Cmd)
    [Anonymous Symbol]                       0x08002950   Section        0  stm32f10x_usart.o(.text.USART_GetFlagStatus)
    [Anonymous Symbol]                       0x0800295c   Section        0  stm32f10x_usart.o(.text.USART_GetITStatus)
    [Anonymous Symbol]                       0x08002998   Section        0  stm32f10x_usart.o(.text.USART_ITConfig)
    [Anonymous Symbol]                       0x080029c8   Section        0  stm32f10x_usart.o(.text.USART_Init)
    [Anonymous Symbol]                       0x08002a7c   Section        0  stm32f10x_usart.o(.text.USART_SendData)
    [Anonymous Symbol]                       0x08002a84   Section        0  menu.o(.text.Update_Led)
    [Anonymous Symbol]                       0x08002b80   Section        0  menu.o(.text.Update_MPU)
    [Anonymous Symbol]                       0x08002c04   Section        0  i2c.o(.text.Write_IIC_Byte)
    [Anonymous Symbol]                       0x08002c64   Section        0  i2c.o(.text.Write_IIC_Command)
    [Anonymous Symbol]                       0x08002c84   Section        0  i2c.o(.text.Write_IIC_Data)
    __NVIC_SetPriority                       0x08002ca5   Thumb Code    14  delay.o(.text.__NVIC_SetPriority)
    [Anonymous Symbol]                       0x08002ca4   Section        0  delay.o(.text.__NVIC_SetPriority)
    [Anonymous Symbol]                       0x08002cb4   Section        0  delay.o(.text.delay_ms)
    [Anonymous Symbol]                       0x08002ccc   Section        0  menu.o(.text.get_value)
    [Anonymous Symbol]                       0x08002d14   Section        0  i2c_2.o(.text.i2c_address_direction)
    [Anonymous Symbol]                       0x08002d74   Section        0  i2c_2.o(.text.i2c_init)
    [Anonymous Symbol]                       0x08002dd8   Section        0  i2c_2.o(.text.i2c_read_multi_with_reg)
    [Anonymous Symbol]                       0x08002e28   Section        0  i2c_2.o(.text.i2c_receive_ack)
    [Anonymous Symbol]                       0x08002e60   Section        0  i2c_2.o(.text.i2c_receive_nack)
    [Anonymous Symbol]                       0x08002e9c   Section        0  i2c_2.o(.text.i2c_start)
    [Anonymous Symbol]                       0x08002eec   Section        0  i2c_2.o(.text.i2c_stop)
    [Anonymous Symbol]                       0x08002f00   Section        0  i2c_2.o(.text.i2c_transmit)
    [Anonymous Symbol]                       0x08002f34   Section        0  i2c_2.o(.text.i2c_write_with_reg)
    [Anonymous Symbol]                       0x08002f5c   Section        0  main.o(.text.main)
    [Anonymous Symbol]                       0x08002f6c   Section        0  delay.o(.text.micros)
    [Anonymous Symbol]                       0x08002f78   Section        0  delay.o(.text.millis)
    [Anonymous Symbol]                       0x08002f94   Section        0  debug.o(.text.off)
    [Anonymous Symbol]                       0x08002fa8   Section        0  debug.o(.text.on)
    CL$$btod_d2e                             0x08002fbc   Section       62  btod.o(CL$$btod_d2e)
    CL$$btod_d2e_denorm_low                  0x08002ffa   Section       70  btod.o(CL$$btod_d2e_denorm_low)
    CL$$btod_d2e_norm_op1                    0x08003040   Section       96  btod.o(CL$$btod_d2e_norm_op1)
    CL$$btod_div_common                      0x080030a0   Section      824  btod.o(CL$$btod_div_common)
    CL$$btod_e2e                             0x080033d8   Section      220  btod.o(CL$$btod_e2e)
    CL$$btod_ediv                            0x080034b4   Section       42  btod.o(CL$$btod_ediv)
    CL$$btod_emul                            0x080034de   Section       42  btod.o(CL$$btod_emul)
    CL$$btod_mult_common                     0x08003508   Section      580  btod.o(CL$$btod_mult_common)
    i.__ARM_fpclassify                       0x0800374c   Section        0  fpclassify.o(i.__ARM_fpclassify)
    i._is_digit                              0x08003774   Section        0  __printf_wp.o(i._is_digit)
    locale$$code                             0x08003784   Section       44  lc_numeric_c.o(locale$$code)
    x$fpl$d2f                                0x080037b0   Section       98  d2f.o(x$fpl$d2f)
    x$fpl$dadd                               0x08003814   Section      336  daddsub_clz.o(x$fpl$dadd)
    _dadd1                                   0x08003825   Thumb Code     0  daddsub_clz.o(x$fpl$dadd)
    x$fpl$ddiv                               0x08003964   Section      688  ddiv.o(x$fpl$ddiv)
    ddiv_entry                               0x0800396b   Thumb Code     0  ddiv.o(x$fpl$ddiv)
    x$fpl$dfix                               0x08003c14   Section       94  dfix.o(x$fpl$dfix)
    x$fpl$dmul                               0x08003c74   Section      340  dmul.o(x$fpl$dmul)
    x$fpl$dnaninf                            0x08003dc8   Section      156  dnaninf.o(x$fpl$dnaninf)
    x$fpl$dretinf                            0x08003e64   Section       12  dretinf.o(x$fpl$dretinf)
    x$fpl$dsub                               0x08003e70   Section      468  daddsub_clz.o(x$fpl$dsub)
    _dsub1                                   0x08003e81   Thumb Code     0  daddsub_clz.o(x$fpl$dsub)
    x$fpl$f2d                                0x08004044   Section       86  f2d.o(x$fpl$f2d)
    x$fpl$fadd                               0x0800409c   Section      196  faddsub_clz.o(x$fpl$fadd)
    _fadd1                                   0x080040ab   Thumb Code     0  faddsub_clz.o(x$fpl$fadd)
    x$fpl$fcmp                               0x08004160   Section       84  fcmp.o(x$fpl$fcmp)
    x$fpl$fcmpinf                            0x080041b4   Section       24  fcmpi.o(x$fpl$fcmpinf)
    _fdiv1                                   0x080041cd   Thumb Code     0  fdiv.o(x$fpl$fdiv)
    x$fpl$fdiv                               0x080041cc   Section      388  fdiv.o(x$fpl$fdiv)
    x$fpl$feqf                               0x08004350   Section      104  feqf.o(x$fpl$feqf)
    x$fpl$ffix                               0x080043b8   Section       54  ffix.o(x$fpl$ffix)
    x$fpl$fflt                               0x080043f0   Section       48  fflt_clz.o(x$fpl$fflt)
    x$fpl$ffltu                              0x08004420   Section       38  fflt_clz.o(x$fpl$ffltu)
    x$fpl$fgeqf                              0x08004448   Section      104  fgeqf.o(x$fpl$fgeqf)
    x$fpl$fleqf                              0x080044b0   Section      104  fleqf.o(x$fpl$fleqf)
    x$fpl$fmul                               0x08004518   Section      258  fmul.o(x$fpl$fmul)
    x$fpl$fnaninf                            0x0800461a   Section      140  fnaninf.o(x$fpl$fnaninf)
    x$fpl$fretinf                            0x080046a6   Section       10  fretinf.o(x$fpl$fretinf)
    x$fpl$fsub                               0x080046b0   Section      234  faddsub_clz.o(x$fpl$fsub)
    _fsub1                                   0x080046bf   Thumb Code     0  faddsub_clz.o(x$fpl$fsub)
    x$fpl$printf1                            0x0800479a   Section        4  printf1.o(x$fpl$printf1)
    x$fpl$usenofp                            0x0800479e   Section        0  usenofp.o(x$fpl$usenofp)
    tenpwrs_x                                0x080047a0   Data          60  bigflt0.o(.constdata)
    .constdata                               0x080047a0   Section      148  bigflt0.o(.constdata)
    tenpwrs_i                                0x080047dc   Data          64  bigflt0.o(.constdata)
    ADCPrescTable                            0x08004834   Data           4  stm32f10x_rcc.o(.rodata.ADCPrescTable)
    [Anonymous Symbol]                       0x08004834   Section        0  stm32f10x_rcc.o(.rodata.ADCPrescTable)
    APBAHBPrescTable                         0x08004848   Data          16  stm32f10x_rcc.o(.rodata.APBAHBPrescTable)
    [Anonymous Symbol]                       0x08004848   Section        0  stm32f10x_rcc.o(.rodata.APBAHBPrescTable)
    .L.str.15                                0x08004a80   Data           4  menu.o(.rodata.str1.1)
    [Anonymous Symbol]                       0x08004a80   Section        0  menu.o(.rodata.str1.1)
    .L.str.7                                 0x08004a84   Data           8  menu.o(.rodata.str1.1)
    .L.str.16                                0x08004a8c   Data          15  menu.o(.rodata.str1.1)
    .L.str.17                                0x08004a9b   Data          13  menu.o(.rodata.str1.1)
    .L.str.20                                0x08004aa8   Data           2  menu.o(.rodata.str1.1)
    .L.str.5                                 0x08004aaa   Data           3  menu.o(.rodata.str1.1)
    .L.str.19                                0x08004aad   Data           4  menu.o(.rodata.str1.1)
    .L.str.9                                 0x08004ab1   Data          12  menu.o(.rodata.str1.1)
    .L.str.8                                 0x08004abd   Data          11  menu.o(.rodata.str1.1)
    .L.str.10                                0x08004ac8   Data           5  menu.o(.rodata.str1.1)
    .L__const.OLED_ClearArea.spaces          0x08004ad0   Data          21  menu.o(.rodata.str1.4)
    [Anonymous Symbol]                       0x08004ad0   Section        0  menu.o(.rodata.str1.4)
    locale$$data                             0x08004b08   Section       28  lc_numeric_c.o(locale$$data)
    __lcnum_c_name                           0x08004b0c   Data           2  lc_numeric_c.o(locale$$data)
    __lcnum_c_start                          0x08004b14   Data           0  lc_numeric_c.o(locale$$data)
    __lcnum_c_point                          0x08004b20   Data           0  lc_numeric_c.o(locale$$data)
    __lcnum_c_thousands                      0x08004b22   Data           0  lc_numeric_c.o(locale$$data)
    __lcnum_c_grouping                       0x08004b23   Data           0  lc_numeric_c.o(locale$$data)
    __lcnum_c_end                            0x08004b24   Data           0  lc_numeric_c.o(locale$$data)
    .init_array                              0x08004b28   Section        0  init_aeabi.o(.init_array)
    Check_Status.button_state                0x20000000   Data           3  menu.o(.data.Check_Status.button_state)
    [Anonymous Symbol]                       0x20000000   Section        0  menu.o(.data.Check_Status.button_state)
    Check_Status.last_reading                0x20000003   Data           3  menu.o(.data.Check_Status.last_reading)
    [Anonymous Symbol]                       0x20000003   Section        0  menu.o(.data.Check_Status.last_reading)
    Main_Menu.last_drawn_pos                 0x20000028   Data           1  menu.o(.data.Main_Menu.last_drawn_pos)
    [Anonymous Symbol]                       0x20000028   Section        0  menu.o(.data.Main_Menu.last_drawn_pos)
    Update_Led.current_mode                  0x200000a8   Data           1  menu.o(.data.Update_Led.current_mode)
    [Anonymous Symbol]                       0x200000a8   Section        0  menu.o(.data.Update_Led.current_mode)
    accel_LSB                                0x200000ac   Data           4  mpu6050.o(.data.accel_LSB)
    [Anonymous Symbol]                       0x200000ac   Section        0  mpu6050.o(.data.accel_LSB)
    gyro_LSB                                 0x200000b0   Data           4  mpu6050.o(.data.gyro_LSB)
    [Anonymous Symbol]                       0x200000b0   Section        0  mpu6050.o(.data.gyro_LSB)
    .bss                                     0x200000b8   Section       96  libspace.o(.bss)
    Check_Status.last_debounce_time          0x20000118   Data          12  menu.o(.bss.Check_Status.last_debounce_time)
    [Anonymous Symbol]                       0x20000118   Section        0  menu.o(.bss.Check_Status.last_debounce_time)
    MPU6050_Get_AccelGyro.accelgyro          0x20000130   Data          24  mpu6050.o(.bss.MPU6050_Get_AccelGyro.accelgyro)
    [Anonymous Symbol]                       0x20000130   Section        0  mpu6050.o(.bss.MPU6050_Get_AccelGyro.accelgyro)
    MPU6050_Get_Yaw.pre_yaw                  0x20000148   Data           4  mpu6050.o(.bss.MPU6050_Get_Yaw.pre_yaw)
    [Anonymous Symbol]                       0x20000148   Section        0  mpu6050.o(.bss.MPU6050_Get_Yaw.pre_yaw)
    MPU6050_Get_Yaw.yaw                      0x2000014c   Data           4  mpu6050.o(.bss.MPU6050_Get_Yaw.yaw)
    [Anonymous Symbol]                       0x2000014c   Section        0  mpu6050.o(.bss.MPU6050_Get_Yaw.yaw)
    Main_Menu.cursor_pos                     0x20000150   Data           1  menu.o(.bss.Main_Menu.cursor_pos)
    [Anonymous Symbol]                       0x20000150   Section        0  menu.o(.bss.Main_Menu.cursor_pos)
    Main_Menu.menu_initialized               0x20000151   Data           1  menu.o(.bss.Main_Menu.menu_initialized)
    [Anonymous Symbol]                       0x20000151   Section        0  menu.o(.bss.Main_Menu.menu_initialized)
    Select_Menu.show_calibrated.27           0x20000152   Data           1  menu.o(.bss.Select_Menu.show_calibrated.27)
    [Anonymous Symbol]                       0x20000152   Section        0  menu.o(.bss.Select_Menu.show_calibrated.27)
    first_entry                              0x20000160   Data           1  menu.o(.bss.first_entry)
    [Anonymous Symbol]                       0x20000160   Section        0  menu.o(.bss.first_entry)
    gyro_error                               0x20000174   Data          12  mpu6050.o(.bss.gyro_error)
    [Anonymous Symbol]                       0x20000174   Section        0  mpu6050.o(.bss.gyro_error)
    mpu_pre_time                             0x20000184   Data           4  mpu6050.o(.bss.mpu_pre_time)
    [Anonymous Symbol]                       0x20000184   Section        0  mpu6050.o(.bss.mpu_pre_time)
    us                                       0x200001a0   Data           4  delay.o(.bss.us)
    [Anonymous Symbol]                       0x200001a0   Section        0  delay.o(.bss.us)
    Heap_Mem                                 0x200001a8   Data         512  startup_stm32f10x_md.o(HEAP)
    HEAP                                     0x200001a8   Section      512  startup_stm32f10x_md.o(HEAP)
    Stack_Mem                                0x200003a8   Data        1024  startup_stm32f10x_md.o(STACK)
    STACK                                    0x200003a8   Section     1024  startup_stm32f10x_md.o(STACK)
    __initial_sp                             0x200007a8   Data           0  startup_stm32f10x_md.o(STACK)

    Global Symbols

    Symbol Name                              Value     Ov Type        Size  Object(Section)

    BuildAttributes$$THM_ISAv4$P$D$K$B$S$PE$A:L22UL41UL21$X:L11$S22US41US21$IEEE1$IW$~IW$USESV6$~STKCKD$USESV7$~SHL$OTIME$ROPI$IEEEJ$EBA8$UX$STANDARDLIB$REQ8$PRES8$EABIv2 0x00000000   Number         0  anon$$obj.o ABSOLUTE
    __fp_init_empty                          0x00000000   Number         0  fpinit_empty.o ABSOLUTE
    _printf_flags                            0x00000000   Number         0  printf_stubs.o ABSOLUTE
    _printf_return_value                     0x00000000   Number         0  printf_stubs.o ABSOLUTE
    _printf_sizespec                         0x00000000   Number         0  printf_stubs.o ABSOLUTE
    _printf_widthprec                        0x00000000   Number         0  printf_stubs.o ABSOLUTE
    __ARM_exceptions_init                     - Undefined Weak Reference
    __alloca_initialize                       - Undefined Weak Reference
    __arm_preinit_                            - Undefined Weak Reference
    __cxa_finalize                            - Undefined Weak Reference
    __sigvec_lookup                           - Undefined Weak Reference
    _atexit_init                              - Undefined Weak Reference
    _call_atexit_fns                          - Undefined Weak Reference
    _clock_init                               - Undefined Weak Reference
    _fp_trap_init                             - Undefined Weak Reference
    _fp_trap_shutdown                         - Undefined Weak Reference
    _get_lc_collate                           - Undefined Weak Reference
    _get_lc_ctype                             - Undefined Weak Reference
    _get_lc_monetary                          - Undefined Weak Reference
    _get_lc_time                              - Undefined Weak Reference
    _getenv_init                              - Undefined Weak Reference
    _handle_redirection                       - Undefined Weak Reference
    _init_alloc                               - Undefined Weak Reference
    _init_user_alloc                          - Undefined Weak Reference
    _initio                                   - Undefined Weak Reference
    _printf_post_padding                      - Undefined Weak Reference
    _printf_pre_padding                       - Undefined Weak Reference
    _rand_init                                - Undefined Weak Reference
    _signal_finish                            - Undefined Weak Reference
    _signal_init                              - Undefined Weak Reference
    _terminate_alloc                          - Undefined Weak Reference
    _terminate_user_alloc                     - Undefined Weak Reference
    _terminateio                              - Undefined Weak Reference
    __Vectors_Size                           0x000000ec   Number         0  startup_stm32f10x_md.o ABSOLUTE
    __Vectors                                0x08000000   Data           4  startup_stm32f10x_md.o(RESET)
    __Vectors_End                            0x080000ec   Data           0  startup_stm32f10x_md.o(RESET)
    __main                                   0x080000ed   Thumb Code     8  __main.o(!!!main)
    __scatterload                            0x080000f5   Thumb Code     0  __scatter.o(!!!scatter)
    __scatterload_rt2                        0x080000f5   Thumb Code    44  __scatter.o(!!!scatter)
    __scatterload_rt2_thumb_only             0x080000f5   Thumb Code     0  __scatter.o(!!!scatter)
    __scatterload_null                       0x08000103   Thumb Code     0  __scatter.o(!!!scatter)
    __scatterload_copy                       0x08000129   Thumb Code    26  __scatter_copy.o(!!handler_copy)
    __scatterload_zeroinit                   0x08000145   Thumb Code    28  __scatter_zi.o(!!handler_zi)
    _printf_f                                0x08000161   Thumb Code     0  _printf_f.o(.ARM.Collect$$_printf_percent$$00000003)
    _printf_percent                          0x08000161   Thumb Code     0  _printf_percent.o(.ARM.Collect$$_printf_percent$$00000000)
    _printf_percent_end                      0x08000167   Thumb Code     0  _printf_percent_end.o(.ARM.Collect$$_printf_percent$$00000017)
    __rt_lib_init                            0x0800016b   Thumb Code     0  libinit.o(.ARM.Collect$$libinit$$00000000)
    __rt_lib_init_fp_1                       0x0800016d   Thumb Code     0  libinit2.o(.ARM.Collect$$libinit$$00000002)
    __rt_lib_init_heap_1                     0x0800016d   Thumb Code     0  libinit2.o(.ARM.Collect$$libinit$$0000000A)
    __rt_lib_init_lc_common                  0x0800016d   Thumb Code     0  libinit2.o(.ARM.Collect$$libinit$$0000000F)
    __rt_lib_init_preinit_1                  0x0800016d   Thumb Code     0  libinit2.o(.ARM.Collect$$libinit$$00000004)
    __rt_lib_init_rand_1                     0x0800016d   Thumb Code     0  libinit2.o(.ARM.Collect$$libinit$$0000000E)
    __rt_lib_init_user_alloc_1               0x0800016d   Thumb Code     0  libinit2.o(.ARM.Collect$$libinit$$0000000C)
    __rt_lib_init_lc_collate_1               0x08000173   Thumb Code     0  libinit2.o(.ARM.Collect$$libinit$$00000011)
    __rt_lib_init_lc_ctype_1                 0x08000173   Thumb Code     0  libinit2.o(.ARM.Collect$$libinit$$00000013)
    __rt_lib_init_lc_monetary_1              0x08000173   Thumb Code     0  libinit2.o(.ARM.Collect$$libinit$$00000015)
    __rt_lib_init_lc_numeric_2               0x08000173   Thumb Code     0  libinit2.o(.ARM.Collect$$libinit$$00000016)
    __rt_lib_init_alloca_1                   0x0800017d   Thumb Code     0  libinit2.o(.ARM.Collect$$libinit$$0000002E)
    __rt_lib_init_argv_1                     0x0800017d   Thumb Code     0  libinit2.o(.ARM.Collect$$libinit$$0000002C)
    __rt_lib_init_atexit_1                   0x0800017d   Thumb Code     0  libinit2.o(.ARM.Collect$$libinit$$0000001B)
    __rt_lib_init_clock_1                    0x0800017d   Thumb Code     0  libinit2.o(.ARM.Collect$$libinit$$00000021)
    __rt_lib_init_cpp_2                      0x0800017d   Thumb Code     0  libinit2.o(.ARM.Collect$$libinit$$00000031)
    __rt_lib_init_exceptions_1               0x0800017d   Thumb Code     0  libinit2.o(.ARM.Collect$$libinit$$00000030)
    __rt_lib_init_fp_trap_1                  0x0800017d   Thumb Code     0  libinit2.o(.ARM.Collect$$libinit$$0000001F)
    __rt_lib_init_getenv_1                   0x0800017d   Thumb Code     0  libinit2.o(.ARM.Collect$$libinit$$00000023)
    __rt_lib_init_lc_numeric_1               0x0800017d   Thumb Code     0  libinit2.o(.ARM.Collect$$libinit$$00000017)
    __rt_lib_init_lc_time_1                  0x0800017d   Thumb Code     0  libinit2.o(.ARM.Collect$$libinit$$00000019)
    __rt_lib_init_signal_1                   0x0800017d   Thumb Code     0  libinit2.o(.ARM.Collect$$libinit$$0000001D)
    __rt_lib_init_stdio_1                    0x0800017d   Thumb Code     0  libinit2.o(.ARM.Collect$$libinit$$00000025)
    __rt_lib_init_cpp_1                      0x08000181   Thumb Code     0  libinit2.o(.ARM.Collect$$libinit$$00000032)
    __rt_lib_init_return                     0x08000181   Thumb Code     0  libinit2.o(.ARM.Collect$$libinit$$00000033)
    __rt_lib_shutdown                        0x08000183   Thumb Code     0  libshutdown.o(.ARM.Collect$$libshutdown$$00000000)
    __rt_lib_shutdown_cpp_1                  0x08000185   Thumb Code     0  libshutdown2.o(.ARM.Collect$$libshutdown$$00000002)
    __rt_lib_shutdown_fp_trap_1              0x08000185   Thumb Code     0  libshutdown2.o(.ARM.Collect$$libshutdown$$00000007)
    __rt_lib_shutdown_heap_1                 0x08000185   Thumb Code     0  libshutdown2.o(.ARM.Collect$$libshutdown$$0000000F)
    __rt_lib_shutdown_return                 0x08000185   Thumb Code     0  libshutdown2.o(.ARM.Collect$$libshutdown$$00000010)
    __rt_lib_shutdown_signal_1               0x08000185   Thumb Code     0  libshutdown2.o(.ARM.Collect$$libshutdown$$0000000A)
    __rt_lib_shutdown_stdio_1                0x08000185   Thumb Code     0  libshutdown2.o(.ARM.Collect$$libshutdown$$00000004)
    __rt_lib_shutdown_user_alloc_1           0x08000185   Thumb Code     0  libshutdown2.o(.ARM.Collect$$libshutdown$$0000000C)
    __rt_entry                               0x08000187   Thumb Code     0  __rtentry.o(.ARM.Collect$$rtentry$$00000000)
    __rt_entry_presh_1                       0x08000187   Thumb Code     0  __rtentry2.o(.ARM.Collect$$rtentry$$00000002)
    __rt_entry_sh                            0x08000187   Thumb Code     0  __rtentry4.o(.ARM.Collect$$rtentry$$00000004)
    __rt_entry_li                            0x0800018d   Thumb Code     0  __rtentry2.o(.ARM.Collect$$rtentry$$0000000A)
    __rt_entry_postsh_1                      0x0800018d   Thumb Code     0  __rtentry2.o(.ARM.Collect$$rtentry$$00000009)
    __rt_entry_main                          0x08000191   Thumb Code     0  __rtentry2.o(.ARM.Collect$$rtentry$$0000000D)
    __rt_entry_postli_1                      0x08000191   Thumb Code     0  __rtentry2.o(.ARM.Collect$$rtentry$$0000000C)
    __rt_exit                                0x08000199   Thumb Code     0  rtexit.o(.ARM.Collect$$rtexit$$00000000)
    __rt_exit_ls                             0x0800019b   Thumb Code     0  rtexit2.o(.ARM.Collect$$rtexit$$00000003)
    __rt_exit_prels_1                        0x0800019b   Thumb Code     0  rtexit2.o(.ARM.Collect$$rtexit$$00000002)
    __rt_exit_exit                           0x0800019f   Thumb Code     0  rtexit2.o(.ARM.Collect$$rtexit$$00000004)
    Reset_Handler                            0x080001a5   Thumb Code     8  startup_stm32f10x_md.o(.text)
    NMI_Handler                              0x080001ad   Thumb Code     2  startup_stm32f10x_md.o(.text)
    HardFault_Handler                        0x080001af   Thumb Code     2  startup_stm32f10x_md.o(.text)
    MemManage_Handler                        0x080001b1   Thumb Code     2  startup_stm32f10x_md.o(.text)
    BusFault_Handler                         0x080001b3   Thumb Code     2  startup_stm32f10x_md.o(.text)
    UsageFault_Handler                       0x080001b5   Thumb Code     2  startup_stm32f10x_md.o(.text)
    SVC_Handler                              0x080001b7   Thumb Code     2  startup_stm32f10x_md.o(.text)
    DebugMon_Handler                         0x080001b9   Thumb Code     2  startup_stm32f10x_md.o(.text)
    PendSV_Handler                           0x080001bb   Thumb Code     2  startup_stm32f10x_md.o(.text)
    ADC1_2_IRQHandler                        0x080001bf   Thumb Code     0  startup_stm32f10x_md.o(.text)
    CAN1_RX1_IRQHandler                      0x080001bf   Thumb Code     0  startup_stm32f10x_md.o(.text)
    CAN1_SCE_IRQHandler                      0x080001bf   Thumb Code     0  startup_stm32f10x_md.o(.text)
    EXTI0_IRQHandler                         0x080001bf   Thumb Code     0  startup_stm32f10x_md.o(.text)
    EXTI15_10_IRQHandler                     0x080001bf   Thumb Code     0  startup_stm32f10x_md.o(.text)
    EXTI1_IRQHandler                         0x080001bf   Thumb Code     0  startup_stm32f10x_md.o(.text)
    EXTI2_IRQHandler                         0x080001bf   Thumb Code     0  startup_stm32f10x_md.o(.text)
    EXTI3_IRQHandler                         0x080001bf   Thumb Code     0  startup_stm32f10x_md.o(.text)
    EXTI4_IRQHandler                         0x080001bf   Thumb Code     0  startup_stm32f10x_md.o(.text)
    EXTI9_5_IRQHandler                       0x080001bf   Thumb Code     0  startup_stm32f10x_md.o(.text)
    FLASH_IRQHandler                         0x080001bf   Thumb Code     0  startup_stm32f10x_md.o(.text)
    I2C1_ER_IRQHandler                       0x080001bf   Thumb Code     0  startup_stm32f10x_md.o(.text)
    I2C1_EV_IRQHandler                       0x080001bf   Thumb Code     0  startup_stm32f10x_md.o(.text)
    I2C2_ER_IRQHandler                       0x080001bf   Thumb Code     0  startup_stm32f10x_md.o(.text)
    I2C2_EV_IRQHandler                       0x080001bf   Thumb Code     0  startup_stm32f10x_md.o(.text)
    PVD_IRQHandler                           0x080001bf   Thumb Code     0  startup_stm32f10x_md.o(.text)
    RCC_IRQHandler                           0x080001bf   Thumb Code     0  startup_stm32f10x_md.o(.text)
    RTCAlarm_IRQHandler                      0x080001bf   Thumb Code     0  startup_stm32f10x_md.o(.text)
    RTC_IRQHandler                           0x080001bf   Thumb Code     0  startup_stm32f10x_md.o(.text)
    SPI1_IRQHandler                          0x080001bf   Thumb Code     0  startup_stm32f10x_md.o(.text)
    SPI2_IRQHandler                          0x080001bf   Thumb Code     0  startup_stm32f10x_md.o(.text)
    TAMPER_IRQHandler                        0x080001bf   Thumb Code     0  startup_stm32f10x_md.o(.text)
    TIM1_BRK_IRQHandler                      0x080001bf   Thumb Code     0  startup_stm32f10x_md.o(.text)
    TIM1_CC_IRQHandler                       0x080001bf   Thumb Code     0  startup_stm32f10x_md.o(.text)
    TIM1_TRG_COM_IRQHandler                  0x080001bf   Thumb Code     0  startup_stm32f10x_md.o(.text)
    TIM1_UP_IRQHandler                       0x080001bf   Thumb Code     0  startup_stm32f10x_md.o(.text)
    TIM3_IRQHandler                          0x080001bf   Thumb Code     0  startup_stm32f10x_md.o(.text)
    TIM4_IRQHandler                          0x080001bf   Thumb Code     0  startup_stm32f10x_md.o(.text)
    USART2_IRQHandler                        0x080001bf   Thumb Code     0  startup_stm32f10x_md.o(.text)
    USART3_IRQHandler                        0x080001bf   Thumb Code     0  startup_stm32f10x_md.o(.text)
    USBWakeUp_IRQHandler                     0x080001bf   Thumb Code     0  startup_stm32f10x_md.o(.text)
    USB_HP_CAN1_TX_IRQHandler                0x080001bf   Thumb Code     0  startup_stm32f10x_md.o(.text)
    USB_LP_CAN1_RX0_IRQHandler               0x080001bf   Thumb Code     0  startup_stm32f10x_md.o(.text)
    WWDG_IRQHandler                          0x080001bf   Thumb Code     0  startup_stm32f10x_md.o(.text)
    __user_initial_stackheap                 0x080001c1   Thumb Code     0  startup_stm32f10x_md.o(.text)
    __2sprintf                               0x080001e5   Thumb Code    34  noretval__2sprintf.o(.text)
    __printf                                 0x0800020d   Thumb Code   270  __printf_wp.o(.text)
    __use_two_region_memory                  0x0800031b   Thumb Code     2  heapauxi.o(.text)
    __rt_heap_escrow$2region                 0x0800031d   Thumb Code     2  heapauxi.o(.text)
    __rt_heap_expand$2region                 0x0800031f   Thumb Code     2  heapauxi.o(.text)
    __cpp_initialize__aeabi_                 0x08000321   Thumb Code    28  init_aeabi.o(.text)
    _printf_fp_dec_real                      0x080004f5   Thumb Code   620  _printf_fp_dec.o(.text)
    _printf_char_common                      0x0800076b   Thumb Code    32  _printf_char_common.o(.text)
    _sputc                                   0x08000791   Thumb Code    10  _sputc.o(.text)
    __rt_locale                              0x0800079d   Thumb Code     8  rt_locale_intlibspace.o(.text)
    _ll_udiv10                               0x080007a5   Thumb Code   138  lludiv10.o(.text)
    _printf_fp_infnan                        0x08000831   Thumb Code   112  _printf_fp_infnan.o(.text)
    _btod_etento                             0x080008b1   Thumb Code   224  bigflt0.o(.text)
    __user_libspace                          0x08000995   Thumb Code     8  libspace.o(.text)
    __user_perproc_libspace                  0x08000995   Thumb Code     0  libspace.o(.text)
    __user_perthread_libspace                0x08000995   Thumb Code     0  libspace.o(.text)
    __user_setup_stackheap                   0x0800099d   Thumb Code    74  sys_stackheap_outer.o(.text)
    exit                                     0x080009e7   Thumb Code    18  exit.o(.text)
    strcmp                                   0x080009f9   Thumb Code   128  strcmpv7m.o(.text)
    __I$use$semihosting                      0x08000a79   Thumb Code     0  use_no_semi.o(.text)
    __use_no_semihosting_swi                 0x08000a79   Thumb Code     2  use_no_semi.o(.text)
    __semihosting_library_function           0x08000a7b   Thumb Code     0  indicate_semi.o(.text)
    _sys_exit                                0x08000a7d   Thumb Code     8  sys_exit.o(.text)
    Abs                                      0x08000a89   Thumb Code     6  maths.o(.text.Abs)
    Button_Init                              0x08000a91   Thumb Code    52  button.o(.text.Button_Init)
    Button_Read                              0x08000ac5   Thumb Code    24  button.o(.text.Button_Read)
    Check_Long_Press                         0x08000add   Thumb Code    38  menu.o(.text.Check_Long_Press)
    Check_Status                             0x08000b05   Thumb Code   224  menu.o(.text.Check_Status)
    DMA1_Channel1_Event                      0x08000be5   Thumb Code     2  dma_stm32f10x.o(.text.DMA1_Channel1_Event)
    DMA1_Channel1_IRQHandler                 0x08000be9   Thumb Code    22  dma_stm32f10x.o(.text.DMA1_Channel1_IRQHandler)
    DMA1_Channel2_Event                      0x08000c01   Thumb Code     2  dma_stm32f10x.o(.text.DMA1_Channel2_Event)
    DMA1_Channel2_IRQHandler                 0x08000c05   Thumb Code    24  dma_stm32f10x.o(.text.DMA1_Channel2_IRQHandler)
    DMA1_Channel3_Event                      0x08000c1d   Thumb Code     2  dma_stm32f10x.o(.text.DMA1_Channel3_Event)
    DMA1_Channel3_IRQHandler                 0x08000c21   Thumb Code    24  dma_stm32f10x.o(.text.DMA1_Channel3_IRQHandler)
    DMA1_Channel4_Event                      0x08000c39   Thumb Code     2  dma_stm32f10x.o(.text.DMA1_Channel4_Event)
    DMA1_Channel4_IRQHandler                 0x08000c3d   Thumb Code    24  dma_stm32f10x.o(.text.DMA1_Channel4_IRQHandler)
    DMA1_Channel5_Event                      0x08000c55   Thumb Code     2  dma_stm32f10x.o(.text.DMA1_Channel5_Event)
    DMA1_Channel5_IRQHandler                 0x08000c59   Thumb Code    24  dma_stm32f10x.o(.text.DMA1_Channel5_IRQHandler)
    DMA1_Channel6_Event                      0x08000c71   Thumb Code     2  dma_stm32f10x.o(.text.DMA1_Channel6_Event)
    DMA1_Channel6_IRQHandler                 0x08000c75   Thumb Code    24  dma_stm32f10x.o(.text.DMA1_Channel6_IRQHandler)
    DMA1_Channel7_Event                      0x08000c8d   Thumb Code     2  dma_stm32f10x.o(.text.DMA1_Channel7_Event)
    DMA1_Channel7_IRQHandler                 0x08000c91   Thumb Code    24  dma_stm32f10x.o(.text.DMA1_Channel7_IRQHandler)
    Delay_Init                               0x08000ca9   Thumb Code    36  delay.o(.text.Delay_Init)
    GPIO_Init                                0x08000ccd   Thumb Code   176  stm32f10x_gpio.o(.text.GPIO_Init)
    GPIO_PinRemapConfig                      0x08000d7d   Thumb Code   116  stm32f10x_gpio.o(.text.GPIO_PinRemapConfig)
    GPIO_ReadInputDataBit                    0x08000df1   Thumb Code    10  stm32f10x_gpio.o(.text.GPIO_ReadInputDataBit)
    GPIO_ReadOutputDataBit                   0x08000dfd   Thumb Code    10  stm32f10x_gpio.o(.text.GPIO_ReadOutputDataBit)
    GPIO_ResetBits                           0x08000e09   Thumb Code     4  stm32f10x_gpio.o(.text.GPIO_ResetBits)
    GPIO_SetBits                             0x08000e0d   Thumb Code     4  stm32f10x_gpio.o(.text.GPIO_SetBits)
    Handle_Calibration_Navigation            0x08000e11   Thumb Code    68  menu.o(.text.Handle_Calibration_Navigation)
    I2C_AcknowledgeConfig                    0x08000e55   Thumb Code    18  stm32f10x_i2c.o(.text.I2C_AcknowledgeConfig)
    I2C_CheckEvent                           0x08000e69   Thumb Code    22  stm32f10x_i2c.o(.text.I2C_CheckEvent)
    I2C_Cmd                                  0x08000e81   Thumb Code    18  stm32f10x_i2c.o(.text.I2C_Cmd)
    I2C_GenerateSTART                        0x08000e95   Thumb Code    18  stm32f10x_i2c.o(.text.I2C_GenerateSTART)
    I2C_GenerateSTOP                         0x08000ea9   Thumb Code    18  stm32f10x_i2c.o(.text.I2C_GenerateSTOP)
    I2C_GetFlagStatus                        0x08000ebd   Thumb Code    48  stm32f10x_i2c.o(.text.I2C_GetFlagStatus)
    I2C_Init                                 0x08000eed   Thumb Code   204  stm32f10x_i2c.o(.text.I2C_Init)
    I2C_ReceiveData                          0x08000fb9   Thumb Code     6  stm32f10x_i2c.o(.text.I2C_ReceiveData)
    I2C_Send7bitAddress                      0x08000fc1   Thumb Code    16  stm32f10x_i2c.o(.text.I2C_Send7bitAddress)
    I2C_SendData                             0x08000fd1   Thumb Code     4  stm32f10x_i2c.o(.text.I2C_SendData)
    IIC_GPIO_Init                            0x08000fd5   Thumb Code    62  i2c.o(.text.IIC_GPIO_Init)
    IIC_Start                                0x08001015   Thumb Code    52  i2c.o(.text.IIC_Start)
    IIC_Stop                                 0x08001049   Thumb Code    42  i2c.o(.text.IIC_Stop)
    IIC_Wait_Ack                             0x08001075   Thumb Code    72  i2c.o(.text.IIC_Wait_Ack)
    Init                                     0x080010bd   Thumb Code    56  main.o(.text.Init)
    Led_Debug                                0x080010f5   Thumb Code    40  debug.o(.text.Led_Debug)
    MPU6050_Get_AccelGyro                    0x0800111d   Thumb Code   280  mpu6050.o(.text.MPU6050_Get_AccelGyro)
    MPU6050_Get_Yaw                          0x08001235   Thumb Code   334  mpu6050.o(.text.MPU6050_Get_Yaw)
    MPU6050_Init                             0x08001385   Thumb Code    74  mpu6050.o(.text.MPU6050_Init)
    MPU6050_Set_FullScaleAccel               0x080013d1   Thumb Code    56  mpu6050.o(.text.MPU6050_Set_FullScaleAccel)
    MPU6050_Set_FullScaleGyro                0x08001409   Thumb Code    58  mpu6050.o(.text.MPU6050_Set_FullScaleGyro)
    MPU6050_Set_GyroError                    0x08001445   Thumb Code   150  mpu6050.o(.text.MPU6050_Set_GyroError)
    Main_Menu                                0x080014dd   Thumb Code   296  menu.o(.text.Main_Menu)
    OLED_Clear                               0x08001605   Thumb Code    66  oled.o(.text.OLED_Clear)
    OLED_ClearArea                           0x08001649   Thumb Code    54  menu.o(.text.OLED_ClearArea)
    OLED_Init                                0x08001681   Thumb Code   250  oled.o(.text.OLED_Init)
    OLED_Set_Pos                             0x0800177d   Thumb Code    38  oled.o(.text.OLED_Set_Pos)
    OLED_ShowChar                            0x080017a5   Thumb Code    62  oled.o(.text.OLED_ShowChar)
    OLED_ShowFloat                           0x080017e5   Thumb Code   308  oled.o(.text.OLED_ShowFloat)
    OLED_ShowNum                             0x08001919   Thumb Code   110  oled.o(.text.OLED_ShowNum)
    OLED_ShowString                          0x08001989   Thumb Code    54  oled.o(.text.OLED_ShowString)
    OLED_WR_Byte                             0x080019c1   Thumb Code    16  oled.o(.text.OLED_WR_Byte)
    RCC_APB1PeriphClockCmd                   0x080019d1   Thumb Code    24  stm32f10x_rcc.o(.text.RCC_APB1PeriphClockCmd)
    RCC_APB2PeriphClockCmd                   0x080019e9   Thumb Code    24  stm32f10x_rcc.o(.text.RCC_APB2PeriphClockCmd)
    RCC_GetClocksFreq                        0x08001a01   Thumb Code   160  stm32f10x_rcc.o(.text.RCC_GetClocksFreq)
    Reset_Status                             0x08001aa1   Thumb Code    16  menu.o(.text.Reset_Status)
    Select_Menu                              0x08001ab1   Thumb Code  2580  menu.o(.text.Select_Menu)
    SysTick_Handler                          0x080025b1   Thumb Code    16  delay.o(.text.SysTick_Handler)
    SystemCoreClockUpdate                    0x080025c1   Thumb Code   110  system_stm32f10x.o(.text.SystemCoreClockUpdate)
    SystemInit                               0x08002631   Thumb Code    86  system_stm32f10x.o(.text.SystemInit)
    TIM2_IRQHandler                          0x08002689   Thumb Code   168  irsensor.o(.text.TIM2_IRQHandler)
    TIM_ClearITPendingBit                    0x08002731   Thumb Code     6  stm32f10x_tim.o(.text.TIM_ClearITPendingBit)
    UART1_ReceiveData                        0x08002739   Thumb Code   164  uart.o(.text.UART1_ReceiveData)
    UART1_SendNum                            0x080027dd   Thumb Code    44  uart.o(.text.UART1_SendNum)
    UART1_SendNumLn                          0x08002809   Thumb Code    44  uart.o(.text.UART1_SendNumLn)
    UART1_SendString                         0x08002835   Thumb Code    44  uart.o(.text.UART1_SendString)
    UART1_init                               0x08002861   Thumb Code   134  uart.o(.text.UART1_init)
    USART1_IRQHandler                        0x080028e9   Thumb Code    84  uart.o(.text.USART1_IRQHandler)
    USART_Cmd                                0x0800293d   Thumb Code    18  stm32f10x_usart.o(.text.USART_Cmd)
    USART_GetFlagStatus                      0x08002951   Thumb Code    10  stm32f10x_usart.o(.text.USART_GetFlagStatus)
    USART_GetITStatus                        0x0800295d   Thumb Code    58  stm32f10x_usart.o(.text.USART_GetITStatus)
    USART_ITConfig                           0x08002999   Thumb Code    46  stm32f10x_usart.o(.text.USART_ITConfig)
    USART_Init                               0x080029c9   Thumb Code   178  stm32f10x_usart.o(.text.USART_Init)
    USART_SendData                           0x08002a7d   Thumb Code     8  stm32f10x_usart.o(.text.USART_SendData)
    Update_Led                               0x08002a85   Thumb Code   252  menu.o(.text.Update_Led)
    Update_MPU                               0x08002b81   Thumb Code   132  menu.o(.text.Update_MPU)
    Write_IIC_Byte                           0x08002c05   Thumb Code    96  i2c.o(.text.Write_IIC_Byte)
    Write_IIC_Command                        0x08002c65   Thumb Code    32  i2c.o(.text.Write_IIC_Command)
    Write_IIC_Data                           0x08002c85   Thumb Code    32  i2c.o(.text.Write_IIC_Data)
    delay_ms                                 0x08002cb5   Thumb Code    24  delay.o(.text.delay_ms)
    get_value                                0x08002ccd   Thumb Code    70  menu.o(.text.get_value)
    i2c_address_direction                    0x08002d15   Thumb Code    96  i2c_2.o(.text.i2c_address_direction)
    i2c_init                                 0x08002d75   Thumb Code   100  i2c_2.o(.text.i2c_init)
    i2c_read_multi_with_reg                  0x08002dd9   Thumb Code    78  i2c_2.o(.text.i2c_read_multi_with_reg)
    i2c_receive_ack                          0x08002e29   Thumb Code    54  i2c_2.o(.text.i2c_receive_ack)
    i2c_receive_nack                         0x08002e61   Thumb Code    58  i2c_2.o(.text.i2c_receive_nack)
    i2c_start                                0x08002e9d   Thumb Code    80  i2c_2.o(.text.i2c_start)
    i2c_stop                                 0x08002eed   Thumb Code    18  i2c_2.o(.text.i2c_stop)
    i2c_transmit                             0x08002f01   Thumb Code    52  i2c_2.o(.text.i2c_transmit)
    i2c_write_with_reg                       0x08002f35   Thumb Code    40  i2c_2.o(.text.i2c_write_with_reg)
    main                                     0x08002f5d   Thumb Code    14  main.o(.text.main)
    micros                                   0x08002f6d   Thumb Code    12  delay.o(.text.micros)
    millis                                   0x08002f79   Thumb Code    26  delay.o(.text.millis)
    off                                      0x08002f95   Thumb Code    20  debug.o(.text.off)
    on                                       0x08002fa9   Thumb Code    20  debug.o(.text.on)
    _btod_d2e                                0x08002fbd   Thumb Code    62  btod.o(CL$$btod_d2e)
    _d2e_denorm_low                          0x08002ffb   Thumb Code    70  btod.o(CL$$btod_d2e_denorm_low)
    _d2e_norm_op1                            0x08003041   Thumb Code    96  btod.o(CL$$btod_d2e_norm_op1)
    __btod_div_common                        0x080030a1   Thumb Code   696  btod.o(CL$$btod_div_common)
    _e2e                                     0x080033d9   Thumb Code   220  btod.o(CL$$btod_e2e)
    _btod_ediv                               0x080034b5   Thumb Code    42  btod.o(CL$$btod_ediv)
    _btod_emul                               0x080034df   Thumb Code    42  btod.o(CL$$btod_emul)
    __btod_mult_common                       0x08003509   Thumb Code   580  btod.o(CL$$btod_mult_common)
    __ARM_fpclassify                         0x0800374d   Thumb Code    40  fpclassify.o(i.__ARM_fpclassify)
    _is_digit                                0x08003775   Thumb Code    14  __printf_wp.o(i._is_digit)
    _get_lc_numeric                          0x08003785   Thumb Code    44  lc_numeric_c.o(locale$$code)
    __aeabi_d2f                              0x080037b1   Thumb Code     0  d2f.o(x$fpl$d2f)
    _d2f                                     0x080037b1   Thumb Code    98  d2f.o(x$fpl$d2f)
    __aeabi_dadd                             0x08003815   Thumb Code     0  daddsub_clz.o(x$fpl$dadd)
    _dadd                                    0x08003815   Thumb Code   332  daddsub_clz.o(x$fpl$dadd)
    __aeabi_ddiv                             0x08003965   Thumb Code     0  ddiv.o(x$fpl$ddiv)
    _ddiv                                    0x08003965   Thumb Code   552  ddiv.o(x$fpl$ddiv)
    __aeabi_d2iz                             0x08003c15   Thumb Code     0  dfix.o(x$fpl$dfix)
    _dfix                                    0x08003c15   Thumb Code    94  dfix.o(x$fpl$dfix)
    __aeabi_dmul                             0x08003c75   Thumb Code     0  dmul.o(x$fpl$dmul)
    _dmul                                    0x08003c75   Thumb Code   332  dmul.o(x$fpl$dmul)
    __fpl_dnaninf                            0x08003dc9   Thumb Code   156  dnaninf.o(x$fpl$dnaninf)
    __fpl_dretinf                            0x08003e65   Thumb Code    12  dretinf.o(x$fpl$dretinf)
    __aeabi_dsub                             0x08003e71   Thumb Code     0  daddsub_clz.o(x$fpl$dsub)
    _dsub                                    0x08003e71   Thumb Code   464  daddsub_clz.o(x$fpl$dsub)
    __aeabi_f2d                              0x08004045   Thumb Code     0  f2d.o(x$fpl$f2d)
    _f2d                                     0x08004045   Thumb Code    86  f2d.o(x$fpl$f2d)
    __aeabi_fadd                             0x0800409d   Thumb Code     0  faddsub_clz.o(x$fpl$fadd)
    _fadd                                    0x0800409d   Thumb Code   196  faddsub_clz.o(x$fpl$fadd)
    __aeabi_fcmpeq                           0x08004161   Thumb Code     0  fcmp.o(x$fpl$fcmp)
    _feq                                     0x08004161   Thumb Code    14  fcmp.o(x$fpl$fcmp)
    _fneq                                    0x0800416f   Thumb Code    14  fcmp.o(x$fpl$fcmp)
    __aeabi_fcmpgt                           0x0800417d   Thumb Code     0  fcmp.o(x$fpl$fcmp)
    _fgr                                     0x0800417d   Thumb Code    14  fcmp.o(x$fpl$fcmp)
    __aeabi_fcmpge                           0x0800418b   Thumb Code     0  fcmp.o(x$fpl$fcmp)
    _fgeq                                    0x0800418b   Thumb Code    14  fcmp.o(x$fpl$fcmp)
    __aeabi_fcmple                           0x08004199   Thumb Code     0  fcmp.o(x$fpl$fcmp)
    _fleq                                    0x08004199   Thumb Code    14  fcmp.o(x$fpl$fcmp)
    __aeabi_fcmplt                           0x080041a7   Thumb Code     0  fcmp.o(x$fpl$fcmp)
    _fls                                     0x080041a7   Thumb Code    14  fcmp.o(x$fpl$fcmp)
    __fpl_fcmp_Inf                           0x080041b5   Thumb Code    24  fcmpi.o(x$fpl$fcmpinf)
    __aeabi_fdiv                             0x080041cd   Thumb Code     0  fdiv.o(x$fpl$fdiv)
    _fdiv                                    0x080041cd   Thumb Code   384  fdiv.o(x$fpl$fdiv)
    __aeabi_cfcmpeq                          0x08004351   Thumb Code     0  feqf.o(x$fpl$feqf)
    _fcmpeq                                  0x08004351   Thumb Code   104  feqf.o(x$fpl$feqf)
    __aeabi_f2iz                             0x080043b9   Thumb Code     0  ffix.o(x$fpl$ffix)
    _ffix                                    0x080043b9   Thumb Code    54  ffix.o(x$fpl$ffix)
    __aeabi_i2f                              0x080043f1   Thumb Code     0  fflt_clz.o(x$fpl$fflt)
    _fflt                                    0x080043f1   Thumb Code    48  fflt_clz.o(x$fpl$fflt)
    __aeabi_ui2f                             0x08004421   Thumb Code     0  fflt_clz.o(x$fpl$ffltu)
    _ffltu                                   0x08004421   Thumb Code    38  fflt_clz.o(x$fpl$ffltu)
    _fcmpge                                  0x08004449   Thumb Code   104  fgeqf.o(x$fpl$fgeqf)
    __aeabi_cfcmple                          0x080044b1   Thumb Code     0  fleqf.o(x$fpl$fleqf)
    _fcmple                                  0x080044b1   Thumb Code   104  fleqf.o(x$fpl$fleqf)
    __fpl_fcmple_InfNaN                      0x08004503   Thumb Code     0  fleqf.o(x$fpl$fleqf)
    __aeabi_fmul                             0x08004519   Thumb Code     0  fmul.o(x$fpl$fmul)
    _fmul                                    0x08004519   Thumb Code   258  fmul.o(x$fpl$fmul)
    __fpl_fnaninf                            0x0800461b   Thumb Code   140  fnaninf.o(x$fpl$fnaninf)
    __fpl_fretinf                            0x080046a7   Thumb Code    10  fretinf.o(x$fpl$fretinf)
    __aeabi_fsub                             0x080046b1   Thumb Code     0  faddsub_clz.o(x$fpl$fsub)
    _fsub                                    0x080046b1   Thumb Code   234  faddsub_clz.o(x$fpl$fsub)
    _printf_fp_dec                           0x0800479b   Thumb Code     4  printf1.o(x$fpl$printf1)
    __I$use$fp                               0x0800479e   Number         0  usenofp.o(x$fpl$usenofp)
    AHBPrescTable                            0x08004838   Data          16  system_stm32f10x.o(.rodata.AHBPrescTable)
    F6x8                                     0x08004858   Data         552  oled.o(.rodata.F6x8)
    Region$$Table$$Base                      0x08004ae8   Number         0  anon$$obj.o(Region$$Table)
    Region$$Table$$Limit                     0x08004b08   Number         0  anon$$obj.o(Region$$Table)
    SHT$$INIT_ARRAY$$Base                    0x08004b24   Number         0  delay.o(.init_array)
    SHT$$INIT_ARRAY$$Limit                   0x08004b28   Number         0  init_aeabi.o(.init_array)
    I2C                                      0x20000008   Data          12  i2c_2.o(.data.I2C)
    MPU6050                                  0x20000014   Data          20  mpu6050.o(.data.MPU6050)
    SystemCoreClock                          0x2000002c   Data           4  system_stm32f10x.o(.data.SystemCoreClock)
    UART                                     0x20000030   Data          20  uart.o(.data.UART)
    UARTx_dataReceived                       0x20000044   Data         100  uart.o(.data.UARTx_dataReceived)
    __libspace_start                         0x200000b8   Data          96  libspace.o(.bss)
    __temporary_stack_top$libspace           0x20000118   Data           0  libspace.o(.bss)
    IRSensor_data                            0x20000124   Data          12  irsensor.o(.bss.IRSensor_data)
    calibrated_angle                         0x20000154   Data           4  menu.o(.bss.calibrated_angle)
    calibrated_leds                          0x20000158   Data           8  menu.o(.bss.calibrated_leds)
    flag                                     0x20000161   Data           1  debug.o(.bss.flag)
    flag_stt                                 0x20000162   Data           3  menu.o(.bss.flag_stt)
    g_angle                                  0x20000168   Data           4  menu.o(.bss.g_angle)
    g_value_1                                0x2000016c   Data           2  menu.o(.bss.g_value_1)
    g_value_2                                0x2000016e   Data           2  menu.o(.bss.g_value_2)
    g_value_3                                0x20000170   Data           2  menu.o(.bss.g_value_3)
    g_value_4                                0x20000172   Data           2  menu.o(.bss.g_value_4)
    id                                       0x20000180   Data           1  uart.o(.bss.id)
    index                                    0x20000181   Data           1  irsensor.o(.bss.index)
    rx_flag                                  0x20000188   Data           1  uart.o(.bss.rx_flag)
    stt_1                                    0x2000018a   Data           2  menu.o(.bss.stt_1)
    stt_2                                    0x2000018c   Data           2  menu.o(.bss.stt_2)
    stt_3                                    0x2000018e   Data           2  menu.o(.bss.stt_3)
    temp_data                                0x20000190   Data          12  irsensor.o(.bss.temp_data)
    timeout                                  0x2000019c   Data           1  uart.o(.bss.timeout)



==============================================================================

Memory Map of the image

  Image Entry point : 0x080000ed

  Load Region LR_IROM1 (Base: 0x08000000, Size: 0x00004be0, Max: 0x00010000, ABSOLUTE)

    Execution Region ER_IROM1 (Exec base: 0x08000000, Load base: 0x08000000, Size: 0x00004b28, Max: 0x00010000, ABSOLUTE)

    Exec Addr    Load Addr    Size         Type   Attr      Idx    E Section Name        Object

    0x08000000   0x08000000   0x000000ec   Data   RO          954    RESET               startup_stm32f10x_md.o
    0x080000ec   0x080000ec   0x00000008   Code   RO         1013  * !!!main             c_w.l(__main.o)
    0x080000f4   0x080000f4   0x00000034   Code   RO         1317    !!!scatter          c_w.l(__scatter.o)
    0x08000128   0x08000128   0x0000001a   Code   RO         1319    !!handler_copy      c_w.l(__scatter_copy.o)
    0x08000142   0x08000142   0x00000002   PAD
    0x08000144   0x08000144   0x0000001c   Code   RO         1321    !!handler_zi        c_w.l(__scatter_zi.o)
    0x08000160   0x08000160   0x00000000   Code   RO         1008    .ARM.Collect$$_printf_percent$$00000000  c_w.l(_printf_percent.o)
    0x08000160   0x08000160   0x00000006   Code   RO         1007    .ARM.Collect$$_printf_percent$$00000003  c_w.l(_printf_f.o)
    0x08000166   0x08000166   0x00000004   Code   RO         1080    .ARM.Collect$$_printf_percent$$00000017  c_w.l(_printf_percent_end.o)
    0x0800016a   0x0800016a   0x00000002   Code   RO         1235    .ARM.Collect$$libinit$$00000000  c_w.l(libinit.o)
    0x0800016c   0x0800016c   0x00000000   Code   RO         1082    .ARM.Collect$$libinit$$00000002  c_w.l(libinit2.o)
    0x0800016c   0x0800016c   0x00000000   Code   RO         1084    .ARM.Collect$$libinit$$00000004  c_w.l(libinit2.o)
    0x0800016c   0x0800016c   0x00000000   Code   RO         1087    .ARM.Collect$$libinit$$0000000A  c_w.l(libinit2.o)
    0x0800016c   0x0800016c   0x00000000   Code   RO         1089    .ARM.Collect$$libinit$$0000000C  c_w.l(libinit2.o)
    0x0800016c   0x0800016c   0x00000000   Code   RO         1091    .ARM.Collect$$libinit$$0000000E  c_w.l(libinit2.o)
    0x0800016c   0x0800016c   0x00000006   Code   RO         1092    .ARM.Collect$$libinit$$0000000F  c_w.l(libinit2.o)
    0x08000172   0x08000172   0x00000000   Code   RO         1094    .ARM.Collect$$libinit$$00000011  c_w.l(libinit2.o)
    0x08000172   0x08000172   0x00000000   Code   RO         1096    .ARM.Collect$$libinit$$00000013  c_w.l(libinit2.o)
    0x08000172   0x08000172   0x00000000   Code   RO         1098    .ARM.Collect$$libinit$$00000015  c_w.l(libinit2.o)
    0x08000172   0x08000172   0x0000000a   Code   RO         1099    .ARM.Collect$$libinit$$00000016  c_w.l(libinit2.o)
    0x0800017c   0x0800017c   0x00000000   Code   RO         1100    .ARM.Collect$$libinit$$00000017  c_w.l(libinit2.o)
    0x0800017c   0x0800017c   0x00000000   Code   RO         1102    .ARM.Collect$$libinit$$00000019  c_w.l(libinit2.o)
    0x0800017c   0x0800017c   0x00000000   Code   RO         1104    .ARM.Collect$$libinit$$0000001B  c_w.l(libinit2.o)
    0x0800017c   0x0800017c   0x00000000   Code   RO         1106    .ARM.Collect$$libinit$$0000001D  c_w.l(libinit2.o)
    0x0800017c   0x0800017c   0x00000000   Code   RO         1108    .ARM.Collect$$libinit$$0000001F  c_w.l(libinit2.o)
    0x0800017c   0x0800017c   0x00000000   Code   RO         1110    .ARM.Collect$$libinit$$00000021  c_w.l(libinit2.o)
    0x0800017c   0x0800017c   0x00000000   Code   RO         1112    .ARM.Collect$$libinit$$00000023  c_w.l(libinit2.o)
    0x0800017c   0x0800017c   0x00000000   Code   RO         1114    .ARM.Collect$$libinit$$00000025  c_w.l(libinit2.o)
    0x0800017c   0x0800017c   0x00000000   Code   RO         1118    .ARM.Collect$$libinit$$0000002C  c_w.l(libinit2.o)
    0x0800017c   0x0800017c   0x00000000   Code   RO         1120    .ARM.Collect$$libinit$$0000002E  c_w.l(libinit2.o)
    0x0800017c   0x0800017c   0x00000000   Code   RO         1122    .ARM.Collect$$libinit$$00000030  c_w.l(libinit2.o)
    0x0800017c   0x0800017c   0x00000004   Code   RO         1123    .ARM.Collect$$libinit$$00000031  c_w.l(libinit2.o)
    0x08000180   0x08000180   0x00000000   Code   RO         1124    .ARM.Collect$$libinit$$00000032  c_w.l(libinit2.o)
    0x08000180   0x08000180   0x00000002   Code   RO         1125    .ARM.Collect$$libinit$$00000033  c_w.l(libinit2.o)
    0x08000182   0x08000182   0x00000002   Code   RO         1276    .ARM.Collect$$libshutdown$$00000000  c_w.l(libshutdown.o)
    0x08000184   0x08000184   0x00000000   Code   RO         1284    .ARM.Collect$$libshutdown$$00000002  c_w.l(libshutdown2.o)
    0x08000184   0x08000184   0x00000000   Code   RO         1286    .ARM.Collect$$libshutdown$$00000004  c_w.l(libshutdown2.o)
    0x08000184   0x08000184   0x00000000   Code   RO         1289    .ARM.Collect$$libshutdown$$00000007  c_w.l(libshutdown2.o)
    0x08000184   0x08000184   0x00000000   Code   RO         1292    .ARM.Collect$$libshutdown$$0000000A  c_w.l(libshutdown2.o)
    0x08000184   0x08000184   0x00000000   Code   RO         1294    .ARM.Collect$$libshutdown$$0000000C  c_w.l(libshutdown2.o)
    0x08000184   0x08000184   0x00000000   Code   RO         1297    .ARM.Collect$$libshutdown$$0000000F  c_w.l(libshutdown2.o)
    0x08000184   0x08000184   0x00000002   Code   RO         1298    .ARM.Collect$$libshutdown$$00000010  c_w.l(libshutdown2.o)
    0x08000186   0x08000186   0x00000000   Code   RO         1071    .ARM.Collect$$rtentry$$00000000  c_w.l(__rtentry.o)
    0x08000186   0x08000186   0x00000000   Code   RO         1150    .ARM.Collect$$rtentry$$00000002  c_w.l(__rtentry2.o)
    0x08000186   0x08000186   0x00000006   Code   RO         1162    .ARM.Collect$$rtentry$$00000004  c_w.l(__rtentry4.o)
    0x0800018c   0x0800018c   0x00000000   Code   RO         1152    .ARM.Collect$$rtentry$$00000009  c_w.l(__rtentry2.o)
    0x0800018c   0x0800018c   0x00000004   Code   RO         1153    .ARM.Collect$$rtentry$$0000000A  c_w.l(__rtentry2.o)
    0x08000190   0x08000190   0x00000000   Code   RO         1155    .ARM.Collect$$rtentry$$0000000C  c_w.l(__rtentry2.o)
    0x08000190   0x08000190   0x00000008   Code   RO         1156    .ARM.Collect$$rtentry$$0000000D  c_w.l(__rtentry2.o)
    0x08000198   0x08000198   0x00000002   Code   RO         1240    .ARM.Collect$$rtexit$$00000000  c_w.l(rtexit.o)
    0x0800019a   0x0800019a   0x00000000   Code   RO         1254    .ARM.Collect$$rtexit$$00000002  c_w.l(rtexit2.o)
    0x0800019a   0x0800019a   0x00000004   Code   RO         1255    .ARM.Collect$$rtexit$$00000003  c_w.l(rtexit2.o)
    0x0800019e   0x0800019e   0x00000006   Code   RO         1256    .ARM.Collect$$rtexit$$00000004  c_w.l(rtexit2.o)
    0x080001a4   0x080001a4   0x00000040   Code   RO          955    .text               startup_stm32f10x_md.o
    0x080001e4   0x080001e4   0x00000028   Code   RO          983    .text               c_w.l(noretval__2sprintf.o)
    0x0800020c   0x0800020c   0x0000010e   Code   RO          995    .text               c_w.l(__printf_wp.o)
    0x0800031a   0x0800031a   0x00000006   Code   RO         1011    .text               c_w.l(heapauxi.o)
    0x08000320   0x08000320   0x00000024   Code   RO         1018    .text               c_w.l(init_aeabi.o)
    0x08000344   0x08000344   0x0000041c   Code   RO         1072    .text               c_w.l(_printf_fp_dec.o)
    0x08000760   0x08000760   0x00000030   Code   RO         1076    .text               c_w.l(_printf_char_common.o)
    0x08000790   0x08000790   0x0000000a   Code   RO         1078    .text               c_w.l(_sputc.o)
    0x0800079a   0x0800079a   0x00000002   PAD
    0x0800079c   0x0800079c   0x00000008   Code   RO         1167    .text               c_w.l(rt_locale_intlibspace.o)
    0x080007a4   0x080007a4   0x0000008a   Code   RO         1169    .text               c_w.l(lludiv10.o)
    0x0800082e   0x0800082e   0x00000002   PAD
    0x08000830   0x08000830   0x00000080   Code   RO         1171    .text               c_w.l(_printf_fp_infnan.o)
    0x080008b0   0x080008b0   0x000000e4   Code   RO         1175    .text               c_w.l(bigflt0.o)
    0x08000994   0x08000994   0x00000008   Code   RO         1215    .text               c_w.l(libspace.o)
    0x0800099c   0x0800099c   0x0000004a   Code   RO         1218    .text               c_w.l(sys_stackheap_outer.o)
    0x080009e6   0x080009e6   0x00000012   Code   RO         1222    .text               c_w.l(exit.o)
    0x080009f8   0x080009f8   0x00000080   Code   RO         1224    .text               c_w.l(strcmpv7m.o)
    0x08000a78   0x08000a78   0x00000002   Code   RO         1250    .text               c_w.l(use_no_semi.o)
    0x08000a7a   0x08000a7a   0x00000000   Code   RO         1252    .text               c_w.l(indicate_semi.o)
    0x08000a7a   0x08000a7a   0x00000002   PAD
    0x08000a7c   0x08000a7c   0x0000000c   Code   RO         1266    .text               c_w.l(sys_exit.o)
    0x08000a88   0x08000a88   0x00000006   Code   RO           52    .text.Abs           maths.o
    0x08000a8e   0x08000a8e   0x00000002   PAD
    0x08000a90   0x08000a90   0x00000034   Code   RO           90    .text.Button_Init   button.o
    0x08000ac4   0x08000ac4   0x00000018   Code   RO           92    .text.Button_Read   button.o
    0x08000adc   0x08000adc   0x00000026   Code   RO          131    .text.Check_Long_Press  menu.o
    0x08000b02   0x08000b02   0x00000002   PAD
    0x08000b04   0x08000b04   0x000000e0   Code   RO          121    .text.Check_Status  menu.o
    0x08000be4   0x08000be4   0x00000002   Code   RO          916    .text.DMA1_Channel1_Event  dma_stm32f10x.o
    0x08000be6   0x08000be6   0x00000002   PAD
    0x08000be8   0x08000be8   0x00000016   Code   RO          930    .text.DMA1_Channel1_IRQHandler  dma_stm32f10x.o
    0x08000bfe   0x08000bfe   0x00000002   PAD
    0x08000c00   0x08000c00   0x00000002   Code   RO          918    .text.DMA1_Channel2_Event  dma_stm32f10x.o
    0x08000c02   0x08000c02   0x00000002   PAD
    0x08000c04   0x08000c04   0x00000018   Code   RO          932    .text.DMA1_Channel2_IRQHandler  dma_stm32f10x.o
    0x08000c1c   0x08000c1c   0x00000002   Code   RO          920    .text.DMA1_Channel3_Event  dma_stm32f10x.o
    0x08000c1e   0x08000c1e   0x00000002   PAD
    0x08000c20   0x08000c20   0x00000018   Code   RO          934    .text.DMA1_Channel3_IRQHandler  dma_stm32f10x.o
    0x08000c38   0x08000c38   0x00000002   Code   RO          922    .text.DMA1_Channel4_Event  dma_stm32f10x.o
    0x08000c3a   0x08000c3a   0x00000002   PAD
    0x08000c3c   0x08000c3c   0x00000018   Code   RO          936    .text.DMA1_Channel4_IRQHandler  dma_stm32f10x.o
    0x08000c54   0x08000c54   0x00000002   Code   RO          924    .text.DMA1_Channel5_Event  dma_stm32f10x.o
    0x08000c56   0x08000c56   0x00000002   PAD
    0x08000c58   0x08000c58   0x00000018   Code   RO          938    .text.DMA1_Channel5_IRQHandler  dma_stm32f10x.o
    0x08000c70   0x08000c70   0x00000002   Code   RO          926    .text.DMA1_Channel6_Event  dma_stm32f10x.o
    0x08000c72   0x08000c72   0x00000002   PAD
    0x08000c74   0x08000c74   0x00000018   Code   RO          940    .text.DMA1_Channel6_IRQHandler  dma_stm32f10x.o
    0x08000c8c   0x08000c8c   0x00000002   Code   RO          928    .text.DMA1_Channel7_Event  dma_stm32f10x.o
    0x08000c8e   0x08000c8e   0x00000002   PAD
    0x08000c90   0x08000c90   0x00000018   Code   RO          942    .text.DMA1_Channel7_IRQHandler  dma_stm32f10x.o
    0x08000ca8   0x08000ca8   0x00000024   Code   RO          175    .text.Delay_Init    delay.o
    0x08000ccc   0x08000ccc   0x000000b0   Code   RO          462    .text.GPIO_Init     stm32f10x_gpio.o
    0x08000d7c   0x08000d7c   0x00000074   Code   RO          488    .text.GPIO_PinRemapConfig  stm32f10x_gpio.o
    0x08000df0   0x08000df0   0x0000000a   Code   RO          466    .text.GPIO_ReadInputDataBit  stm32f10x_gpio.o
    0x08000dfa   0x08000dfa   0x00000002   PAD
    0x08000dfc   0x08000dfc   0x0000000a   Code   RO          470    .text.GPIO_ReadOutputDataBit  stm32f10x_gpio.o
    0x08000e06   0x08000e06   0x00000002   PAD
    0x08000e08   0x08000e08   0x00000004   Code   RO          476    .text.GPIO_ResetBits  stm32f10x_gpio.o
    0x08000e0c   0x08000e0c   0x00000004   Code   RO          474    .text.GPIO_SetBits  stm32f10x_gpio.o
    0x08000e10   0x08000e10   0x00000044   Code   RO          141    .text.Handle_Calibration_Navigation  menu.o
    0x08000e54   0x08000e54   0x00000012   Code   RO          518    .text.I2C_AcknowledgeConfig  stm32f10x_i2c.o
    0x08000e66   0x08000e66   0x00000002   PAD
    0x08000e68   0x08000e68   0x00000016   Code   RO          556    .text.I2C_CheckEvent  stm32f10x_i2c.o
    0x08000e7e   0x08000e7e   0x00000002   PAD
    0x08000e80   0x08000e80   0x00000012   Code   RO          508    .text.I2C_Cmd       stm32f10x_i2c.o
    0x08000e92   0x08000e92   0x00000002   PAD
    0x08000e94   0x08000e94   0x00000012   Code   RO          514    .text.I2C_GenerateSTART  stm32f10x_i2c.o
    0x08000ea6   0x08000ea6   0x00000002   PAD
    0x08000ea8   0x08000ea8   0x00000012   Code   RO          516    .text.I2C_GenerateSTOP  stm32f10x_i2c.o
    0x08000eba   0x08000eba   0x00000002   PAD
    0x08000ebc   0x08000ebc   0x00000030   Code   RO          560    .text.I2C_GetFlagStatus  stm32f10x_i2c.o
    0x08000eec   0x08000eec   0x000000cc   Code   RO          504    .text.I2C_Init      stm32f10x_i2c.o
    0x08000fb8   0x08000fb8   0x00000006   Code   RO          530    .text.I2C_ReceiveData  stm32f10x_i2c.o
    0x08000fbe   0x08000fbe   0x00000002   PAD
    0x08000fc0   0x08000fc0   0x00000010   Code   RO          532    .text.I2C_Send7bitAddress  stm32f10x_i2c.o
    0x08000fd0   0x08000fd0   0x00000004   Code   RO          528    .text.I2C_SendData  stm32f10x_i2c.o
    0x08000fd4   0x08000fd4   0x0000003e   Code   RO           66    .text.IIC_GPIO_Init  i2c.o
    0x08001012   0x08001012   0x00000002   PAD
    0x08001014   0x08001014   0x00000034   Code   RO           68    .text.IIC_Start     i2c.o
    0x08001048   0x08001048   0x0000002a   Code   RO           70    .text.IIC_Stop      i2c.o
    0x08001072   0x08001072   0x00000002   PAD
    0x08001074   0x08001074   0x00000048   Code   RO           72    .text.IIC_Wait_Ack  i2c.o
    0x080010bc   0x080010bc   0x00000038   Code   RO            4    .text.Init          main.o
    0x080010f4   0x080010f4   0x00000028   Code   RO          102    .text.Led_Debug     debug.o
    0x0800111c   0x0800111c   0x00000118   Code   RO          246    .text.MPU6050_Get_AccelGyro  mpu6050.o
    0x08001234   0x08001234   0x0000014e   Code   RO          252    .text.MPU6050_Get_Yaw  mpu6050.o
    0x08001382   0x08001382   0x00000002   PAD
    0x08001384   0x08001384   0x0000004a   Code   RO          244    .text.MPU6050_Init  mpu6050.o
    0x080013ce   0x080013ce   0x00000002   PAD
    0x080013d0   0x080013d0   0x00000038   Code   RO          250    .text.MPU6050_Set_FullScaleAccel  mpu6050.o
    0x08001408   0x08001408   0x0000003a   Code   RO          248    .text.MPU6050_Set_FullScaleGyro  mpu6050.o
    0x08001442   0x08001442   0x00000002   PAD
    0x08001444   0x08001444   0x00000096   Code   RO          254    .text.MPU6050_Set_GyroError  mpu6050.o
    0x080014da   0x080014da   0x00000002   PAD
    0x080014dc   0x080014dc   0x00000128   Code   RO          125    .text.Main_Menu     menu.o
    0x08001604   0x08001604   0x00000042   Code   RO           23    .text.OLED_Clear    oled.o
    0x08001646   0x08001646   0x00000002   PAD
    0x08001648   0x08001648   0x00000036   Code   RO          139    .text.OLED_ClearArea  menu.o
    0x0800167e   0x0800167e   0x00000002   PAD
    0x08001680   0x08001680   0x000000fa   Code   RO           37    .text.OLED_Init     oled.o
    0x0800177a   0x0800177a   0x00000002   PAD
    0x0800177c   0x0800177c   0x00000026   Code   RO           17    .text.OLED_Set_Pos  oled.o
    0x080017a2   0x080017a2   0x00000002   PAD
    0x080017a4   0x080017a4   0x0000003e   Code   RO           25    .text.OLED_ShowChar  oled.o
    0x080017e2   0x080017e2   0x00000002   PAD
    0x080017e4   0x080017e4   0x00000134   Code   RO           31    .text.OLED_ShowFloat  oled.o
    0x08001918   0x08001918   0x0000006e   Code   RO           29    .text.OLED_ShowNum  oled.o
    0x08001986   0x08001986   0x00000002   PAD
    0x08001988   0x08001988   0x00000036   Code   RO           33    .text.OLED_ShowString  oled.o
    0x080019be   0x080019be   0x00000002   PAD
    0x080019c0   0x080019c0   0x00000010   Code   RO           15    .text.OLED_WR_Byte  oled.o
    0x080019d0   0x080019d0   0x00000018   Code   RO          622    .text.RCC_APB1PeriphClockCmd  stm32f10x_rcc.o
    0x080019e8   0x080019e8   0x00000018   Code   RO          620    .text.RCC_APB2PeriphClockCmd  stm32f10x_rcc.o
    0x08001a00   0x08001a00   0x000000a0   Code   RO          616    .text.RCC_GetClocksFreq  stm32f10x_rcc.o
    0x08001aa0   0x08001aa0   0x00000010   Code   RO          123    .text.Reset_Status  menu.o
    0x08001ab0   0x08001ab0   0x00000a14   Code   RO          129    .text.Select_Menu   menu.o
    0x080024c4   0x080024c4   0x00000008   Code   RO          964    .text.SetSysClock   system_stm32f10x.o
    0x080024cc   0x080024cc   0x000000be   Code   RO          968    .text.SetSysClockTo72  system_stm32f10x.o
    0x0800258a   0x0800258a   0x00000002   PAD
    0x0800258c   0x0800258c   0x00000024   Code   RO          177    .text.SysTick_Config  delay.o
    0x080025b0   0x080025b0   0x00000010   Code   RO          179    .text.SysTick_Handler  delay.o
    0x080025c0   0x080025c0   0x0000006e   Code   RO          966    .text.SystemCoreClockUpdate  system_stm32f10x.o
    0x0800262e   0x0800262e   0x00000002   PAD
    0x08002630   0x08002630   0x00000056   Code   RO          962    .text.SystemInit    system_stm32f10x.o
    0x08002686   0x08002686   0x00000002   PAD
    0x08002688   0x08002688   0x000000a8   Code   RO          276    .text.TIM2_IRQHandler  irsensor.o
    0x08002730   0x08002730   0x00000006   Code   RO          830    .text.TIM_ClearITPendingBit  stm32f10x_tim.o
    0x08002736   0x08002736   0x00000002   PAD
    0x08002738   0x08002738   0x000000a4   Code   RO          307    .text.UART1_ReceiveData  uart.o
    0x080027dc   0x080027dc   0x0000002c   Code   RO          309    .text.UART1_SendNum  uart.o
    0x08002808   0x08002808   0x0000002c   Code   RO          311    .text.UART1_SendNumLn  uart.o
    0x08002834   0x08002834   0x0000002c   Code   RO          313    .text.UART1_SendString  uart.o
    0x08002860   0x08002860   0x00000086   Code   RO          305    .text.UART1_init    uart.o
    0x080028e6   0x080028e6   0x00000002   PAD
    0x080028e8   0x080028e8   0x00000054   Code   RO          315    .text.USART1_IRQHandler  uart.o
    0x0800293c   0x0800293c   0x00000012   Code   RO          850    .text.USART_Cmd     stm32f10x_usart.o
    0x0800294e   0x0800294e   0x00000002   PAD
    0x08002950   0x08002950   0x0000000a   Code   RO          890    .text.USART_GetFlagStatus  stm32f10x_usart.o
    0x0800295a   0x0800295a   0x00000002   PAD
    0x0800295c   0x0800295c   0x0000003a   Code   RO          894    .text.USART_GetITStatus  stm32f10x_usart.o
    0x08002996   0x08002996   0x00000002   PAD
    0x08002998   0x08002998   0x0000002e   Code   RO          852    .text.USART_ITConfig  stm32f10x_usart.o
    0x080029c6   0x080029c6   0x00000002   PAD
    0x080029c8   0x080029c8   0x000000b2   Code   RO          842    .text.USART_Init    stm32f10x_usart.o
    0x08002a7a   0x08002a7a   0x00000002   PAD
    0x08002a7c   0x08002a7c   0x00000008   Code   RO          866    .text.USART_SendData  stm32f10x_usart.o
    0x08002a84   0x08002a84   0x000000fc   Code   RO          135    .text.Update_Led    menu.o
    0x08002b80   0x08002b80   0x00000084   Code   RO          143    .text.Update_MPU    menu.o
    0x08002c04   0x08002c04   0x00000060   Code   RO           76    .text.Write_IIC_Byte  i2c.o
    0x08002c64   0x08002c64   0x00000020   Code   RO           78    .text.Write_IIC_Command  i2c.o
    0x08002c84   0x08002c84   0x00000020   Code   RO           80    .text.Write_IIC_Data  i2c.o
    0x08002ca4   0x08002ca4   0x0000000e   Code   RO          189    .text.__NVIC_SetPriority  delay.o
    0x08002cb2   0x08002cb2   0x00000002   PAD
    0x08002cb4   0x08002cb4   0x00000018   Code   RO          185    .text.delay_ms      delay.o
    0x08002ccc   0x08002ccc   0x00000046   Code   RO          127    .text.get_value     menu.o
    0x08002d12   0x08002d12   0x00000002   PAD
    0x08002d14   0x08002d14   0x00000060   Code   RO          213    .text.i2c_address_direction  i2c_2.o
    0x08002d74   0x08002d74   0x00000064   Code   RO          203    .text.i2c_init      i2c_2.o
    0x08002dd8   0x08002dd8   0x0000004e   Code   RO          207    .text.i2c_read_multi_with_reg  i2c_2.o
    0x08002e26   0x08002e26   0x00000002   PAD
    0x08002e28   0x08002e28   0x00000036   Code   RO          231    .text.i2c_receive_ack  i2c_2.o
    0x08002e5e   0x08002e5e   0x00000002   PAD
    0x08002e60   0x08002e60   0x0000003a   Code   RO          225    .text.i2c_receive_nack  i2c_2.o
    0x08002e9a   0x08002e9a   0x00000002   PAD
    0x08002e9c   0x08002e9c   0x00000050   Code   RO          211    .text.i2c_start     i2c_2.o
    0x08002eec   0x08002eec   0x00000012   Code   RO          217    .text.i2c_stop      i2c_2.o
    0x08002efe   0x08002efe   0x00000002   PAD
    0x08002f00   0x08002f00   0x00000034   Code   RO          215    .text.i2c_transmit  i2c_2.o
    0x08002f34   0x08002f34   0x00000028   Code   RO          205    .text.i2c_write_with_reg  i2c_2.o
    0x08002f5c   0x08002f5c   0x0000000e   Code   RO            2    .text.main          main.o
    0x08002f6a   0x08002f6a   0x00000002   PAD
    0x08002f6c   0x08002f6c   0x0000000c   Code   RO          183    .text.micros        delay.o
    0x08002f78   0x08002f78   0x0000001a   Code   RO          181    .text.millis        delay.o
    0x08002f92   0x08002f92   0x00000002   PAD
    0x08002f94   0x08002f94   0x00000014   Code   RO          106    .text.off           debug.o
    0x08002fa8   0x08002fa8   0x00000014   Code   RO          104    .text.on            debug.o
    0x08002fbc   0x08002fbc   0x0000003e   Code   RO         1178    CL$$btod_d2e        c_w.l(btod.o)
    0x08002ffa   0x08002ffa   0x00000046   Code   RO         1180    CL$$btod_d2e_denorm_low  c_w.l(btod.o)
    0x08003040   0x08003040   0x00000060   Code   RO         1179    CL$$btod_d2e_norm_op1  c_w.l(btod.o)
    0x080030a0   0x080030a0   0x00000338   Code   RO         1188    CL$$btod_div_common  c_w.l(btod.o)
    0x080033d8   0x080033d8   0x000000dc   Code   RO         1185    CL$$btod_e2e        c_w.l(btod.o)
    0x080034b4   0x080034b4   0x0000002a   Code   RO         1182    CL$$btod_ediv       c_w.l(btod.o)
    0x080034de   0x080034de   0x0000002a   Code   RO         1181    CL$$btod_emul       c_w.l(btod.o)
    0x08003508   0x08003508   0x00000244   Code   RO         1187    CL$$btod_mult_common  c_w.l(btod.o)
    0x0800374c   0x0800374c   0x00000028   Code   RO         1213    i.__ARM_fpclassify  m_ws.l(fpclassify.o)
    0x08003774   0x08003774   0x0000000e   Code   RO          997    i._is_digit         c_w.l(__printf_wp.o)
    0x08003782   0x08003782   0x00000002   PAD
    0x08003784   0x08003784   0x0000002c   Code   RO         1203    locale$$code        c_w.l(lc_numeric_c.o)
    0x080037b0   0x080037b0   0x00000062   Code   RO         1021    x$fpl$d2f           fz_ws.l(d2f.o)
    0x08003812   0x08003812   0x00000002   PAD
    0x08003814   0x08003814   0x00000150   Code   RO         1023    x$fpl$dadd          fz_ws.l(daddsub_clz.o)
    0x08003964   0x08003964   0x000002b0   Code   RO         1030    x$fpl$ddiv          fz_ws.l(ddiv.o)
    0x08003c14   0x08003c14   0x0000005e   Code   RO         1033    x$fpl$dfix          fz_ws.l(dfix.o)
    0x08003c72   0x08003c72   0x00000002   PAD
    0x08003c74   0x08003c74   0x00000154   Code   RO         1037    x$fpl$dmul          fz_ws.l(dmul.o)
    0x08003dc8   0x08003dc8   0x0000009c   Code   RO         1130    x$fpl$dnaninf       fz_ws.l(dnaninf.o)
    0x08003e64   0x08003e64   0x0000000c   Code   RO         1132    x$fpl$dretinf       fz_ws.l(dretinf.o)
    0x08003e70   0x08003e70   0x000001d4   Code   RO         1025    x$fpl$dsub          fz_ws.l(daddsub_clz.o)
    0x08004044   0x08004044   0x00000056   Code   RO         1039    x$fpl$f2d           fz_ws.l(f2d.o)
    0x0800409a   0x0800409a   0x00000002   PAD
    0x0800409c   0x0800409c   0x000000c4   Code   RO         1041    x$fpl$fadd          fz_ws.l(faddsub_clz.o)
    0x08004160   0x08004160   0x00000054   Code   RO         1047    x$fpl$fcmp          fz_ws.l(fcmp.o)
    0x080041b4   0x080041b4   0x00000018   Code   RO         1207    x$fpl$fcmpinf       fz_ws.l(fcmpi.o)
    0x080041cc   0x080041cc   0x00000184   Code   RO         1050    x$fpl$fdiv          fz_ws.l(fdiv.o)
    0x08004350   0x08004350   0x00000068   Code   RO         1138    x$fpl$feqf          fz_ws.l(feqf.o)
    0x080043b8   0x080043b8   0x00000036   Code   RO         1053    x$fpl$ffix          fz_ws.l(ffix.o)
    0x080043ee   0x080043ee   0x00000002   PAD
    0x080043f0   0x080043f0   0x00000030   Code   RO         1058    x$fpl$fflt          fz_ws.l(fflt_clz.o)
    0x08004420   0x08004420   0x00000026   Code   RO         1057    x$fpl$ffltu         fz_ws.l(fflt_clz.o)
    0x08004446   0x08004446   0x00000002   PAD
    0x08004448   0x08004448   0x00000068   Code   RO         1140    x$fpl$fgeqf         fz_ws.l(fgeqf.o)
    0x080044b0   0x080044b0   0x00000068   Code   RO         1142    x$fpl$fleqf         fz_ws.l(fleqf.o)
    0x08004518   0x08004518   0x00000102   Code   RO         1063    x$fpl$fmul          fz_ws.l(fmul.o)
    0x0800461a   0x0800461a   0x0000008c   Code   RO         1144    x$fpl$fnaninf       fz_ws.l(fnaninf.o)
    0x080046a6   0x080046a6   0x0000000a   Code   RO         1146    x$fpl$fretinf       fz_ws.l(fretinf.o)
    0x080046b0   0x080046b0   0x000000ea   Code   RO         1043    x$fpl$fsub          fz_ws.l(faddsub_clz.o)
    0x0800479a   0x0800479a   0x00000004   Code   RO         1065    x$fpl$printf1       fz_ws.l(printf1.o)
    0x0800479e   0x0800479e   0x00000000   Code   RO         1148    x$fpl$usenofp       fz_ws.l(usenofp.o)
    0x0800479e   0x0800479e   0x00000002   PAD
    0x080047a0   0x080047a0   0x00000094   Data   RO         1176    .constdata          c_w.l(bigflt0.o)
    0x08004834   0x08004834   0x00000004   Data   RO          641    .rodata.ADCPrescTable  stm32f10x_rcc.o
    0x08004838   0x08004838   0x00000010   Data   RO          971    .rodata.AHBPrescTable  system_stm32f10x.o
    0x08004848   0x08004848   0x00000010   Data   RO          640    .rodata.APBAHBPrescTable  stm32f10x_rcc.o
    0x08004858   0x08004858   0x00000228   Data   RO           41    .rodata.F6x8        oled.o
    0x08004a80   0x08004a80   0x0000004d   Data   RO          156    .rodata.str1.1      menu.o
    0x08004acd   0x08004acd   0x00000003   PAD
    0x08004ad0   0x08004ad0   0x00000015   Data   RO          157    .rodata.str1.4      menu.o
    0x08004ae5   0x08004ae5   0x00000003   PAD
    0x08004ae8   0x08004ae8   0x00000020   Data   RO         1316    Region$$Table       anon$$obj.o
    0x08004b08   0x08004b08   0x0000001c   Data   RO         1202    locale$$data        c_w.l(lc_numeric_c.o)
    0x08004b24   0x08004b24   0x00000004   Data   RO          192    .init_array         delay.o
    0x08004b28   0x08004b24   0x00000000   Data   RO         1016    .init_array         c_w.l(init_aeabi.o)


    Execution Region RW_IRAM1 (Exec base: 0x20000000, Load base: 0x08004b28, Size: 0x000007a8, Max: 0x00005000, ABSOLUTE)

    Exec Addr    Load Addr    Size         Type   Attr      Idx    E Section Name        Object

    0x20000000   0x08004b28   0x00000003   Data   RW          147    .data.Check_Status.button_state  menu.o
    0x20000003   0x08004b2b   0x00000003   Data   RW          148    .data.Check_Status.last_reading  menu.o
    0x20000006   0x08004b2e   0x00000002   PAD
    0x20000008   0x08004b30   0x0000000c   Data   RW          233    .data.I2C           i2c_2.o
    0x20000014   0x08004b3c   0x00000014   Data   RW          256    .data.MPU6050       mpu6050.o
    0x20000028   0x08004b50   0x00000001   Data   RW          154    .data.Main_Menu.last_drawn_pos  menu.o
    0x20000029   0x08004b51   0x00000003   PAD
    0x2000002c   0x08004b54   0x00000004   Data   RW          970    .data.SystemCoreClock  system_stm32f10x.o
    0x20000030   0x08004b58   0x00000014   Data   RW          321    .data.UART          uart.o
    0x20000044   0x08004b6c   0x00000064   Data   RW          317    .data.UARTx_dataReceived  uart.o
    0x200000a8   0x08004bd0   0x00000001   Data   RW          166    .data.Update_Led.current_mode  menu.o
    0x200000a9   0x08004bd1   0x00000003   PAD
    0x200000ac   0x08004bd4   0x00000004   Data   RW          259    .data.accel_LSB     mpu6050.o
    0x200000b0   0x08004bd8   0x00000004   Data   RW          261    .data.gyro_LSB      mpu6050.o
    0x200000b4   0x08004bdc   0x00000004   PAD
    0x200000b8        -       0x00000060   Zero   RW         1216    .bss                c_w.l(libspace.o)
    0x20000118        -       0x0000000c   Zero   RW          146    .bss.Check_Status.last_debounce_time  menu.o
    0x20000124        -       0x0000000c   Zero   RW          280    .bss.IRSensor_data  irsensor.o
    0x20000130        -       0x00000018   Zero   RW          257    .bss.MPU6050_Get_AccelGyro.accelgyro  mpu6050.o
    0x20000148        -       0x00000004   Zero   RW          263    .bss.MPU6050_Get_Yaw.pre_yaw  mpu6050.o
    0x2000014c        -       0x00000004   Zero   RW          262    .bss.MPU6050_Get_Yaw.yaw  mpu6050.o
    0x20000150        -       0x00000001   Zero   RW          153    .bss.Main_Menu.cursor_pos  menu.o
    0x20000151        -       0x00000001   Zero   RW          155    .bss.Main_Menu.menu_initialized  menu.o
    0x20000152        -       0x00000001   Zero   RW          165    .bss.Select_Menu.show_calibrated.27  menu.o
    0x20000153   0x08004bdc   0x00000001   PAD
    0x20000154        -       0x00000004   Zero   RW          145    .bss.calibrated_angle  menu.o
    0x20000158        -       0x00000008   Zero   RW          164    .bss.calibrated_leds  menu.o
    0x20000160        -       0x00000001   Zero   RW          163    .bss.first_entry    menu.o
    0x20000161        -       0x00000001   Zero   RW          112    .bss.flag           debug.o
    0x20000162        -       0x00000003   Zero   RW          152    .bss.flag_stt       menu.o
    0x20000165   0x08004bdc   0x00000003   PAD
    0x20000168        -       0x00000004   Zero   RW          158    .bss.g_angle        menu.o
    0x2000016c        -       0x00000002   Zero   RW          159    .bss.g_value_1      menu.o
    0x2000016e        -       0x00000002   Zero   RW          160    .bss.g_value_2      menu.o
    0x20000170        -       0x00000002   Zero   RW          161    .bss.g_value_3      menu.o
    0x20000172        -       0x00000002   Zero   RW          162    .bss.g_value_4      menu.o
    0x20000174        -       0x0000000c   Zero   RW          260    .bss.gyro_error     mpu6050.o
    0x20000180        -       0x00000001   Zero   RW          319    .bss.id             uart.o
    0x20000181        -       0x00000001   Zero   RW          282    .bss.index          irsensor.o
    0x20000182   0x08004bdc   0x00000002   PAD
    0x20000184        -       0x00000004   Zero   RW          258    .bss.mpu_pre_time   mpu6050.o
    0x20000188        -       0x00000001   Zero   RW          318    .bss.rx_flag        uart.o
    0x20000189   0x08004bdc   0x00000001   PAD
    0x2000018a        -       0x00000002   Zero   RW          149    .bss.stt_1          menu.o
    0x2000018c        -       0x00000002   Zero   RW          150    .bss.stt_2          menu.o
    0x2000018e        -       0x00000002   Zero   RW          151    .bss.stt_3          menu.o
    0x20000190        -       0x0000000c   Zero   RW          281    .bss.temp_data      irsensor.o
    0x2000019c        -       0x00000001   Zero   RW          320    .bss.timeout        uart.o
    0x2000019d   0x08004bdc   0x00000003   PAD
    0x200001a0        -       0x00000004   Zero   RW          191    .bss.us             delay.o
    0x200001a4   0x08004bdc   0x00000004   PAD
    0x200001a8        -       0x00000200   Zero   RW          953    HEAP                startup_stm32f10x_md.o
    0x200003a8        -       0x00000400   Zero   RW          952    STACK               startup_stm32f10x_md.o


==============================================================================

Image component sizes


      Code (inc. data)   RO Data    RW Data    ZI Data      Debug   Object Name

        76          0          0          0          0       1785   button.o
        80          0          0          0          1       2149   debug.o
       164          0          4          0          4       4056   delay.o
       180          0          0          0          0       5979   dma_stm32f10x.o
       388          0          0          0          0       2694   i2c.o
       576          0          0         12          0       6621   i2c_2.o
       168         60          0          0         25       4824   irsensor.o
        70          0          0          0          0        818   main.o
         6          0          0          0          0        743   maths.o
      3730        280         98          8         49       8803   menu.o
       952          0          0         28         48       3267   mpu6050.o
       904          0        552          0          0       4985   oled.o
        64         26        236          0       1536        808   startup_stm32f10x_md.o
       320          0          0          0          0       5873   stm32f10x_gpio.o
       372          0          0          0          0       8421   stm32f10x_i2c.o
       208          0         20          0          0       7689   stm32f10x_rcc.o
         6          0          0          0          0      24109   stm32f10x_tim.o
       318          0          0          0          0       7957   stm32f10x_usart.o
       394          0         16          4          0       2795   system_stm32f10x.o
       514         16          0        120          3       3996   uart.o

    ----------------------------------------------------------------------
      9588        382        964        180       1684     108372   Object Totals
         0          0         32          0          0          0   (incl. Generated)
        98          0          6          8         18          0   (incl. Padding)

    ----------------------------------------------------------------------

      Code (inc. data)   RO Data    RW Data    ZI Data      Debug   Library Member Name

         8          0          0          0          0         68   __main.o
       284          0          0          0          0        156   __printf_wp.o
         0          0          0          0          0          0   __rtentry.o
        12          0          0          0          0          0   __rtentry2.o
         6          0          0          0          0          0   __rtentry4.o
        52          8          0          0          0          0   __scatter.o
        26          0          0          0          0          0   __scatter_copy.o
        28          0          0          0          0          0   __scatter_zi.o
        48          6          0          0          0         96   _printf_char_common.o
         6          0          0          0          0          0   _printf_f.o
      1052          0          0          0          0        148   _printf_fp_dec.o
       128         16          0          0          0         84   _printf_fp_infnan.o
         0          0          0          0          0          0   _printf_percent.o
         4          0          0          0          0          0   _printf_percent_end.o
        10          0          0          0          0         68   _sputc.o
       228          4        148          0          0         96   bigflt0.o
      1936        128          0          0          0        672   btod.o
        18          0          0          0          0         80   exit.o
         6          0          0          0          0        152   heapauxi.o
         0          0          0          0          0          0   indicate_semi.o
        36          8          0          0          0         80   init_aeabi.o
        44         10         28          0          0         76   lc_numeric_c.o
         2          0          0          0          0          0   libinit.o
        22          0          0          0          0          0   libinit2.o
         2          0          0          0          0          0   libshutdown.o
         2          0          0          0          0          0   libshutdown2.o
         8          4          0          0         96         68   libspace.o
       138          0          0          0          0         80   lludiv10.o
        40          6          0          0          0         84   noretval__2sprintf.o
         8          4          0          0          0         68   rt_locale_intlibspace.o
         2          0          0          0          0          0   rtexit.o
        10          0          0          0          0          0   rtexit2.o
       128          0          0          0          0         68   strcmpv7m.o
        12          4          0          0          0         68   sys_exit.o
        74          0          0          0          0         80   sys_stackheap_outer.o
         2          0          0          0          0         68   use_no_semi.o
        98          4          0          0          0         92   d2f.o
       804         16          0          0          0        280   daddsub_clz.o
       688        140          0          0          0        216   ddiv.o
        94          4          0          0          0         92   dfix.o
       340         12          0          0          0        104   dmul.o
       156          4          0          0          0         92   dnaninf.o
        12          0          0          0          0         68   dretinf.o
        86          4          0          0          0         84   f2d.o
       430          8          0          0          0        168   faddsub_clz.o
        84          0          0          0          0        196   fcmp.o
        24          0          0          0          0         68   fcmpi.o
       388         76          0          0          0         96   fdiv.o
       104          4          0          0          0         84   feqf.o
        54          4          0          0          0         84   ffix.o
        86          0          0          0          0        136   fflt_clz.o
       104          4          0          0          0         84   fgeqf.o
       104          4          0          0          0         84   fleqf.o
       258          4          0          0          0         84   fmul.o
       140          4          0          0          0         84   fnaninf.o
        10          0          0          0          0         68   fretinf.o
         4          0          0          0          0         68   printf1.o
         0          0          0          0          0          0   usenofp.o
        40          0          0          0          0         68   fpclassify.o

    ----------------------------------------------------------------------
      8512        490        176          0         96       4760   Library Totals
        22          0          0          0          0          0   (incl. Padding)

    ----------------------------------------------------------------------

      Code (inc. data)   RO Data    RW Data    ZI Data      Debug   Library Name

      4382        198        176          0         96       2360   c_w.l
      4068        292          0          0          0       2332   fz_ws.l
        40          0          0          0          0         68   m_ws.l

    ----------------------------------------------------------------------
      8512        490        176          0         96       4760   Library Totals

    ----------------------------------------------------------------------

==============================================================================


      Code (inc. data)   RO Data    RW Data    ZI Data      Debug   

     18100        872       1140        180       1780     110344   Grand Totals
     18100        872       1140        180       1780     110344   ELF Image Totals
     18100        872       1140        180          0          0   ROM Totals

==============================================================================

    Total RO  Size (Code + RO Data)                19240 (  18.79kB)
    Total RW  Size (RW Data + ZI Data)              1960 (   1.91kB)
    Total ROM Size (Code + RO Data + RW Data)      19420 (  18.96kB)

==============================================================================

