Component: ARM Compiler 6.14 Tool: armlink [5db06800]

==============================================================================

Section Cross References

    main.o(.text.main) refers to main.o(.text.Init) for Init
    main.o(.text.main) refers to menu.o(.text.Main_Menu) for Main_Menu
    main.o(.ARM.exidx.text.main) refers to main.o(.text.main) for [Anonymous Symbol]
    main.o(.text.Init) refers to delay.o(.text.Delay_Init) for Delay_Init
    main.o(.text.Init) refers to button.o(.text.Button_Init) for Button_Init
    main.o(.text.Init) refers to uart.o(.text.USART1_Init) for USART1_Init
    main.o(.text.Init) refers to debug.o(.text.Led_Debug) for Led_Debug
    main.o(.text.Init) refers to oled.o(.text.OLED_Init) for OLED_Init
    main.o(.text.Init) refers to oled.o(.text.OLED_Clear) for OLED_Clear
    main.o(.ARM.exidx.text.Init) refers to main.o(.text.Init) for [Anonymous Symbol]
    mpu6050.o(.text.Start_MPU6050) refers to mpu6050.o(.data.MPU6050) for MPU6050
    mpu6050.o(.text.Start_MPU6050) refers to mpu6050.o(.text.MPU6050_Init) for MPU6050_Init
    mpu6050.o(.text.Start_MPU6050) refers to mpu6050.o(.text.MPU6050_Get_AccelGyro) for MPU6050_Get_AccelGyro
    mpu6050.o(.text.Start_MPU6050) refers to mpu6050.o(.text.MPU6050_Set_FullScaleGyro) for MPU6050_Set_FullScaleGyro
    mpu6050.o(.text.Start_MPU6050) refers to mpu6050.o(.text.MPU6050_Set_FullScaleAccel) for MPU6050_Set_FullScaleAccel
    mpu6050.o(.text.Start_MPU6050) refers to mpu6050.o(.text.MPU6050_Get_Yaw) for MPU6050_Get_Yaw
    mpu6050.o(.ARM.exidx.text.Start_MPU6050) refers to mpu6050.o(.text.Start_MPU6050) for [Anonymous Symbol]
    mpu6050.o(.text.MPU6050_Init) refers to i2c_2.o(.data.I2C) for I2C
    mpu6050.o(.text.MPU6050_Init) refers to delay.o(.text.delay_ms) for delay_ms
    mpu6050.o(.text.MPU6050_Init) refers to mpu6050.o(.data.MPU6050) for MPU6050
    mpu6050.o(.text.MPU6050_Init) refers to mpu6050.o(.text.MPU6050_Set_GyroError) for MPU6050_Set_GyroError
    mpu6050.o(.ARM.exidx.text.MPU6050_Init) refers to mpu6050.o(.text.MPU6050_Init) for [Anonymous Symbol]
    mpu6050.o(.text.MPU6050_Get_AccelGyro) refers to delay.o(.text.micros) for micros
    mpu6050.o(.text.MPU6050_Get_AccelGyro) refers to mpu6050.o(.bss.mpu_pre_time) for mpu_pre_time
    mpu6050.o(.text.MPU6050_Get_AccelGyro) refers to i2c_2.o(.data.I2C) for I2C
    mpu6050.o(.text.MPU6050_Get_AccelGyro) refers to mpu6050.o(.data.accel_LSB) for accel_LSB
    mpu6050.o(.text.MPU6050_Get_AccelGyro) refers to mpu6050.o(.bss.MPU6050_Get_AccelGyro.accelgyro) for MPU6050_Get_AccelGyro.accelgyro
    mpu6050.o(.text.MPU6050_Get_AccelGyro) refers to fflt_clz.o(x$fpl$fflt) for __aeabi_i2f
    mpu6050.o(.text.MPU6050_Get_AccelGyro) refers to fdiv.o(x$fpl$fdiv) for __aeabi_fdiv
    mpu6050.o(.text.MPU6050_Get_AccelGyro) refers to fflt_clz.o(x$fpl$ffltu) for __aeabi_ui2f
    mpu6050.o(.text.MPU6050_Get_AccelGyro) refers to mpu6050.o(.data.gyro_LSB) for gyro_LSB
    mpu6050.o(.text.MPU6050_Get_AccelGyro) refers to f2d.o(x$fpl$f2d) for __aeabi_f2d
    mpu6050.o(.text.MPU6050_Get_AccelGyro) refers to mpu6050.o(.bss.gyro_error) for gyro_error
    mpu6050.o(.text.MPU6050_Get_AccelGyro) refers to faddsub_clz.o(x$fpl$fsub) for __aeabi_fsub
    mpu6050.o(.text.MPU6050_Get_AccelGyro) refers to fmul.o(x$fpl$fmul) for __aeabi_fmul
    mpu6050.o(.text.MPU6050_Get_AccelGyro) refers to ddiv.o(x$fpl$ddiv) for __aeabi_ddiv
    mpu6050.o(.text.MPU6050_Get_AccelGyro) refers to daddsub_clz.o(x$fpl$dadd) for __aeabi_dadd
    mpu6050.o(.text.MPU6050_Get_AccelGyro) refers to d2f.o(x$fpl$d2f) for __aeabi_d2f
    mpu6050.o(.ARM.exidx.text.MPU6050_Get_AccelGyro) refers to mpu6050.o(.text.MPU6050_Get_AccelGyro) for [Anonymous Symbol]
    mpu6050.o(.text.MPU6050_Set_FullScaleGyro) refers to i2c_2.o(.data.I2C) for I2C
    mpu6050.o(.text.MPU6050_Set_FullScaleGyro) refers to fflt_clz.o(x$fpl$fflt) for __aeabi_i2f
    mpu6050.o(.text.MPU6050_Set_FullScaleGyro) refers to fdiv.o(x$fpl$fdiv) for __aeabi_fdiv
    mpu6050.o(.text.MPU6050_Set_FullScaleGyro) refers to mpu6050.o(.data.gyro_LSB) for gyro_LSB
    mpu6050.o(.ARM.exidx.text.MPU6050_Set_FullScaleGyro) refers to mpu6050.o(.text.MPU6050_Set_FullScaleGyro) for [Anonymous Symbol]
    mpu6050.o(.text.MPU6050_Set_FullScaleAccel) refers to i2c_2.o(.data.I2C) for I2C
    mpu6050.o(.text.MPU6050_Set_FullScaleAccel) refers to fflt_clz.o(x$fpl$fflt) for __aeabi_i2f
    mpu6050.o(.text.MPU6050_Set_FullScaleAccel) refers to fdiv.o(x$fpl$fdiv) for __aeabi_fdiv
    mpu6050.o(.text.MPU6050_Set_FullScaleAccel) refers to mpu6050.o(.data.accel_LSB) for accel_LSB
    mpu6050.o(.ARM.exidx.text.MPU6050_Set_FullScaleAccel) refers to mpu6050.o(.text.MPU6050_Set_FullScaleAccel) for [Anonymous Symbol]
    mpu6050.o(.text.MPU6050_Get_Yaw) refers to fflt_clz.o(x$fpl$fflt) for __aeabi_i2f
    mpu6050.o(.text.MPU6050_Get_Yaw) refers to mpu6050.o(.bss.MPU6050_Get_Yaw.yaw) for MPU6050_Get_Yaw.yaw
[...]
    Removing mpu6050.o(.text.MPU6050_Get_Yaw), (334 bytes).
    Removing mpu6050.o(.ARM.exidx.text.MPU6050_Get_Yaw), (8 bytes).
    Removing mpu6050.o(.text.MPU6050_Set_GyroError), (150 bytes).
    Removing mpu6050.o(.ARM.exidx.text.MPU6050_Set_GyroError), (8 bytes).
    Removing mpu6050.o(.data.MPU6050), (20 bytes).
    Removing mpu6050.o(.bss.MPU6050_Get_AccelGyro.accelgyro), (24 bytes).
    Removing mpu6050.o(.bss.mpu_pre_time), (4 bytes).
    Removing mpu6050.o(.data.accel_LSB), (4 bytes).
    Removing mpu6050.o(.bss.gyro_error), (12 bytes).
    Removing mpu6050.o(.data.gyro_LSB), (4 bytes).
    Removing mpu6050.o(.bss.MPU6050_Get_Yaw.yaw), (4 bytes).
    Removing mpu6050.o(.bss.MPU6050_Get_Yaw.pre_yaw), (4 bytes).
    Removing oled.o(.text), (0 bytes).
    Removing oled.o(.ARM.exidx.text.OLED_WR_Byte), (8 bytes).
    Removing oled.o(.ARM.exidx.text.OLED_Set_Pos), (8 bytes).
    Removing oled.o(.text.OLED_Display_On), (28 bytes).
    Removing oled.o(.ARM.exidx.text.OLED_Display_On), (8 bytes).
    Removing oled.o(.text.OLED_Display_Off), (28 bytes).
    Removing oled.o(.ARM.exidx.text.OLED_Display_Off), (8 bytes).
    Removing oled.o(.ARM.exidx.text.OLED_Clear), (8 bytes).
    Removing oled.o(.ARM.exidx.text.OLED_ShowChar), (8 bytes).
    Removing oled.o(.text.oled_pow), (24 bytes).
    Removing oled.o(.ARM.exidx.text.oled_pow), (8 bytes).
    Removing oled.o(.ARM.exidx.text.OLED_ShowNum), (8 bytes).
    Removing oled.o(.ARM.exidx.text.OLED_ShowString), (8 bytes).
    Removing oled.o(.text.OLED_DrawBMP), (90 bytes).
    Removing oled.o(.ARM.exidx.text.OLED_DrawBMP), (8 bytes).
    Removing oled.o(.ARM.exidx.text.OLED_Init), (8 bytes).
    Removing oled.o(.text.OLED_Scroll), (76 bytes).
    Removing oled.o(.ARM.exidx.text.OLED_Scroll), (8 bytes).
    Removing oled.o(.rodata.F8X16), (1520 bytes).
    Removing oled.o(.data.font8x8_basic), (1024 bytes).
    Removing uart.o(.text), (0 bytes).
    Removing uart.o(.ARM.exidx.text.USART1_Init), (8 bytes).
    Removing uart.o(.text.USART1_Send_Char), (18 bytes).
    Removing uart.o(.ARM.exidx.text.USART1_Send_Char), (8 bytes).
    Removing uart.o(.text.USART1_Send_String), (36 bytes).
    Removing uart.o(.ARM.exidx.text.USART1_Send_String), (8 bytes).
    Removing uart.o(.text.USART1_Send_Data), (42 bytes).
    Removing uart.o(.ARM.exidx.text.USART1_Send_Data), (8 bytes).
    Removing uart.o(.text.USART1_Send_Number), (120 bytes).
    Removing uart.o(.ARM.exidx.text.USART1_Send_Number), (8 bytes).
    Removing uart.o(.text.USART1_Send_Float), (78 bytes).
    Removing uart.o(.ARM.exidx.text.USART1_Send_Float), (8 bytes).
    Removing uart.o(.text.USART1_Send_Hex), (44 bytes).
    Removing uart.o(.ARM.exidx.text.USART1_Send_Hex), (8 bytes).
    Removing maths.o(.text), (0 bytes).
    Removing maths.o(.text.Abs), (6 bytes).
    Removing maths.o(.ARM.exidx.text.Abs), (8 bytes).
    Removing maths.o(.text.Max), (8 bytes).
    Removing maths.o(.ARM.exidx.text.Max), (8 bytes).
    Removing maths.o(.text.Min), (8 bytes).
    Removing maths.o(.ARM.exidx.text.Min), (8 bytes).
    Removing i2c_2.o(.text), (0 bytes).
    Removing i2c_2.o(.text.I2C_Start), (36 bytes).
    Removing i2c_2.o(.ARM.exidx.text.I2C_Start), (8 bytes).
    Removing i2c_2.o(.text.i2c_init), (100 bytes).
    Removing i2c_2.o(.ARM.exidx.text.i2c_init), (8 bytes).
    Removing i2c_2.o(.text.i2c_write_with_reg), (40 bytes).
    Removing i2c_2.o(.ARM.exidx.text.i2c_write_with_reg), (8 bytes).
    Removing i2c_2.o(.text.i2c_read_multi_with_reg), (78 bytes).
    Removing i2c_2.o(.ARM.exidx.text.i2c_read_multi_with_reg), (8 bytes).
    Removing i2c_2.o(.text.i2c_write_no_reg), (32 bytes).
    Removing i2c_2.o(.ARM.exidx.text.i2c_write_no_reg), (8 bytes).
    Removing i2c_2.o(.text.i2c_start), (80 bytes).
    Removing i2c_2.o(.ARM.exidx.text.i2c_start), (8 bytes).
    Removing i2c_2.o(.text.i2c_address_direction), (96 bytes).
    Removing i2c_2.o(.ARM.exidx.text.i2c_address_direction), (8 bytes).
    Removing i2c_2.o(.text.i2c_transmit), (52 bytes).
    Removing i2c_2.o(.ARM.exidx.text.i2c_transmit), (8 bytes).
    Removing i2c_2.o(.text.i2c_stop), (18 bytes).
    Removing i2c_2.o(.ARM.exidx.text.i2c_stop), (8 bytes).
    Removing i2c_2.o(.text.i2c_write_multi_no_reg), (46 bytes).
    Removing i2c_2.o(.ARM.exidx.text.i2c_write_multi_no_reg), (8 bytes).
    Removing i2c_2.o(.text.i2c_write_multi_with_reg), (56 bytes).
    Removing i2c_2.o(.ARM.exidx.text.i2c_write_multi_with_reg), (8 bytes).
    Removing i2c_2.o(.text.i2c_read_no_reg), (32 bytes).
    Removing i2c_2.o(.ARM.exidx.text.i2c_read_no_reg), (8 bytes).
    Removing i2c_2.o(.text.i2c_receive_nack), (58 bytes).
    Removing i2c_2.o(.ARM.exidx.text.i2c_receive_nack), (8 bytes).
    Removing i2c_2.o(.text.i2c_read_with_reg), (50 bytes).
    Removing i2c_2.o(.ARM.exidx.text.i2c_read_with_reg), (8 bytes).
    Removing i2c_2.o(.text.i2c_read_multi_no_reg), (54 bytes).
    Removing i2c_2.o(.ARM.exidx.text.i2c_read_multi_no_reg), (8 bytes).
    Removing i2c_2.o(.text.i2c_receive_ack), (54 bytes).
    Removing i2c_2.o(.ARM.exidx.text.i2c_receive_ack), (8 bytes).
    Removing i2c_2.o(.data.I2C), (12 bytes).
    Removing i2c.o(.text), (0 bytes).
    Removing i2c.o(.ARM.exidx.text.IIC_GPIO_Init), (8 bytes).
    Removing i2c.o(.ARM.exidx.text.IIC_Start), (8 bytes).
    Removing i2c.o(.ARM.exidx.text.IIC_Stop), (8 bytes).
    Removing i2c.o(.ARM.exidx.text.IIC_Wait_Ack), (8 bytes).
    Removing i2c.o(.text.IIC_Send_Ack), (62 bytes).
    Removing i2c.o(.ARM.exidx.text.IIC_Send_Ack), (8 bytes).
    Removing i2c.o(.ARM.exidx.text.Write_IIC_Byte), (8 bytes).
    Removing i2c.o(.ARM.exidx.text.Write_IIC_Command), (8 bytes).
    Removing i2c.o(.ARM.exidx.text.Write_IIC_Data), (8 bytes).
    Removing button.o(.text), (0 bytes).
    Removing button.o(.ARM.exidx.text.Button_Init), (8 bytes).
    Removing button.o(.ARM.exidx.text.Button_Read), (8 bytes).
    Removing debug.o(.text), (0 bytes).
    Removing debug.o(.ARM.exidx.text.Led_Debug), (8 bytes).
    Removing debug.o(.text.on), (20 bytes).
    Removing debug.o(.ARM.exidx.text.on), (8 bytes).
    Removing debug.o(.text.off), (20 bytes).
    Removing debug.o(.ARM.exidx.text.off), (8 bytes).
    Removing debug.o(.text.Blink_Times), (44 bytes).
    Removing debug.o(.ARM.exidx.text.Blink_Times), (8 bytes).
    Removing debug.o(.text.Debug), (58 bytes).
    Removing debug.o(.ARM.exidx.text.Debug), (8 bytes).
    Removing debug.o(.bss.flag), (1 bytes).
    Removing menu.o(.text), (0 bytes).
    Removing menu.o(.ARM.exidx.text.Check_Status), (8 bytes).
    Removing menu.o(.ARM.exidx.text.Reset_Status), (8 bytes).
    Removing menu.o(.ARM.exidx.text.Main_Menu), (8 bytes).
    Removing menu.o(.ARM.exidx.text.Select_Menu), (8 bytes).
    Removing menu.o(.text.Update_Animation_Dots), (88 bytes).
    Removing menu.o(.ARM.exidx.text.Update_Animation_Dots), (8 bytes).
    Removing menu.o(.ARM.exidx.text.Check_Long_Press), (8 bytes).
    Removing menu.o(.ARM.exidx.text.Handle_LED_Navigation), (8 bytes).
    Removing menu.o(.ARM.exidx.text.Update_Led), (8 bytes).
    Removing menu.o(.ARM.exidx.text.OLED_ClearLine), (8 bytes).
    Removing menu.o(.ARM.exidx.text.OLED_ClearArea), (8 bytes).
    Removing menu.o(.ARM.exidx.text.Handle_Calibration_Navigation), (8 bytes).
    Removing menu.o(.ARM.exidx.text.Update_MPU), (8 bytes).
    Removing delay.o(.text), (0 bytes).
    Removing delay.o(.ARM.exidx.text.Delay_Init), (8 bytes).
    Removing delay.o(.ARM.exidx.text.SysTick_Config), (8 bytes).
    Removing delay.o(.ARM.exidx.text.SysTick_Handler), (8 bytes).
    Removing delay.o(.ARM.exidx.text.millis), (8 bytes).
    Removing delay.o(.text.micros), (12 bytes).
    Removing delay.o(.ARM.exidx.text.micros), (8 bytes).
    Removing delay.o(.ARM.exidx.text.delay_ms), (8 bytes).
    Removing delay.o(.text.delay_us), (24 bytes).
    Removing delay.o(.ARM.exidx.text.delay_us), (8 bytes).
    Removing delay.o(.ARM.exidx.text.__NVIC_SetPriority), (8 bytes).
    Removing misc.o(.text), (0 bytes).
    Removing misc.o(.text.NVIC_PriorityGroupConfig), (20 bytes).
    Removing misc.o(.ARM.exidx.text.NVIC_PriorityGroupConfig), (8 bytes).
    Removing misc.o(.text.NVIC_Init), (94 bytes).
    Removing misc.o(.ARM.exidx.text.NVIC_Init), (8 bytes).
    Removing misc.o(.text.NVIC_SetVectorTable), (24 bytes).
    Removing misc.o(.ARM.exidx.text.NVIC_SetVectorTable), (8 bytes).
    Removing misc.o(.text.NVIC_SystemLPConfig), (24 bytes).
    Removing misc.o(.ARM.exidx.text.NVIC_SystemLPConfig), (8 bytes).
    Removing misc.o(.text.SysTick_CLKSourceConfig), (26 bytes).
    Removing misc.o(.ARM.exidx.text.SysTick_CLKSourceConfig), (8 bytes).
    Removing stm32f10x_gpio.o(.text), (0 bytes).
    Removing stm32f10x_gpio.o(.text.GPIO_DeInit), (76 bytes).
    Removing stm32f10x_gpio.o(.ARM.exidx.text.GPIO_DeInit), (8 bytes).
    Removing stm32f10x_gpio.o(.text.GPIO_AFIODeInit), (20 bytes).
    Removing stm32f10x_gpio.o(.ARM.exidx.text.GPIO_AFIODeInit), (8 bytes).
    Removing stm32f10x_gpio.o(.ARM.exidx.text.GPIO_Init), (8 bytes).
    Removing stm32f10x_gpio.o(.text.GPIO_StructInit), (12 bytes).
    Removing stm32f10x_gpio.o(.ARM.exidx.text.GPIO_StructInit), (8 bytes).
    Removing stm32f10x_gpio.o(.ARM.exidx.text.GPIO_ReadInputDataBit), (8 bytes).
    Removing stm32f10x_gpio.o(.text.GPIO_ReadInputData), (6 bytes).
    Removing stm32f10x_gpio.o(.ARM.exidx.text.GPIO_ReadInputData), (8 bytes).
    Removing stm32f10x_gpio.o(.ARM.exidx.text.GPIO_ReadOutputDataBit), (8 bytes).
    Removing stm32f10x_gpio.o(.text.GPIO_ReadOutputData), (6 bytes).
    Removing stm32f10x_gpio.o(.ARM.exidx.text.GPIO_ReadOutputData), (8 bytes).
    Removing stm32f10x_gpio.o(.ARM.exidx.text.GPIO_SetBits), (8 bytes).
    Removing stm32f10x_gpio.o(.ARM.exidx.text.GPIO_ResetBits), (8 bytes).
    Removing stm32f10x_gpio.o(.text.GPIO_WriteBit), (12 bytes).
    Removing stm32f10x_gpio.o(.ARM.exidx.text.GPIO_WriteBit), (8 bytes).
    Removing stm32f10x_gpio.o(.text.GPIO_Write), (4 bytes).
    Removing stm32f10x_gpio.o(.ARM.exidx.text.GPIO_Write), (8 bytes).
    Removing stm32f10x_gpio.o(.text.GPIO_PinLockConfig), (16 bytes).
    Removing stm32f10x_gpio.o(.ARM.exidx.text.GPIO_PinLockConfig), (8 bytes).
    Removing stm32f10x_gpio.o(.text.GPIO_EventOutputConfig), (30 bytes).
    Removing stm32f10x_gpio.o(.ARM.exidx.text.GPIO_EventOutputConfig), (8 bytes).
    Removing stm32f10x_gpio.o(.text.GPIO_EventOutputCmd), (10 bytes).
    Removing stm32f10x_gpio.o(.ARM.exidx.text.GPIO_EventOutputCmd), (8 bytes).
    Removing stm32f10x_gpio.o(.ARM.exidx.text.GPIO_PinRemapConfig), (8 bytes).
    Removing stm32f10x_gpio.o(.text.GPIO_EXTILineConfig), (46 bytes).
    Removing stm32f10x_gpio.o(.ARM.exidx.text.GPIO_EXTILineConfig), (8 bytes).
    Removing stm32f10x_gpio.o(.text.GPIO_ETH_MediaInterfaceConfig), (10 bytes).
    Removing stm32f10x_gpio.o(.ARM.exidx.text.GPIO_ETH_MediaInterfaceConfig), (8 bytes).
    Removing stm32f10x_i2c.o(.text), (0 bytes).
    Removing stm32f10x_i2c.o(.text.I2C_DeInit), (40 bytes).
    Removing stm32f10x_i2c.o(.ARM.exidx.text.I2C_DeInit), (8 bytes).
    Removing stm32f10x_i2c.o(.text.I2C_Init), (204 bytes).
    Removing stm32f10x_i2c.o(.ARM.exidx.text.I2C_Init), (8 bytes).
    Removing stm32f10x_i2c.o(.text.I2C_StructInit), (24 bytes).
    Removing stm32f10x_i2c.o(.ARM.exidx.text.I2C_StructInit), (8 bytes).
    Removing stm32f10x_i2c.o(.text.I2C_Cmd), (18 bytes).
    Removing stm32f10x_i2c.o(.ARM.exidx.text.I2C_Cmd), (8 bytes).
    Removing stm32f10x_i2c.o(.text.I2C_DMACmd), (18 bytes).
    Removing stm32f10x_i2c.o(.ARM.exidx.text.I2C_DMACmd), (8 bytes).
    Removing stm32f10x_i2c.o(.text.I2C_DMALastTransferCmd), (18 bytes).
    Removing stm32f10x_i2c.o(.ARM.exidx.text.I2C_DMALastTransferCmd), (8 bytes).
    Removing stm32f10x_i2c.o(.text.I2C_GenerateSTART), (18 bytes).
    Removing stm32f10x_i2c.o(.ARM.exidx.text.I2C_GenerateSTART), (8 bytes).
    Removing stm32f10x_i2c.o(.text.I2C_GenerateSTOP), (18 bytes).
    Removing stm32f10x_i2c.o(.ARM.exidx.text.I2C_GenerateSTOP), (8 bytes).
    Removing stm32f10x_i2c.o(.text.I2C_AcknowledgeConfig), (18 bytes).
    Removing stm32f10x_i2c.o(.ARM.exidx.text.I2C_AcknowledgeConfig), (8 bytes).
    Removing stm32f10x_i2c.o(.text.I2C_OwnAddress2Config), (12 bytes).
    Removing stm32f10x_i2c.o(.ARM.exidx.text.I2C_OwnAddress2Config), (8 bytes).
    Removing stm32f10x_i2c.o(.text.I2C_DualAddressCmd), (18 bytes).
    Removing stm32f10x_i2c.o(.ARM.exidx.text.I2C_DualAddressCmd), (8 bytes).
    Removing stm32f10x_i2c.o(.text.I2C_GeneralCallCmd), (18 bytes).
    Removing stm32f10x_i2c.o(.ARM.exidx.text.I2C_GeneralCallCmd), (8 bytes).
    Removing stm32f10x_i2c.o(.text.I2C_ITConfig), (16 bytes).
    Removing stm32f10x_i2c.o(.ARM.exidx.text.I2C_ITConfig), (8 bytes).
    Removing stm32f10x_i2c.o(.text.I2C_SendData), (4 bytes).
    Removing stm32f10x_i2c.o(.ARM.exidx.text.I2C_SendData), (8 bytes).
    Removing stm32f10x_i2c.o(.text.I2C_ReceiveData), (6 bytes).
    Removing stm32f10x_i2c.o(.ARM.exidx.text.I2C_ReceiveData), (8 bytes).
    Removing stm32f10x_i2c.o(.text.I2C_Send7bitAddress), (16 bytes).
    Removing stm32f10x_i2c.o(.ARM.exidx.text.I2C_Send7bitAddress), (8 bytes).
    Removing stm32f10x_i2c.o(.text.I2C_ReadRegister), (22 bytes).
    Removing stm32f10x_i2c.o(.ARM.exidx.text.I2C_ReadRegister), (8 bytes).
    Removing stm32f10x_i2c.o(.text.I2C_SoftwareResetCmd), (20 bytes).
    Removing stm32f10x_i2c.o(.ARM.exidx.text.I2C_SoftwareResetCmd), (8 bytes).
    Removing stm32f10x_i2c.o(.text.I2C_NACKPositionConfig), (20 bytes).
    Removing stm32f10x_i2c.o(.ARM.exidx.text.I2C_NACKPositionConfig), (8 bytes).
    Removing stm32f10x_i2c.o(.text.I2C_SMBusAlertConfig), (20 bytes).
    Removing stm32f10x_i2c.o(.ARM.exidx.text.I2C_SMBusAlertConfig), (8 bytes).
    Removing stm32f10x_i2c.o(.text.I2C_TransmitPEC), (18 bytes).
    Removing stm32f10x_i2c.o(.ARM.exidx.text.I2C_TransmitPEC), (8 bytes).
    Removing stm32f10x_i2c.o(.text.I2C_PECPositionConfig), (20 bytes).
    Removing stm32f10x_i2c.o(.ARM.exidx.text.I2C_PECPositionConfig), (8 bytes).
    Removing stm32f10x_i2c.o(.text.I2C_CalculatePEC), (18 bytes).
    Removing stm32f10x_i2c.o(.ARM.exidx.text.I2C_CalculatePEC), (8 bytes).
    Removing stm32f10x_i2c.o(.text.I2C_GetPEC), (6 bytes).
    Removing stm32f10x_i2c.o(.ARM.exidx.text.I2C_GetPEC), (8 bytes).
    Removing stm32f10x_i2c.o(.text.I2C_ARPCmd), (18 bytes).
    Removing stm32f10x_i2c.o(.ARM.exidx.text.I2C_ARPCmd), (8 bytes).
    Removing stm32f10x_i2c.o(.text.I2C_StretchClockCmd), (18 bytes).
    Removing stm32f10x_i2c.o(.ARM.exidx.text.I2C_StretchClockCmd), (8 bytes).
    Removing stm32f10x_i2c.o(.text.I2C_FastModeDutyCycleConfig), (20 bytes).
    Removing stm32f10x_i2c.o(.ARM.exidx.text.I2C_FastModeDutyCycleConfig), (8 bytes).
    Removing stm32f10x_i2c.o(.text.I2C_CheckEvent), (22 bytes).
    Removing stm32f10x_i2c.o(.ARM.exidx.text.I2C_CheckEvent), (8 bytes).
    Removing stm32f10x_i2c.o(.text.I2C_GetLastEvent), (12 bytes).
    Removing stm32f10x_i2c.o(.ARM.exidx.text.I2C_GetLastEvent), (8 bytes).
    Removing stm32f10x_i2c.o(.text.I2C_GetFlagStatus), (48 bytes).
    Removing stm32f10x_i2c.o(.ARM.exidx.text.I2C_GetFlagStatus), (8 bytes).
    Removing stm32f10x_i2c.o(.text.I2C_ClearFlag), (6 bytes).
    Removing stm32f10x_i2c.o(.ARM.exidx.text.I2C_ClearFlag), (8 bytes).
    Removing stm32f10x_i2c.o(.text.I2C_GetITStatus), (28 bytes).
    Removing stm32f10x_i2c.o(.ARM.exidx.text.I2C_GetITStatus), (8 bytes).
    Removing stm32f10x_i2c.o(.text.I2C_ClearITPendingBit), (6 bytes).
    Removing stm32f10x_i2c.o(.ARM.exidx.text.I2C_ClearITPendingBit), (8 bytes).
    Removing stm32f10x_rcc.o(.text), (0 bytes).
    Removing stm32f10x_rcc.o(.text.RCC_DeInit), (66 bytes).
    Removing stm32f10x_rcc.o(.ARM.exidx.text.RCC_DeInit), (8 bytes).
    Removing stm32f10x_rcc.o(.text.RCC_HSEConfig), (50 bytes).
    Removing stm32f10x_rcc.o(.ARM.exidx.text.RCC_HSEConfig), (8 bytes).
    Removing stm32f10x_rcc.o(.text.RCC_WaitForHSEStartUp), (48 bytes).
    Removing stm32f10x_rcc.o(.ARM.exidx.text.RCC_WaitForHSEStartUp), (8 bytes).
    Removing stm32f10x_rcc.o(.text.RCC_GetFlagStatus), (42 bytes).
    Removing stm32f10x_rcc.o(.ARM.exidx.text.RCC_GetFlagStatus), (8 bytes).
    Removing stm32f10x_rcc.o(.text.RCC_AdjustHSICalibrationValue), (22 bytes).
    Removing stm32f10x_rcc.o(.ARM.exidx.text.RCC_AdjustHSICalibrationValue), (8 bytes).
    Removing stm32f10x_rcc.o(.text.RCC_HSICmd), (10 bytes).
    Removing stm32f10x_rcc.o(.ARM.exidx.text.RCC_HSICmd), (8 bytes).
    Removing stm32f10x_rcc.o(.text.RCC_PLLConfig), (22 bytes).
    Removing stm32f10x_rcc.o(.ARM.exidx.text.RCC_PLLConfig), (8 bytes).
    Removing stm32f10x_rcc.o(.text.RCC_PLLCmd), (10 bytes).
    Removing stm32f10x_rcc.o(.ARM.exidx.text.RCC_PLLCmd), (8 bytes).
    Removing stm32f10x_rcc.o(.text.RCC_SYSCLKConfig), (20 bytes).
    Removing stm32f10x_rcc.o(.ARM.exidx.text.RCC_SYSCLKConfig), (8 bytes).
    Removing stm32f10x_rcc.o(.text.RCC_GetSYSCLKSource), (16 bytes).
    Removing stm32f10x_rcc.o(.ARM.exidx.text.RCC_GetSYSCLKSource), (8 bytes).
    Removing stm32f10x_rcc.o(.text.RCC_HCLKConfig), (20 bytes).
    Removing stm32f10x_rcc.o(.ARM.exidx.text.RCC_HCLKConfig), (8 bytes).
    Removing stm32f10x_rcc.o(.text.RCC_PCLK1Config), (20 bytes).
    Removing stm32f10x_rcc.o(.ARM.exidx.text.RCC_PCLK1Config), (8 bytes).
    Removing stm32f10x_rcc.o(.text.RCC_PCLK2Config), (22 bytes).
    Removing stm32f10x_rcc.o(.ARM.exidx.text.RCC_PCLK2Config), (8 bytes).
    Removing stm32f10x_rcc.o(.text.RCC_ITConfig), (24 bytes).
    Removing stm32f10x_rcc.o(.ARM.exidx.text.RCC_ITConfig), (8 bytes).
    Removing stm32f10x_rcc.o(.text.RCC_USBCLKConfig), (10 bytes).
    Removing stm32f10x_rcc.o(.ARM.exidx.text.RCC_USBCLKConfig), (8 bytes).
    Removing stm32f10x_rcc.o(.text.RCC_ADCCLKConfig), (20 bytes).
    Removing stm32f10x_rcc.o(.ARM.exidx.text.RCC_ADCCLKConfig), (8 bytes).
    Removing stm32f10x_rcc.o(.text.RCC_LSEConfig), (30 bytes).
    Removing stm32f10x_rcc.o(.ARM.exidx.text.RCC_LSEConfig), (8 bytes).
    Removing stm32f10x_rcc.o(.text.RCC_LSICmd), (12 bytes).
    Removing stm32f10x_rcc.o(.ARM.exidx.text.RCC_LSICmd), (8 bytes).
    Removing stm32f10x_rcc.o(.text.RCC_RTCCLKConfig), (16 bytes).
    Removing stm32f10x_rcc.o(.ARM.exidx.text.RCC_RTCCLKConfig), (8 bytes).
    Removing stm32f10x_rcc.o(.text.RCC_RTCCLKCmd), (12 bytes).
    Removing stm32f10x_rcc.o(.ARM.exidx.text.RCC_RTCCLKCmd), (8 bytes).
    Removing stm32f10x_rcc.o(.text.RCC_GetClocksFreq), (160 bytes).
    Removing stm32f10x_rcc.o(.ARM.exidx.text.RCC_GetClocksFreq), (8 bytes).
    Removing stm32f10x_rcc.o(.text.RCC_AHBPeriphClockCmd), (24 bytes).
    Removing stm32f10x_rcc.o(.ARM.exidx.text.RCC_AHBPeriphClockCmd), (8 bytes).
    Removing stm32f10x_rcc.o(.ARM.exidx.text.RCC_APB2PeriphClockCmd), (8 bytes).
    Removing stm32f10x_rcc.o(.text.RCC_APB1PeriphClockCmd), (24 bytes).
    Removing stm32f10x_rcc.o(.ARM.exidx.text.RCC_APB1PeriphClockCmd), (8 bytes).
    Removing stm32f10x_rcc.o(.text.RCC_APB2PeriphResetCmd), (24 bytes).
    Removing stm32f10x_rcc.o(.ARM.exidx.text.RCC_APB2PeriphResetCmd), (8 bytes).
    Removing stm32f10x_rcc.o(.text.RCC_APB1PeriphResetCmd), (24 bytes).
    Removing stm32f10x_rcc.o(.ARM.exidx.text.RCC_APB1PeriphResetCmd), (8 bytes).
    Removing stm32f10x_rcc.o(.text.RCC_BackupResetCmd), (12 bytes).
    Removing stm32f10x_rcc.o(.ARM.exidx.text.RCC_BackupResetCmd), (8 bytes).
    Removing stm32f10x_rcc.o(.text.RCC_ClockSecuritySystemCmd), (10 bytes).
    Removing stm32f10x_rcc.o(.ARM.exidx.text.RCC_ClockSecuritySystemCmd), (8 bytes).
    Removing stm32f10x_rcc.o(.text.RCC_MCOConfig), (12 bytes).
    Removing stm32f10x_rcc.o(.ARM.exidx.text.RCC_MCOConfig), (8 bytes).
    Removing stm32f10x_rcc.o(.text.RCC_ClearFlag), (18 bytes).
    Removing stm32f10x_rcc.o(.ARM.exidx.text.RCC_ClearFlag), (8 bytes).
    Removing stm32f10x_rcc.o(.text.RCC_GetITStatus), (18 bytes).
    Removing stm32f10x_rcc.o(.ARM.exidx.text.RCC_GetITStatus), (8 bytes).
    Removing stm32f10x_rcc.o(.text.RCC_ClearITPendingBit), (12 bytes).
    Removing stm32f10x_rcc.o(.ARM.exidx.text.RCC_ClearITPendingBit), (8 bytes).
    Removing stm32f10x_rcc.o(.rodata.APBAHBPrescTable), (16 bytes).
    Removing stm32f10x_rcc.o(.rodata.ADCPrescTable), (4 bytes).
    Removing stm32f10x_usart.o(.text), (0 bytes).
    Removing stm32f10x_usart.o(.text.USART_DeInit), (174 bytes).
    Removing stm32f10x_usart.o(.ARM.exidx.text.USART_DeInit), (8 bytes).
    Removing stm32f10x_usart.o(.text.USART_Init), (178 bytes).
    Removing stm32f10x_usart.o(.ARM.exidx.text.USART_Init), (8 bytes).
    Removing stm32f10x_usart.o(.text.USART_StructInit), (18 bytes).
    Removing stm32f10x_usart.o(.ARM.exidx.text.USART_StructInit), (8 bytes).
    Removing stm32f10x_usart.o(.text.USART_ClockInit), (34 bytes).
    Removing stm32f10x_usart.o(.ARM.exidx.text.USART_ClockInit), (8 bytes).
    Removing stm32f10x_usart.o(.text.USART_ClockStructInit), (8 bytes).
    Removing stm32f10x_usart.o(.ARM.exidx.text.USART_ClockStructInit), (8 bytes).
    Removing stm32f10x_usart.o(.text.USART_Cmd), (18 bytes).
    Removing stm32f10x_usart.o(.ARM.exidx.text.USART_Cmd), (8 bytes).
    Removing stm32f10x_usart.o(.text.USART_ITConfig), (46 bytes).
    Removing stm32f10x_usart.o(.ARM.exidx.text.USART_ITConfig), (8 bytes).
    Removing stm32f10x_usart.o(.text.USART_DMACmd), (16 bytes).
    Removing stm32f10x_usart.o(.ARM.exidx.text.USART_DMACmd), (8 bytes).
    Removing stm32f10x_usart.o(.text.USART_SetAddress), (16 bytes).
    Removing stm32f10x_usart.o(.ARM.exidx.text.USART_SetAddress), (8 bytes).
    Removing stm32f10x_usart.o(.text.USART_WakeUpConfig), (16 bytes).
    Removing stm32f10x_usart.o(.ARM.exidx.text.USART_WakeUpConfig), (8 bytes).
    Removing stm32f10x_usart.o(.text.USART_ReceiverWakeUpCmd), (18 bytes).
    Removing stm32f10x_usart.o(.ARM.exidx.text.USART_ReceiverWakeUpCmd), (8 bytes).
    Removing stm32f10x_usart.o(.text.USART_LINBreakDetectLengthConfig), (16 bytes).
    Removing stm32f10x_usart.o(.ARM.exidx.text.USART_LINBreakDetectLengthConfig), (8 bytes).
    Removing stm32f10x_usart.o(.text.USART_LINCmd), (18 bytes).
    Removing stm32f10x_usart.o(.ARM.exidx.text.USART_LINCmd), (8 bytes).
    Removing stm32f10x_usart.o(.text.USART_SendData), (8 bytes).
    Removing stm32f10x_usart.o(.ARM.exidx.text.USART_SendData), (8 bytes).
    Removing stm32f10x_usart.o(.text.USART_ReceiveData), (8 bytes).
    Removing stm32f10x_usart.o(.ARM.exidx.text.USART_ReceiveData), (8 bytes).
    Removing stm32f10x_usart.o(.text.USART_SendBreak), (10 bytes).
    Removing stm32f10x_usart.o(.ARM.exidx.text.USART_SendBreak), (8 bytes).
    Removing stm32f10x_usart.o(.text.USART_SetGuardTime), (16 bytes).
    Removing stm32f10x_usart.o(.ARM.exidx.text.USART_SetGuardTime), (8 bytes).
    Removing stm32f10x_usart.o(.text.USART_SetPrescaler), (16 bytes).
    Removing stm32f10x_usart.o(.ARM.exidx.text.USART_SetPrescaler), (8 bytes).
    Removing stm32f10x_usart.o(.text.USART_SmartCardCmd), (18 bytes).
    Removing stm32f10x_usart.o(.ARM.exidx.text.USART_SmartCardCmd), (8 bytes).
    Removing stm32f10x_usart.o(.text.USART_SmartCardNACKCmd), (18 bytes).
    Removing stm32f10x_usart.o(.ARM.exidx.text.USART_SmartCardNACKCmd), (8 bytes).
    Removing stm32f10x_usart.o(.text.USART_HalfDuplexCmd), (18 bytes).
    Removing stm32f10x_usart.o(.ARM.exidx.text.USART_HalfDuplexCmd), (8 bytes).
    Removing stm32f10x_usart.o(.text.USART_OverSampling8Cmd), (20 bytes).
    Removing stm32f10x_usart.o(.ARM.exidx.text.USART_OverSampling8Cmd), (8 bytes).
    Removing stm32f10x_usart.o(.text.USART_OneBitMethodCmd), (18 bytes).
    Removing stm32f10x_usart.o(.ARM.exidx.text.USART_OneBitMethodCmd), (8 bytes).
    Removing stm32f10x_usart.o(.text.USART_IrDAConfig), (16 bytes).
    Removing stm32f10x_usart.o(.ARM.exidx.text.USART_IrDAConfig), (8 bytes).
    Removing stm32f10x_usart.o(.text.USART_IrDACmd), (18 bytes).
    Removing stm32f10x_usart.o(.ARM.exidx.text.USART_IrDACmd), (8 bytes).
    Removing stm32f10x_usart.o(.text.USART_GetFlagStatus), (10 bytes).
    Removing stm32f10x_usart.o(.ARM.exidx.text.USART_GetFlagStatus), (8 bytes).
    Removing stm32f10x_usart.o(.text.USART_ClearFlag), (6 bytes).
    Removing stm32f10x_usart.o(.ARM.exidx.text.USART_ClearFlag), (8 bytes).
    Removing stm32f10x_usart.o(.text.USART_GetITStatus), (58 bytes).
    Removing stm32f10x_usart.o(.ARM.exidx.text.USART_GetITStatus), (8 bytes).
    Removing stm32f10x_usart.o(.text.USART_ClearITPendingBit), (14 bytes).
    Removing stm32f10x_usart.o(.ARM.exidx.text.USART_ClearITPendingBit), (8 bytes).
    Removing system_stm32f10x.o(.text), (0 bytes).
    Removing system_stm32f10x.o(.ARM.exidx.text.SystemInit), (8 bytes).
    Removing system_stm32f10x.o(.ARM.exidx.text.SetSysClock), (8 bytes).
    Removing system_stm32f10x.o(.ARM.exidx.text.SystemCoreClockUpdate), (8 bytes).
    Removing system_stm32f10x.o(.ARM.exidx.text.SetSysClockTo72), (8 bytes).

390 unused section(s) (total 10007 bytes) removed from the image.

==============================================================================

Image Symbol Table

    Local Symbols

    Symbol Name                              Value     Ov Type        Size  Object(Section)

    ../clib/angel/boardlib.s                 0x00000000   Number         0  boardinit1.o ABSOLUTE
    ../clib/angel/boardlib.s                 0x00000000   Number         0  boardinit2.o ABSOLUTE
    ../clib/angel/boardlib.s                 0x00000000   Number         0  boardinit3.o ABSOLUTE
    ../clib/angel/boardlib.s                 0x00000000   Number         0  boardshut.o ABSOLUTE
    ../clib/angel/handlers.s                 0x00000000   Number         0  __scatter_copy.o ABSOLUTE
    ../clib/angel/handlers.s                 0x00000000   Number         0  __scatter_zi.o ABSOLUTE
    ../clib/angel/kernel.s                   0x00000000   Number         0  __rtentry.o ABSOLUTE
    ../clib/angel/kernel.s                   0x00000000   Number         0  __rtentry2.o ABSOLUTE
    ../clib/angel/kernel.s                   0x00000000   Number         0  __rtentry4.o ABSOLUTE
    ../clib/angel/kernel.s                   0x00000000   Number         0  rtexit.o ABSOLUTE
    ../clib/angel/kernel.s                   0x00000000   Number         0  rtexit2.o ABSOLUTE
    ../clib/angel/rt.s                       0x00000000   Number         0  rt_raise.o ABSOLUTE
    ../clib/angel/scatter.s                  0x00000000   Number         0  __scatter.o ABSOLUTE
    ../clib/angel/startup.s                  0x00000000   Number         0  __main.o ABSOLUTE
    ../clib/angel/sys.s                      0x00000000   Number         0  sys_stackheap_outer.o ABSOLUTE
    ../clib/angel/sys.s                      0x00000000   Number         0  libspace.o ABSOLUTE
    ../clib/angel/sys.s                      0x00000000   Number         0  use_no_semi.o ABSOLUTE
    ../clib/angel/sys.s                      0x00000000   Number         0  indicate_semi.o ABSOLUTE
    ../clib/angel/sysapp.c                   0x00000000   Number         0  sys_command.o ABSOLUTE
    ../clib/angel/sysapp.c                   0x00000000   Number         0  sys_command_hlt.o ABSOLUTE
    ../clib/angel/sysapp.c                   0x00000000   Number         0  sys_exit.o ABSOLUTE
    ../clib/angel/sysapp.c                   0x00000000   Number         0  sys_exit_hlt.o ABSOLUTE
    ../clib/angel/sysapp.c                   0x00000000   Number         0  sys_wrch.o ABSOLUTE
    ../clib/angel/sysapp.c                   0x00000000   Number         0  sys_wrch_hlt.o ABSOLUTE
    ../clib/arm_runtime.c                    0x00000000   Number         0  init_aeabi.o ABSOLUTE
    ../clib/arm_runtime.c                    0x00000000   Number         0  init_aeabi.o ABSOLUTE
    ../clib/armsys.c                         0x00000000   Number         0  argv_veneer.o ABSOLUTE
    ../clib/armsys.c                         0x00000000   Number         0  argv_veneer.o ABSOLUTE
    ../clib/armsys.c                         0x00000000   Number         0  _get_argv_nomalloc.o ABSOLUTE
    ../clib/armsys.c                         0x00000000   Number         0  no_argv.o ABSOLUTE
    ../clib/heapalloc.c                      0x00000000   Number         0  hrguard.o ABSOLUTE
    ../clib/heapaux.c                        0x00000000   Number         0  heapauxi.o ABSOLUTE
    ../clib/libinit.s                        0x00000000   Number         0  libinit2.o ABSOLUTE
    ../clib/libinit.s                        0x00000000   Number         0  libinit.o ABSOLUTE
    ../clib/libinit.s                        0x00000000   Number         0  libshutdown.o ABSOLUTE
    ../clib/libinit.s                        0x00000000   Number         0  libshutdown2.o ABSOLUTE
    ../clib/r_arm_target.c                   0x00000000   Number         0  __ARM_resolve_target1.o ABSOLUTE
    ../clib/r_arm_target.c                   0x00000000   Number         0  __ARM_resolve_target1_abs32.o ABSOLUTE
    ../clib/signal.c                         0x00000000   Number         0  defsig_rtmem_outer.o ABSOLUTE
    ../clib/signal.c                         0x00000000   Number         0  defsig_rtmem_formal.o ABSOLUTE
    ../clib/signal.c                         0x00000000   Number         0  defsig_exit.o ABSOLUTE
    ../clib/signal.c                         0x00000000   Number         0  defsig_rtmem_inner.o ABSOLUTE
    ../clib/signal.c                         0x00000000   Number         0  __raise.o ABSOLUTE
    ../clib/signal.c                         0x00000000   Number         0  defsig_general.o ABSOLUTE
    ../clib/signal.c                         0x00000000   Number         0  defsig_abrt_inner.o ABSOLUTE
    ../clib/signal.c                         0x00000000   Number         0  defsig_fpe_inner.o ABSOLUTE
    ../clib/signal.c                         0x00000000   Number         0  defsig_rtred_inner.o ABSOLUTE
    ../clib/signal.c                         0x00000000   Number         0  defsig_stak_inner.o ABSOLUTE
    ../clib/signal.c                         0x00000000   Number         0  defsig_pvfn_inner.o ABSOLUTE
    ../clib/signal.c                         0x00000000   Number         0  defsig_cppl_inner.o ABSOLUTE
    ../clib/signal.c                         0x00000000   Number         0  defsig_segv_inner.o ABSOLUTE
    ../clib/signal.c                         0x00000000   Number         0  defsig_other.o ABSOLUTE
    ../clib/signal.s                         0x00000000   Number         0  defsig.o ABSOLUTE
    ../clib/stdlib.c                         0x00000000   Number         0  exit.o ABSOLUTE
    ../fplib/d2f.s                           0x00000000   Number         0  d2f.o ABSOLUTE
    ../fplib/daddsub.s                       0x00000000   Number         0  daddsub_clz.o ABSOLUTE
    ../fplib/ddiv.s                          0x00000000   Number         0  ddiv.o ABSOLUTE
    ../fplib/dmul.s                          0x00000000   Number         0  dmul.o ABSOLUTE
    ../fplib/dnaninf.s                       0x00000000   Number         0  dnaninf.o ABSOLUTE
    ../fplib/dretinf.s                       0x00000000   Number         0  dretinf.o ABSOLUTE
    ../fplib/f2d.s                           0x00000000   Number         0  f2d.o ABSOLUTE
    ../fplib/faddsub.s                       0x00000000   Number         0  faddsub_clz.o ABSOLUTE
    ../fplib/fcmp.s                          0x00000000   Number         0  fcmp.o ABSOLUTE
    ../fplib/fcmp4.s                         0x00000000   Number         0  fcmp4.o ABSOLUTE
    ../fplib/fcmpi.s                         0x00000000   Number         0  fcmpi.o ABSOLUTE
    ../fplib/fdiv.s                          0x00000000   Number         0  fdiv.o ABSOLUTE
    ../fplib/feqf.s                          0x00000000   Number         0  feqf.o ABSOLUTE
    ../fplib/ffix.s                          0x00000000   Number         0  ffix.o ABSOLUTE
    ../fplib/fflt.s                          0x00000000   Number         0  fflt_clz.o ABSOLUTE
    ../fplib/fgeqf.s                         0x00000000   Number         0  fgeqf.o ABSOLUTE
    ../fplib/fleqf.s                         0x00000000   Number         0  fleqf.o ABSOLUTE
    ../fplib/fmul.s                          0x00000000   Number         0  fmul.o ABSOLUTE
    ../fplib/fnaninf.s                       0x00000000   Number         0  fnaninf.o ABSOLUTE
    ../fplib/fpinit.s                        0x00000000   Number         0  fpinit.o ABSOLUTE
    ../fplib/fpinit_empty.s                  0x00000000   Number         0  fpinit_empty.o ABSOLUTE
    ../fplib/fretinf.s                       0x00000000   Number         0  fretinf.o ABSOLUTE
    ../fplib/usenofp.s                       0x00000000   Number         0  usenofp.o ABSOLUTE
    ../mathlib/fmax.c                        0x00000000   Number         0  fmaxf.o ABSOLUTE
    ../mathlib/fmax.c                        0x00000000   Number         0  fminf.o ABSOLUTE
    MPU6050.c                                0x00000000   Number         0  mpu6050.o ABSOLUTE
    RTE/Device/STM32F103C8/startup_stm32f10x_md.s 0x00000000   Number         0  startup_stm32f10x_md.o ABSOLUTE
    button.c                                 0x00000000   Number         0  button.o ABSOLUTE
    dc.s                                     0x00000000   Number         0  dc.o ABSOLUTE
    debug.c                                  0x00000000   Number         0  debug.o ABSOLUTE
    delay.c                                  0x00000000   Number         0  delay.o ABSOLUTE
    i2c.c                                    0x00000000   Number         0  i2c.o ABSOLUTE
    i2c_2.c                                  0x00000000   Number         0  i2c_2.o ABSOLUTE
    main.c                                   0x00000000   Number         0  main.o ABSOLUTE
    maths.c                                  0x00000000   Number         0  maths.o ABSOLUTE
    menu.c                                   0x00000000   Number         0  menu.o ABSOLUTE
    misc.c                                   0x00000000   Number         0  misc.o ABSOLUTE
    oled.c                                   0x00000000   Number         0  oled.o ABSOLUTE
    stm32f10x_gpio.c                         0x00000000   Number         0  stm32f10x_gpio.o ABSOLUTE
    stm32f10x_i2c.c                          0x00000000   Number         0  stm32f10x_i2c.o ABSOLUTE
    stm32f10x_rcc.c                          0x00000000   Number         0  stm32f10x_rcc.o ABSOLUTE
    stm32f10x_usart.c                        0x00000000   Number         0  stm32f10x_usart.o ABSOLUTE
    system_stm32f10x.c                       0x00000000   Number         0  system_stm32f10x.o ABSOLUTE
    uart.c                                   0x00000000   Number         0  uart.o ABSOLUTE
    RESET                                    0x08000000   Section      236  startup_stm32f10x_md.o(RESET)
    !!!main                                  0x080000ec   Section        8  __main.o(!!!main)
    !!!scatter                               0x080000f4   Section       52  __scatter.o(!!!scatter)
    !!handler_copy                           0x08000128   Section       26  __scatter_copy.o(!!handler_copy)
    !!handler_zi                             0x08000144   Section       28  __scatter_zi.o(!!handler_zi)
    .ARM.Collect$$libinit$$00000000          0x08000160   Section        2  libinit.o(.ARM.Collect$$libinit$$00000000)
    .ARM.Collect$$libinit$$00000002          0x08000162   Section        0  libinit2.o(.ARM.Collect$$libinit$$00000002)
    .ARM.Collect$$libinit$$00000004          0x08000162   Section        0  libinit2.o(.ARM.Collect$$libinit$$00000004)
    .ARM.Collect$$libinit$$0000000A          0x08000162   Section        0  libinit2.o(.ARM.Collect$$libinit$$0000000A)
    .ARM.Collect$$libinit$$0000000C          0x08000162   Section        0  libinit2.o(.ARM.Collect$$libinit$$0000000C)
    .ARM.Collect$$libinit$$0000000E          0x08000162   Section        0  libinit2.o(.ARM.Collect$$libinit$$0000000E)
    .ARM.Collect$$libinit$$00000011          0x08000162   Section        0  libinit2.o(.ARM.Collect$$libinit$$00000011)
    .ARM.Collect$$libinit$$00000013          0x08000162   Section        0  libinit2.o(.ARM.Collect$$libinit$$00000013)
    .ARM.Collect$$libinit$$00000015          0x08000162   Section        0  libinit2.o(.ARM.Collect$$libinit$$00000015)
    .ARM.Collect$$libinit$$00000017          0x08000162   Section        0  libinit2.o(.ARM.Collect$$libinit$$00000017)
    .ARM.Collect$$libinit$$00000019          0x08000162   Section        0  libinit2.o(.ARM.Collect$$libinit$$00000019)
    .ARM.Collect$$libinit$$0000001B          0x08000162   Section        0  libinit2.o(.ARM.Collect$$libinit$$0000001B)
    .ARM.Collect$$libinit$$0000001D          0x08000162   Section        0  libinit2.o(.ARM.Collect$$libinit$$0000001D)
    .ARM.Collect$$libinit$$0000001F          0x08000162   Section        0  libinit2.o(.ARM.Collect$$libinit$$0000001F)
    .ARM.Collect$$libinit$$00000021          0x08000162   Section        0  libinit2.o(.ARM.Collect$$libinit$$00000021)
    .ARM.Collect$$libinit$$00000023          0x08000162   Section        0  libinit2.o(.ARM.Collect$$libinit$$00000023)
    .ARM.Collect$$libinit$$00000025          0x08000162   Section        0  libinit2.o(.ARM.Collect$$libinit$$00000025)
    .ARM.Collect$$libinit$$0000002C          0x08000162   Section        0  libinit2.o(.ARM.Collect$$libinit$$0000002C)
    .ARM.Collect$$libinit$$0000002E          0x08000162   Section        0  libinit2.o(.ARM.Collect$$libinit$$0000002E)
    .ARM.Collect$$libinit$$00000030          0x08000162   Section        0  libinit2.o(.ARM.Collect$$libinit$$00000030)
    .ARM.Collect$$libinit$$00000031          0x08000162   Section        4  libinit2.o(.ARM.Collect$$libinit$$00000031)
    .ARM.Collect$$libinit$$00000032          0x08000166   Section        0  libinit2.o(.ARM.Collect$$libinit$$00000032)
    .ARM.Collect$$libinit$$00000033          0x08000166   Section        2  libinit2.o(.ARM.Collect$$libinit$$00000033)
    .ARM.Collect$$libshutdown$$00000000      0x08000168   Section        2  libshutdown.o(.ARM.Collect$$libshutdown$$00000000)
    .ARM.Collect$$libshutdown$$00000002      0x0800016a   Section        0  libshutdown2.o(.ARM.Collect$$libshutdown$$00000002)
    .ARM.Collect$$libshutdown$$00000004      0x0800016a   Section        0  libshutdown2.o(.ARM.Collect$$libshutdown$$00000004)
    .ARM.Collect$$libshutdown$$00000007      0x0800016a   Section        0  libshutdown2.o(.ARM.Collect$$libshutdown$$00000007)
    .ARM.Collect$$libshutdown$$0000000A      0x0800016a   Section        0  libshutdown2.o(.ARM.Collect$$libshutdown$$0000000A)
    .ARM.Collect$$libshutdown$$0000000C      0x0800016a   Section        0  libshutdown2.o(.ARM.Collect$$libshutdown$$0000000C)
    .ARM.Collect$$libshutdown$$0000000F      0x0800016a   Section        0  libshutdown2.o(.ARM.Collect$$libshutdown$$0000000F)
    .ARM.Collect$$libshutdown$$00000010      0x0800016a   Section        2  libshutdown2.o(.ARM.Collect$$libshutdown$$00000010)
    .ARM.Collect$$rtentry$$00000000          0x0800016c   Section        0  __rtentry.o(.ARM.Collect$$rtentry$$00000000)
    .ARM.Collect$$rtentry$$00000002          0x0800016c   Section        0  __rtentry2.o(.ARM.Collect$$rtentry$$00000002)
    .ARM.Collect$$rtentry$$00000004          0x0800016c   Section        6  __rtentry4.o(.ARM.Collect$$rtentry$$00000004)
    .ARM.Collect$$rtentry$$00000009          0x08000172   Section        0  __rtentry2.o(.ARM.Collect$$rtentry$$00000009)
    .ARM.Collect$$rtentry$$0000000A          0x08000172   Section        4  __rtentry2.o(.ARM.Collect$$rtentry$$0000000A)
    .ARM.Collect$$rtentry$$0000000C          0x08000176   Section        0  __rtentry2.o(.ARM.Collect$$rtentry$$0000000C)
    .ARM.Collect$$rtentry$$0000000D          0x08000176   Section        8  __rtentry2.o(.ARM.Collect$$rtentry$$0000000D)
    .ARM.Collect$$rtexit$$00000000           0x0800017e   Section        2  rtexit.o(.ARM.Collect$$rtexit$$00000000)
    .ARM.Collect$$rtexit$$00000002           0x08000180   Section        0  rtexit2.o(.ARM.Collect$$rtexit$$00000002)
    .ARM.Collect$$rtexit$$00000003           0x08000180   Section        4  rtexit2.o(.ARM.Collect$$rtexit$$00000003)
    .ARM.Collect$$rtexit$$00000004           0x08000184   Section        6  rtexit2.o(.ARM.Collect$$rtexit$$00000004)
    .text                                    0x0800018c   Section       64  startup_stm32f10x_md.o(.text)
    .text                                    0x080001cc   Section        0  heapauxi.o(.text)
    .text                                    0x080001d4   Section        0  init_aeabi.o(.text)
    .text                                    0x080001f8   Section       74  sys_stackheap_outer.o(.text)
    .text                                    0x08000242   Section        0  exit.o(.text)
    .text                                    0x08000254   Section        8  libspace.o(.text)
    .text                                    0x0800025c   Section        2  use_no_semi.o(.text)
    .text                                    0x0800025e   Section        0  indicate_semi.o(.text)
    .text                                    0x08000260   Section        0  sys_exit.o(.text)
    [Anonymous Symbol]                       0x0800026c   Section        0  button.o(.text.Button_Init)
    [Anonymous Symbol]                       0x080002a0   Section        0  button.o(.text.Button_Read)
    [Anonymous Symbol]                       0x080002b8   Section        0  menu.o(.text.Check_Long_Press)
    [Anonymous Symbol]                       0x080002e0   Section        0  menu.o(.text.Check_Status)
    [Anonymous Symbol]                       0x080003b0   Section        0  delay.o(.text.Delay_Init)
    [Anonymous Symbol]                       0x080003d4   Section        0  stm32f10x_gpio.o(.text.GPIO_Init)
    [Anonymous Symbol]                       0x08000484   Section        0  stm32f10x_gpio.o(.text.GPIO_PinRemapConfig)
    [Anonymous Symbol]                       0x080004f8   Section        0  stm32f10x_gpio.o(.text.GPIO_ReadInputDataBit)
    [Anonymous Symbol]                       0x08000504   Section        0  stm32f10x_gpio.o(.text.GPIO_ReadOutputDataBit)
    [Anonymous Symbol]                       0x08000510   Section        0  stm32f10x_gpio.o(.text.GPIO_ResetBits)
    [Anonymous Symbol]                       0x08000514   Section        0  stm32f10x_gpio.o(.text.GPIO_SetBits)
    [Anonymous Symbol]                       0x08000518   Section        0  menu.o(.text.Handle_Calibration_Navigation)
    [Anonymous Symbol]                       0x0800055c   Section        0  menu.o(.text.Handle_LED_Navigation)
    [Anonymous Symbol]                       0x08000610   Section        0  i2c.o(.text.IIC_GPIO_Init)
    [Anonymous Symbol]                       0x08000650   Section        0  i2c.o(.text.IIC_Start)
    [Anonymous Symbol]                       0x08000684   Section        0  i2c.o(.text.IIC_Stop)
    [Anonymous Symbol]                       0x080006b0   Section        0  i2c.o(.text.IIC_Wait_Ack)
    [Anonymous Symbol]                       0x080006f8   Section        0  main.o(.text.Init)
    [Anonymous Symbol]                       0x08000718   Section        0  debug.o(.text.Led_Debug)
    [Anonymous Symbol]                       0x08000740   Section        0  menu.o(.text.Main_Menu)
    [Anonymous Symbol]                       0x080008a4   Section        0  oled.o(.text.OLED_Clear)
    [Anonymous Symbol]                       0x080008e8   Section        0  menu.o(.text.OLED_ClearArea)
    [Anonymous Symbol]                       0x08000920   Section        0  menu.o(.text.OLED_ClearLine)
    [Anonymous Symbol]                       0x08000948   Section        0  oled.o(.text.OLED_Init)
    [Anonymous Symbol]                       0x08000a44   Section        0  oled.o(.text.OLED_Set_Pos)
    [Anonymous Symbol]                       0x08000a6c   Section        0  oled.o(.text.OLED_ShowChar)
    [Anonymous Symbol]                       0x08000aac   Section        0  oled.o(.text.OLED_ShowNum)
    [Anonymous Symbol]                       0x08000b1c   Section        0  oled.o(.text.OLED_ShowString)
    [Anonymous Symbol]                       0x08000b54   Section        0  oled.o(.text.OLED_WR_Byte)
    [Anonymous Symbol]                       0x08000b64   Section        0  stm32f10x_rcc.o(.text.RCC_APB2PeriphClockCmd)
    [Anonymous Symbol]                       0x08000b7c   Section        0  menu.o(.text.Reset_Status)
    [Anonymous Symbol]                       0x08000b8c   Section        0  menu.o(.text.Select_Menu)
    SetSysClock                              0x08001089   Thumb Code     8  system_stm32f10x.o(.text.SetSysClock)
    [Anonymous Symbol]                       0x08001088   Section        0  system_stm32f10x.o(.text.SetSysClock)
    SetSysClockTo72                          0x08001091   Thumb Code   190  system_stm32f10x.o(.text.SetSysClockTo72)
    [Anonymous Symbol]                       0x08001090   Section        0  system_stm32f10x.o(.text.SetSysClockTo72)
    SysTick_Config                           0x08001151   Thumb Code    36  delay.o(.text.SysTick_Config)
    [Anonymous Symbol]                       0x08001150   Section        0  delay.o(.text.SysTick_Config)
    [Anonymous Symbol]                       0x08001174   Section        0  delay.o(.text.SysTick_Handler)
    [Anonymous Symbol]                       0x08001184   Section        0  system_stm32f10x.o(.text.SystemCoreClockUpdate)
    [Anonymous Symbol]                       0x080011f4   Section        0  system_stm32f10x.o(.text.SystemInit)
    [Anonymous Symbol]                       0x0800124c   Section        0  uart.o(.text.USART1_Init)
    [Anonymous Symbol]                       0x080012ac   Section        0  menu.o(.text.Update_Led)
    [Anonymous Symbol]                       0x08001414   Section        0  menu.o(.text.Update_MPU)
    [Anonymous Symbol]                       0x08001498   Section        0  i2c.o(.text.Write_IIC_Byte)
    [Anonymous Symbol]                       0x080014f8   Section        0  i2c.o(.text.Write_IIC_Command)
    [Anonymous Symbol]                       0x08001518   Section        0  i2c.o(.text.Write_IIC_Data)
    __NVIC_SetPriority                       0x08001539   Thumb Code    14  delay.o(.text.__NVIC_SetPriority)
    [Anonymous Symbol]                       0x08001538   Section        0  delay.o(.text.__NVIC_SetPriority)
    [Anonymous Symbol]                       0x08001548   Section        0  delay.o(.text.delay_ms)
    [Anonymous Symbol]                       0x08001560   Section        0  main.o(.text.main)
    [Anonymous Symbol]                       0x08001584   Section        0  delay.o(.text.millis)
    x$fpl$ffix                               0x080015a0   Section       54  ffix.o(x$fpl$ffix)
    x$fpl$fnaninf                            0x080015d6   Section      140  fnaninf.o(x$fpl$fnaninf)
    x$fpl$usenofp                            0x08001662   Section        0  usenofp.o(x$fpl$usenofp)
    .L.str.20                                0x0800189a   Data           4  menu.o(.rodata.str1.1)
    [Anonymous Symbol]                       0x0800189a   Section        0  menu.o(.rodata.str1.1)
    .L.str.4                                 0x0800189b   Data           3  menu.o(.rodata.str1.1)
    .L.str.22                                0x0800189e   Data           8  menu.o(.rodata.str1.1)
    .L.str.7                                 0x080018a0   Data           2  menu.o(.rodata.str1.1)
    .L.str.8                                 0x080018a2   Data           3  menu.o(.rodata.str1.1)
    .L.str.9                                 0x080018a5   Data           4  menu.o(.rodata.str1.1)
    .L.str.5                                 0x080018a6   Data           3  menu.o(.rodata.str1.1)
    .L.str.15                                0x080018a9   Data          10  menu.o(.rodata.str1.1)
    .L.str.13                                0x080018b3   Data          11  menu.o(.rodata.str1.1)
    .L.str.12                                0x080018be   Data          12  menu.o(.rodata.str1.1)
    .L.str.14                                0x080018ca   Data           5  menu.o(.rodata.str1.1)
    .L__const.OLED_ClearArea.spaces          0x080018d0   Data          21  menu.o(.rodata.str1.4)
    [Anonymous Symbol]                       0x080018d0   Section        0  menu.o(.rodata.str1.4)
    .init_array                              0x0800190c   Section        0  init_aeabi.o(.init_array)
    Check_Status.button_state                0x20000000   Data           3  menu.o(.data.Check_Status.button_state)
    [Anonymous Symbol]                       0x20000000   Section        0  menu.o(.data.Check_Status.button_state)
    Check_Status.last_reading                0x20000003   Data           3  menu.o(.data.Check_Status.last_reading)
    [Anonymous Symbol]                       0x20000003   Section        0  menu.o(.data.Check_Status.last_reading)
    Main_Menu.last_drawn_pos                 0x20000006   Data           1  menu.o(.data.Main_Menu.last_drawn_pos)
    [Anonymous Symbol]                       0x20000006   Section        0  menu.o(.data.Main_Menu.last_drawn_pos)
    Update_Led.last_cursor_pos               0x2000000c   Data           1  menu.o(.data.Update_Led.last_cursor_pos)
    [Anonymous Symbol]                       0x2000000c   Section        0  menu.o(.data.Update_Led.last_cursor_pos)
    Update_Led.last_page                     0x2000000d   Data           1  menu.o(.data.Update_Led.last_page)
    [Anonymous Symbol]                       0x2000000d   Section        0  menu.o(.data.Update_Led.last_page)
    .bss                                     0x20000010   Section       96  libspace.o(.bss)
    Check_Status.last_debounce_time          0x20000070   Data          12  menu.o(.bss.Check_Status.last_debounce_time)
    [Anonymous Symbol]                       0x20000070   Section        0  menu.o(.bss.Check_Status.last_debounce_time)
    Main_Menu.cursor_pos                     0x2000007c   Data           1  menu.o(.bss.Main_Menu.cursor_pos)
    [Anonymous Symbol]                       0x2000007c   Section        0  menu.o(.bss.Main_Menu.cursor_pos)
    Main_Menu.menu_initialized               0x2000007d   Data           1  menu.o(.bss.Main_Menu.menu_initialized)
    [Anonymous Symbol]                       0x2000007d   Section        0  menu.o(.bss.Main_Menu.menu_initialized)
    us                                       0x20000098   Data           4  delay.o(.bss.us)
    [Anonymous Symbol]                       0x20000098   Section        0  delay.o(.bss.us)
    Heap_Mem                                 0x200000a0   Data         512  startup_stm32f10x_md.o(HEAP)
    HEAP                                     0x200000a0   Section      512  startup_stm32f10x_md.o(HEAP)
    Stack_Mem                                0x200002a0   Data        1024  startup_stm32f10x_md.o(STACK)
    STACK                                    0x200002a0   Section     1024  startup_stm32f10x_md.o(STACK)
    __initial_sp                             0x200006a0   Data           0  startup_stm32f10x_md.o(STACK)

    Global Symbols

    Symbol Name                              Value     Ov Type        Size  Object(Section)

    BuildAttributes$$THM_ISAv4$P$D$K$B$S$PE$A:L22UL41UL21$X:L11$S22US41US21$IEEE1$IW$~IW$USESV6$~STKCKD$USESV7$~SHL$OTIME$ROPI$IEEEJ$EBA8$UX$STANDARDLIB$REQ8$PRES8$EABIv2 0x00000000   Number         0  anon$$obj.o ABSOLUTE
    __fp_init_empty                          0x00000000   Number         0  fpinit_empty.o ABSOLUTE
    __ARM_exceptions_init                     - Undefined Weak Reference
    __alloca_initialize                       - Undefined Weak Reference
    __arm_preinit_                            - Undefined Weak Reference
    __cxa_finalize                            - Undefined Weak Reference
    __rt_locale                               - Undefined Weak Reference
    __sigvec_lookup                           - Undefined Weak Reference
    _atexit_init                              - Undefined Weak Reference
    _call_atexit_fns                          - Undefined Weak Reference
    _clock_init                               - Undefined Weak Reference
    _fp_trap_init                             - Undefined Weak Reference
    _fp_trap_shutdown                         - Undefined Weak Reference
    _get_lc_collate                           - Undefined Weak Reference
    _get_lc_ctype                             - Undefined Weak Reference
    _get_lc_monetary                          - Undefined Weak Reference
    _get_lc_numeric                           - Undefined Weak Reference
    _get_lc_time                              - Undefined Weak Reference
    _getenv_init                              - Undefined Weak Reference
    _handle_redirection                       - Undefined Weak Reference
    _init_alloc                               - Undefined Weak Reference
    _init_user_alloc                          - Undefined Weak Reference
    _initio                                   - Undefined Weak Reference
    _rand_init                                - Undefined Weak Reference
    _signal_finish                            - Undefined Weak Reference
    _signal_init                              - Undefined Weak Reference
    _terminate_alloc                          - Undefined Weak Reference
    _terminate_user_alloc                     - Undefined Weak Reference
    _terminateio                              - Undefined Weak Reference
    __Vectors_Size                           0x000000ec   Number         0  startup_stm32f10x_md.o ABSOLUTE
    __Vectors                                0x08000000   Data           4  startup_stm32f10x_md.o(RESET)
    __Vectors_End                            0x080000ec   Data           0  startup_stm32f10x_md.o(RESET)
    __main                                   0x080000ed   Thumb Code     8  __main.o(!!!main)
    __scatterload                            0x080000f5   Thumb Code     0  __scatter.o(!!!scatter)
    __scatterload_rt2                        0x080000f5   Thumb Code    44  __scatter.o(!!!scatter)
    __scatterload_rt2_thumb_only             0x080000f5   Thumb Code     0  __scatter.o(!!!scatter)
    __scatterload_null                       0x08000103   Thumb Code     0  __scatter.o(!!!scatter)
    __scatterload_copy                       0x08000129   Thumb Code    26  __scatter_copy.o(!!handler_copy)
    __scatterload_zeroinit                   0x08000145   Thumb Code    28  __scatter_zi.o(!!handler_zi)
    __rt_lib_init                            0x08000161   Thumb Code     0  libinit.o(.ARM.Collect$$libinit$$00000000)
    __rt_lib_init_alloca_1                   0x08000163   Thumb Code     0  libinit2.o(.ARM.Collect$$libinit$$0000002E)
    __rt_lib_init_argv_1                     0x08000163   Thumb Code     0  libinit2.o(.ARM.Collect$$libinit$$0000002C)
    __rt_lib_init_atexit_1                   0x08000163   Thumb Code     0  libinit2.o(.ARM.Collect$$libinit$$0000001B)
    __rt_lib_init_clock_1                    0x08000163   Thumb Code     0  libinit2.o(.ARM.Collect$$libinit$$00000021)
    __rt_lib_init_cpp_2                      0x08000163   Thumb Code     0  libinit2.o(.ARM.Collect$$libinit$$00000031)
    __rt_lib_init_exceptions_1               0x08000163   Thumb Code     0  libinit2.o(.ARM.Collect$$libinit$$00000030)
    __rt_lib_init_fp_1                       0x08000163   Thumb Code     0  libinit2.o(.ARM.Collect$$libinit$$00000002)
    __rt_lib_init_fp_trap_1                  0x08000163   Thumb Code     0  libinit2.o(.ARM.Collect$$libinit$$0000001F)
    __rt_lib_init_getenv_1                   0x08000163   Thumb Code     0  libinit2.o(.ARM.Collect$$libinit$$00000023)
    __rt_lib_init_heap_1                     0x08000163   Thumb Code     0  libinit2.o(.ARM.Collect$$libinit$$0000000A)
    __rt_lib_init_lc_collate_1               0x08000163   Thumb Code     0  libinit2.o(.ARM.Collect$$libinit$$00000011)
    __rt_lib_init_lc_ctype_1                 0x08000163   Thumb Code     0  libinit2.o(.ARM.Collect$$libinit$$00000013)
    __rt_lib_init_lc_monetary_1              0x08000163   Thumb Code     0  libinit2.o(.ARM.Collect$$libinit$$00000015)
    __rt_lib_init_lc_numeric_1               0x08000163   Thumb Code     0  libinit2.o(.ARM.Collect$$libinit$$00000017)
    __rt_lib_init_lc_time_1                  0x08000163   Thumb Code     0  libinit2.o(.ARM.Collect$$libinit$$00000019)
    __rt_lib_init_preinit_1                  0x08000163   Thumb Code     0  libinit2.o(.ARM.Collect$$libinit$$00000004)
    __rt_lib_init_rand_1                     0x08000163   Thumb Code     0  libinit2.o(.ARM.Collect$$libinit$$0000000E)
    __rt_lib_init_signal_1                   0x08000163   Thumb Code     0  libinit2.o(.ARM.Collect$$libinit$$0000001D)
    __rt_lib_init_stdio_1                    0x08000163   Thumb Code     0  libinit2.o(.ARM.Collect$$libinit$$00000025)
    __rt_lib_init_user_alloc_1               0x08000163   Thumb Code     0  libinit2.o(.ARM.Collect$$libinit$$0000000C)
    __rt_lib_init_cpp_1                      0x08000167   Thumb Code     0  libinit2.o(.ARM.Collect$$libinit$$00000032)
    __rt_lib_init_return                     0x08000167   Thumb Code     0  libinit2.o(.ARM.Collect$$libinit$$00000033)
    __rt_lib_shutdown                        0x08000169   Thumb Code     0  libshutdown.o(.ARM.Collect$$libshutdown$$00000000)
    __rt_lib_shutdown_cpp_1                  0x0800016b   Thumb Code     0  libshutdown2.o(.ARM.Collect$$libshutdown$$00000002)
    __rt_lib_shutdown_fp_trap_1              0x0800016b   Thumb Code     0  libshutdown2.o(.ARM.Collect$$libshutdown$$00000007)
    __rt_lib_shutdown_heap_1                 0x0800016b   Thumb Code     0  libshutdown2.o(.ARM.Collect$$libshutdown$$0000000F)
    __rt_lib_shutdown_return                 0x0800016b   Thumb Code     0  libshutdown2.o(.ARM.Collect$$libshutdown$$00000010)
    __rt_lib_shutdown_signal_1               0x0800016b   Thumb Code     0  libshutdown2.o(.ARM.Collect$$libshutdown$$0000000A)
    __rt_lib_shutdown_stdio_1                0x0800016b   Thumb Code     0  libshutdown2.o(.ARM.Collect$$libshutdown$$00000004)
    __rt_lib_shutdown_user_alloc_1           0x0800016b   Thumb Code     0  libshutdown2.o(.ARM.Collect$$libshutdown$$0000000C)
    __rt_entry                               0x0800016d   Thumb Code     0  __rtentry.o(.ARM.Collect$$rtentry$$00000000)
    __rt_entry_presh_1                       0x0800016d   Thumb Code     0  __rtentry2.o(.ARM.Collect$$rtentry$$00000002)
    __rt_entry_sh                            0x0800016d   Thumb Code     0  __rtentry4.o(.ARM.Collect$$rtentry$$00000004)
    __rt_entry_li                            0x08000173   Thumb Code     0  __rtentry2.o(.ARM.Collect$$rtentry$$0000000A)
    __rt_entry_postsh_1                      0x08000173   Thumb Code     0  __rtentry2.o(.ARM.Collect$$rtentry$$00000009)
    __rt_entry_main                          0x08000177   Thumb Code     0  __rtentry2.o(.ARM.Collect$$rtentry$$0000000D)
    __rt_entry_postli_1                      0x08000177   Thumb Code     0  __rtentry2.o(.ARM.Collect$$rtentry$$0000000C)
    __rt_exit                                0x0800017f   Thumb Code     0  rtexit.o(.ARM.Collect$$rtexit$$00000000)
    __rt_exit_ls                             0x08000181   Thumb Code     0  rtexit2.o(.ARM.Collect$$rtexit$$00000003)
    __rt_exit_prels_1                        0x08000181   Thumb Code     0  rtexit2.o(.ARM.Collect$$rtexit$$00000002)
    __rt_exit_exit                           0x08000185   Thumb Code     0  rtexit2.o(.ARM.Collect$$rtexit$$00000004)
    Reset_Handler                            0x0800018d   Thumb Code     8  startup_stm32f10x_md.o(.text)
    NMI_Handler                              0x08000195   Thumb Code     2  startup_stm32f10x_md.o(.text)
    HardFault_Handler                        0x08000197   Thumb Code     2  startup_stm32f10x_md.o(.text)
    MemManage_Handler                        0x08000199   Thumb Code     2  startup_stm32f10x_md.o(.text)
    BusFault_Handler                         0x0800019b   Thumb Code     2  startup_stm32f10x_md.o(.text)
    UsageFault_Handler                       0x0800019d   Thumb Code     2  startup_stm32f10x_md.o(.text)
    SVC_Handler                              0x0800019f   Thumb Code     2  startup_stm32f10x_md.o(.text)
    DebugMon_Handler                         0x080001a1   Thumb Code     2  startup_stm32f10x_md.o(.text)
    PendSV_Handler                           0x080001a3   Thumb Code     2  startup_stm32f10x_md.o(.text)
    ADC1_2_IRQHandler                        0x080001a7   Thumb Code     0  startup_stm32f10x_md.o(.text)
    CAN1_RX1_IRQHandler                      0x080001a7   Thumb Code     0  startup_stm32f10x_md.o(.text)
    CAN1_SCE_IRQHandler                      0x080001a7   Thumb Code     0  startup_stm32f10x_md.o(.text)
    DMA1_Channel1_IRQHandler                 0x080001a7   Thumb Code     0  startup_stm32f10x_md.o(.text)
    DMA1_Channel2_IRQHandler                 0x080001a7   Thumb Code     0  startup_stm32f10x_md.o(.text)
    DMA1_Channel3_IRQHandler                 0x080001a7   Thumb Code     0  startup_stm32f10x_md.o(.text)
    DMA1_Channel4_IRQHandler                 0x080001a7   Thumb Code     0  startup_stm32f10x_md.o(.text)
    DMA1_Channel5_IRQHandler                 0x080001a7   Thumb Code     0  startup_stm32f10x_md.o(.text)
    DMA1_Channel6_IRQHandler                 0x080001a7   Thumb Code     0  startup_stm32f10x_md.o(.text)
    DMA1_Channel7_IRQHandler                 0x080001a7   Thumb Code     0  startup_stm32f10x_md.o(.text)
    EXTI0_IRQHandler                         0x080001a7   Thumb Code     0  startup_stm32f10x_md.o(.text)
    EXTI15_10_IRQHandler                     0x080001a7   Thumb Code     0  startup_stm32f10x_md.o(.text)
    EXTI1_IRQHandler                         0x080001a7   Thumb Code     0  startup_stm32f10x_md.o(.text)
    EXTI2_IRQHandler                         0x080001a7   Thumb Code     0  startup_stm32f10x_md.o(.text)
    EXTI3_IRQHandler                         0x080001a7   Thumb Code     0  startup_stm32f10x_md.o(.text)
    EXTI4_IRQHandler                         0x080001a7   Thumb Code     0  startup_stm32f10x_md.o(.text)
    EXTI9_5_IRQHandler                       0x080001a7   Thumb Code     0  startup_stm32f10x_md.o(.text)
    FLASH_IRQHandler                         0x080001a7   Thumb Code     0  startup_stm32f10x_md.o(.text)
    I2C1_ER_IRQHandler                       0x080001a7   Thumb Code     0  startup_stm32f10x_md.o(.text)
    I2C1_EV_IRQHandler                       0x080001a7   Thumb Code     0  startup_stm32f10x_md.o(.text)
    I2C2_ER_IRQHandler                       0x080001a7   Thumb Code     0  startup_stm32f10x_md.o(.text)
    I2C2_EV_IRQHandler                       0x080001a7   Thumb Code     0  startup_stm32f10x_md.o(.text)
    PVD_IRQHandler                           0x080001a7   Thumb Code     0  startup_stm32f10x_md.o(.text)
    RCC_IRQHandler                           0x080001a7   Thumb Code     0  startup_stm32f10x_md.o(.text)
    RTCAlarm_IRQHandler                      0x080001a7   Thumb Code     0  startup_stm32f10x_md.o(.text)
    RTC_IRQHandler                           0x080001a7   Thumb Code     0  startup_stm32f10x_md.o(.text)
    SPI1_IRQHandler                          0x080001a7   Thumb Code     0  startup_stm32f10x_md.o(.text)
    SPI2_IRQHandler                          0x080001a7   Thumb Code     0  startup_stm32f10x_md.o(.text)
    TAMPER_IRQHandler                        0x080001a7   Thumb Code     0  startup_stm32f10x_md.o(.text)
    TIM1_BRK_IRQHandler                      0x080001a7   Thumb Code     0  startup_stm32f10x_md.o(.text)
    TIM1_CC_IRQHandler                       0x080001a7   Thumb Code     0  startup_stm32f10x_md.o(.text)
    TIM1_TRG_COM_IRQHandler                  0x080001a7   Thumb Code     0  startup_stm32f10x_md.o(.text)
    TIM1_UP_IRQHandler                       0x080001a7   Thumb Code     0  startup_stm32f10x_md.o(.text)
    TIM2_IRQHandler                          0x080001a7   Thumb Code     0  startup_stm32f10x_md.o(.text)
    TIM3_IRQHandler                          0x080001a7   Thumb Code     0  startup_stm32f10x_md.o(.text)
    TIM4_IRQHandler                          0x080001a7   Thumb Code     0  startup_stm32f10x_md.o(.text)
    USART1_IRQHandler                        0x080001a7   Thumb Code     0  startup_stm32f10x_md.o(.text)
    USART2_IRQHandler                        0x080001a7   Thumb Code     0  startup_stm32f10x_md.o(.text)
    USART3_IRQHandler                        0x080001a7   Thumb Code     0  startup_stm32f10x_md.o(.text)
    USBWakeUp_IRQHandler                     0x080001a7   Thumb Code     0  startup_stm32f10x_md.o(.text)
    USB_HP_CAN1_TX_IRQHandler                0x080001a7   Thumb Code     0  startup_stm32f10x_md.o(.text)
    USB_LP_CAN1_RX0_IRQHandler               0x080001a7   Thumb Code     0  startup_stm32f10x_md.o(.text)
    WWDG_IRQHandler                          0x080001a7   Thumb Code     0  startup_stm32f10x_md.o(.text)
    __user_initial_stackheap                 0x080001a9   Thumb Code     0  startup_stm32f10x_md.o(.text)
    __use_two_region_memory                  0x080001cd   Thumb Code     2  heapauxi.o(.text)
    __rt_heap_escrow$2region                 0x080001cf   Thumb Code     2  heapauxi.o(.text)
    __rt_heap_expand$2region                 0x080001d1   Thumb Code     2  heapauxi.o(.text)
    __cpp_initialize__aeabi_                 0x080001d5   Thumb Code    28  init_aeabi.o(.text)
    __user_setup_stackheap                   0x080001f9   Thumb Code    74  sys_stackheap_outer.o(.text)
    exit                                     0x08000243   Thumb Code    18  exit.o(.text)
    __user_libspace                          0x08000255   Thumb Code     8  libspace.o(.text)
    __user_perproc_libspace                  0x08000255   Thumb Code     0  libspace.o(.text)
    __user_perthread_libspace                0x08000255   Thumb Code     0  libspace.o(.text)
    __I$use$semihosting                      0x0800025d   Thumb Code     0  use_no_semi.o(.text)
    __use_no_semihosting_swi                 0x0800025d   Thumb Code     2  use_no_semi.o(.text)
    __semihosting_library_function           0x0800025f   Thumb Code     0  indicate_semi.o(.text)
    _sys_exit                                0x08000261   Thumb Code     8  sys_exit.o(.text)
    Button_Init                              0x0800026d   Thumb Code    52  button.o(.text.Button_Init)
    Button_Read                              0x080002a1   Thumb Code    24  button.o(.text.Button_Read)
    Check_Long_Press                         0x080002b9   Thumb Code    38  menu.o(.text.Check_Long_Press)
    Check_Status                             0x080002e1   Thumb Code   208  menu.o(.text.Check_Status)
    Delay_Init                               0x080003b1   Thumb Code    36  delay.o(.text.Delay_Init)
    GPIO_Init                                0x080003d5   Thumb Code   176  stm32f10x_gpio.o(.text.GPIO_Init)
    GPIO_PinRemapConfig                      0x08000485   Thumb Code   116  stm32f10x_gpio.o(.text.GPIO_PinRemapConfig)
    GPIO_ReadInputDataBit                    0x080004f9   Thumb Code    10  stm32f10x_gpio.o(.text.GPIO_ReadInputDataBit)
    GPIO_ReadOutputDataBit                   0x08000505   Thumb Code    10  stm32f10x_gpio.o(.text.GPIO_ReadOutputDataBit)
    GPIO_ResetBits                           0x08000511   Thumb Code     4  stm32f10x_gpio.o(.text.GPIO_ResetBits)
    GPIO_SetBits                             0x08000515   Thumb Code     4  stm32f10x_gpio.o(.text.GPIO_SetBits)
    Handle_Calibration_Navigation            0x08000519   Thumb Code    68  menu.o(.text.Handle_Calibration_Navigation)
    Handle_LED_Navigation                    0x0800055d   Thumb Code   178  menu.o(.text.Handle_LED_Navigation)
    IIC_GPIO_Init                            0x08000611   Thumb Code    62  i2c.o(.text.IIC_GPIO_Init)
    IIC_Start                                0x08000651   Thumb Code    52  i2c.o(.text.IIC_Start)
    IIC_Stop                                 0x08000685   Thumb Code    42  i2c.o(.text.IIC_Stop)
    IIC_Wait_Ack                             0x080006b1   Thumb Code    72  i2c.o(.text.IIC_Wait_Ack)
    Init                                     0x080006f9   Thumb Code    32  main.o(.text.Init)
    Led_Debug                                0x08000719   Thumb Code    40  debug.o(.text.Led_Debug)
    Main_Menu                                0x08000741   Thumb Code   356  menu.o(.text.Main_Menu)
    OLED_Clear                               0x080008a5   Thumb Code    66  oled.o(.text.OLED_Clear)
    OLED_ClearArea                           0x080008e9   Thumb Code    54  menu.o(.text.OLED_ClearArea)
    OLED_ClearLine                           0x08000921   Thumb Code    40  menu.o(.text.OLED_ClearLine)
    OLED_Init                                0x08000949   Thumb Code   250  oled.o(.text.OLED_Init)
    OLED_Set_Pos                             0x08000a45   Thumb Code    38  oled.o(.text.OLED_Set_Pos)
    OLED_ShowChar                            0x08000a6d   Thumb Code    62  oled.o(.text.OLED_ShowChar)
    OLED_ShowNum                             0x08000aad   Thumb Code   110  oled.o(.text.OLED_ShowNum)
    OLED_ShowString                          0x08000b1d   Thumb Code    54  oled.o(.text.OLED_ShowString)
    OLED_WR_Byte                             0x08000b55   Thumb Code    16  oled.o(.text.OLED_WR_Byte)
    RCC_APB2PeriphClockCmd                   0x08000b65   Thumb Code    24  stm32f10x_rcc.o(.text.RCC_APB2PeriphClockCmd)
    Reset_Status                             0x08000b7d   Thumb Code    16  menu.o(.text.Reset_Status)
    Select_Menu                              0x08000b8d   Thumb Code  1276  menu.o(.text.Select_Menu)
    SysTick_Handler                          0x08001175   Thumb Code    16  delay.o(.text.SysTick_Handler)
    SystemCoreClockUpdate                    0x08001185   Thumb Code   110  system_stm32f10x.o(.text.SystemCoreClockUpdate)
    SystemInit                               0x080011f5   Thumb Code    86  system_stm32f10x.o(.text.SystemInit)
    USART1_Init                              0x0800124d   Thumb Code    94  uart.o(.text.USART1_Init)
    Update_Led                               0x080012ad   Thumb Code   360  menu.o(.text.Update_Led)
    Update_MPU                               0x08001415   Thumb Code   132  menu.o(.text.Update_MPU)
    Write_IIC_Byte                           0x08001499   Thumb Code    96  i2c.o(.text.Write_IIC_Byte)
    Write_IIC_Command                        0x080014f9   Thumb Code    32  i2c.o(.text.Write_IIC_Command)
    Write_IIC_Data                           0x08001519   Thumb Code    32  i2c.o(.text.Write_IIC_Data)
    delay_ms                                 0x08001549   Thumb Code    24  delay.o(.text.delay_ms)
    main                                     0x08001561   Thumb Code    36  main.o(.text.main)
    millis                                   0x08001585   Thumb Code    26  delay.o(.text.millis)
    __aeabi_f2iz                             0x080015a1   Thumb Code     0  ffix.o(x$fpl$ffix)
    _ffix                                    0x080015a1   Thumb Code    54  ffix.o(x$fpl$ffix)
    __fpl_fnaninf                            0x080015d7   Thumb Code   140  fnaninf.o(x$fpl$fnaninf)
    AHBPrescTable                            0x08001662   Data          16  system_stm32f10x.o(.rodata.AHBPrescTable)
    __I$use$fp                               0x08001662   Number         0  usenofp.o(x$fpl$usenofp)
    F6x8                                     0x08001672   Data         552  oled.o(.rodata.F6x8)
    Region$$Table$$Base                      0x080018e8   Number         0  anon$$obj.o(Region$$Table)
    Region$$Table$$Limit                     0x08001908   Number         0  anon$$obj.o(Region$$Table)
    SHT$$INIT_ARRAY$$Base                    0x08001908   Number         0  delay.o(.init_array)
    SHT$$INIT_ARRAY$$Limit                   0x0800190c   Number         0  init_aeabi.o(.init_array)
    SystemCoreClock                          0x20000008   Data           4  system_stm32f10x.o(.data.SystemCoreClock)
    __libspace_start                         0x20000010   Data          96  libspace.o(.bss)
    __temporary_stack_top$libspace           0x20000070   Data           0  libspace.o(.bss)
    calibrated_angle                         0x20000080   Data           4  menu.o(.bss.calibrated_angle)
    calibrated_leds                          0x20000084   Data           8  menu.o(.bss.calibrated_leds)
    flag_stt                                 0x2000008c   Data           3  menu.o(.bss.flag_stt)
    stt_1                                    0x20000090   Data           2  menu.o(.bss.stt_1)
    stt_2                                    0x20000092   Data           2  menu.o(.bss.stt_2)
    stt_3                                    0x20000094   Data           2  menu.o(.bss.stt_3)



==============================================================================

Memory Map of the image

  Image Entry point : 0x080000ed

  Load Region LR_IROM1 (Base: 0x08000000, Size: 0x00001920, Max: 0x00010000, ABSOLUTE)

    Execution Region ER_IROM1 (Exec base: 0x08000000, Load base: 0x08000000, Size: 0x0000190c, Max: 0x00010000, ABSOLUTE)

    Exec Addr    Load Addr    Size         Type   Attr      Idx    E Section Name        Object

    0x08000000   0x08000000   0x000000ec   Data   RO          563    RESET               startup_stm32f10x_md.o
    0x080000ec   0x080000ec   0x00000008   Code   RO          592  * !!!main             c_w.l(__main.o)
    0x080000f4   0x080000f4   0x00000034   Code   RO          830    !!!scatter          c_w.l(__scatter.o)
    0x08000128   0x08000128   0x0000001a   Code   RO          832    !!handler_copy      c_w.l(__scatter_copy.o)
    0x08000142   0x08000142   0x00000002   PAD
    0x08000144   0x08000144   0x0000001c   Code   RO          834    !!handler_zi        c_w.l(__scatter_zi.o)
    0x08000160   0x08000160   0x00000002   Code   RO          747    .ARM.Collect$$libinit$$00000000  c_w.l(libinit.o)
    0x08000162   0x08000162   0x00000000   Code   RO          646    .ARM.Collect$$libinit$$00000002  c_w.l(libinit2.o)
    0x08000162   0x08000162   0x00000000   Code   RO          648    .ARM.Collect$$libinit$$00000004  c_w.l(libinit2.o)
    0x08000162   0x08000162   0x00000000   Code   RO          651    .ARM.Collect$$libinit$$0000000A  c_w.l(libinit2.o)
    0x08000162   0x08000162   0x00000000   Code   RO          653    .ARM.Collect$$libinit$$0000000C  c_w.l(libinit2.o)
    0x08000162   0x08000162   0x00000000   Code   RO          655    .ARM.Collect$$libinit$$0000000E  c_w.l(libinit2.o)
    0x08000162   0x08000162   0x00000000   Code   RO          658    .ARM.Collect$$libinit$$00000011  c_w.l(libinit2.o)
    0x08000162   0x08000162   0x00000000   Code   RO          660    .ARM.Collect$$libinit$$00000013  c_w.l(libinit2.o)
    0x08000162   0x08000162   0x00000000   Code   RO          662    .ARM.Collect$$libinit$$00000015  c_w.l(libinit2.o)
    0x08000162   0x08000162   0x00000000   Code   RO          664    .ARM.Collect$$libinit$$00000017  c_w.l(libinit2.o)
    0x08000162   0x08000162   0x00000000   Code   RO          666    .ARM.Collect$$libinit$$00000019  c_w.l(libinit2.o)
    0x08000162   0x08000162   0x00000000   Code   RO          668    .ARM.Collect$$libinit$$0000001B  c_w.l(libinit2.o)
    0x08000162   0x08000162   0x00000000   Code   RO          670    .ARM.Collect$$libinit$$0000001D  c_w.l(libinit2.o)
    0x08000162   0x08000162   0x00000000   Code   RO          672    .ARM.Collect$$libinit$$0000001F  c_w.l(libinit2.o)
    0x08000162   0x08000162   0x00000000   Code   RO          674    .ARM.Collect$$libinit$$00000021  c_w.l(libinit2.o)
    0x08000162   0x08000162   0x00000000   Code   RO          676    .ARM.Collect$$libinit$$00000023  c_w.l(libinit2.o)
    0x08000162   0x08000162   0x00000000   Code   RO          678    .ARM.Collect$$libinit$$00000025  c_w.l(libinit2.o)
    0x08000162   0x08000162   0x00000000   Code   RO          682    .ARM.Collect$$libinit$$0000002C  c_w.l(libinit2.o)
    0x08000162   0x08000162   0x00000000   Code   RO          684    .ARM.Collect$$libinit$$0000002E  c_w.l(libinit2.o)
    0x08000162   0x08000162   0x00000000   Code   RO          686    .ARM.Collect$$libinit$$00000030  c_w.l(libinit2.o)
    0x08000162   0x08000162   0x00000004   Code   RO          687    .ARM.Collect$$libinit$$00000031  c_w.l(libinit2.o)
    0x08000166   0x08000166   0x00000000   Code   RO          688    .ARM.Collect$$libinit$$00000032  c_w.l(libinit2.o)
    0x08000166   0x08000166   0x00000002   Code   RO          689    .ARM.Collect$$libinit$$00000033  c_w.l(libinit2.o)
    0x08000168   0x08000168   0x00000002   Code   RO          789    .ARM.Collect$$libshutdown$$00000000  c_w.l(libshutdown.o)
    0x0800016a   0x0800016a   0x00000000   Code   RO          797    .ARM.Collect$$libshutdown$$00000002  c_w.l(libshutdown2.o)
    0x0800016a   0x0800016a   0x00000000   Code   RO          799    .ARM.Collect$$libshutdown$$00000004  c_w.l(libshutdown2.o)
    0x0800016a   0x0800016a   0x00000000   Code   RO          802    .ARM.Collect$$libshutdown$$00000007  c_w.l(libshutdown2.o)
    0x0800016a   0x0800016a   0x00000000   Code   RO          805    .ARM.Collect$$libshutdown$$0000000A  c_w.l(libshutdown2.o)
    0x0800016a   0x0800016a   0x00000000   Code   RO          807    .ARM.Collect$$libshutdown$$0000000C  c_w.l(libshutdown2.o)
    0x0800016a   0x0800016a   0x00000000   Code   RO          810    .ARM.Collect$$libshutdown$$0000000F  c_w.l(libshutdown2.o)
    0x0800016a   0x0800016a   0x00000002   Code   RO          811    .ARM.Collect$$libshutdown$$00000010  c_w.l(libshutdown2.o)
    0x0800016c   0x0800016c   0x00000000   Code   RO          644    .ARM.Collect$$rtentry$$00000000  c_w.l(__rtentry.o)
    0x0800016c   0x0800016c   0x00000000   Code   RO          714    .ARM.Collect$$rtentry$$00000002  c_w.l(__rtentry2.o)
    0x0800016c   0x0800016c   0x00000006   Code   RO          726    .ARM.Collect$$rtentry$$00000004  c_w.l(__rtentry4.o)
    0x08000172   0x08000172   0x00000000   Code   RO          716    .ARM.Collect$$rtentry$$00000009  c_w.l(__rtentry2.o)
    0x08000172   0x08000172   0x00000004   Code   RO          717    .ARM.Collect$$rtentry$$0000000A  c_w.l(__rtentry2.o)
    0x08000176   0x08000176   0x00000000   Code   RO          719    .ARM.Collect$$rtentry$$0000000C  c_w.l(__rtentry2.o)
    0x08000176   0x08000176   0x00000008   Code   RO          720    .ARM.Collect$$rtentry$$0000000D  c_w.l(__rtentry2.o)
    0x0800017e   0x0800017e   0x00000002   Code   RO          755    .ARM.Collect$$rtexit$$00000000  c_w.l(rtexit.o)
    0x08000180   0x08000180   0x00000000   Code   RO          767    .ARM.Collect$$rtexit$$00000002  c_w.l(rtexit2.o)
    0x08000180   0x08000180   0x00000004   Code   RO          768    .ARM.Collect$$rtexit$$00000003  c_w.l(rtexit2.o)
    0x08000184   0x08000184   0x00000006   Code   RO          769    .ARM.Collect$$rtexit$$00000004  c_w.l(rtexit2.o)
    0x0800018a   0x0800018a   0x00000002   PAD
    0x0800018c   0x0800018c   0x00000040   Code   RO          564    .text               startup_stm32f10x_md.o
    0x080001cc   0x080001cc   0x00000006   Code   RO          590    .text               c_w.l(heapauxi.o)
    0x080001d2   0x080001d2   0x00000002   PAD
    0x080001d4   0x080001d4   0x00000024   Code   RO          597    .text               c_w.l(init_aeabi.o)
    0x080001f8   0x080001f8   0x0000004a   Code   RO          734    .text               c_w.l(sys_stackheap_outer.o)
    0x08000242   0x08000242   0x00000012   Code   RO          736    .text               c_w.l(exit.o)
    0x08000254   0x08000254   0x00000008   Code   RO          752    .text               c_w.l(libspace.o)
    0x0800025c   0x0800025c   0x00000002   Code   RO          763    .text               c_w.l(use_no_semi.o)
    0x0800025e   0x0800025e   0x00000000   Code   RO          765    .text               c_w.l(indicate_semi.o)
    0x0800025e   0x0800025e   0x00000002   PAD
    0x08000260   0x08000260   0x0000000c   Code   RO          779    .text               c_w.l(sys_exit.o)
    0x0800026c   0x0800026c   0x00000034   Code   RO          181    .text.Button_Init   button.o
    0x080002a0   0x080002a0   0x00000018   Code   RO          183    .text.Button_Read   button.o
    0x080002b8   0x080002b8   0x00000026   Code   RO          222    .text.Check_Long_Press  menu.o
    0x080002de   0x080002de   0x00000002   PAD
    0x080002e0   0x080002e0   0x000000d0   Code   RO          212    .text.Check_Status  menu.o
    0x080003b0   0x080003b0   0x00000024   Code   RO          260    .text.Delay_Init    delay.o
    0x080003d4   0x080003d4   0x000000b0   Code   RO          308    .text.GPIO_Init     stm32f10x_gpio.o
    0x08000484   0x08000484   0x00000074   Code   RO          334    .text.GPIO_PinRemapConfig  stm32f10x_gpio.o
    0x080004f8   0x080004f8   0x0000000a   Code   RO          312    .text.GPIO_ReadInputDataBit  stm32f10x_gpio.o
    0x08000502   0x08000502   0x00000002   PAD
    0x08000504   0x08000504   0x0000000a   Code   RO          316    .text.GPIO_ReadOutputDataBit  stm32f10x_gpio.o
    0x0800050e   0x0800050e   0x00000002   PAD
    0x08000510   0x08000510   0x00000004   Code   RO          322    .text.GPIO_ResetBits  stm32f10x_gpio.o
    0x08000514   0x08000514   0x00000004   Code   RO          320    .text.GPIO_SetBits  stm32f10x_gpio.o
    0x08000518   0x08000518   0x00000044   Code   RO          232    .text.Handle_Calibration_Navigation  menu.o
    0x0800055c   0x0800055c   0x000000b2   Code   RO          224    .text.Handle_LED_Navigation  menu.o
    0x0800060e   0x0800060e   0x00000002   PAD
    0x08000610   0x08000610   0x0000003e   Code   RO          157    .text.IIC_GPIO_Init  i2c.o
    0x0800064e   0x0800064e   0x00000002   PAD
    0x08000650   0x08000650   0x00000034   Code   RO          159    .text.IIC_Start     i2c.o
    0x08000684   0x08000684   0x0000002a   Code   RO          161    .text.IIC_Stop      i2c.o
    0x080006ae   0x080006ae   0x00000002   PAD
    0x080006b0   0x080006b0   0x00000048   Code   RO          163    .text.IIC_Wait_Ack  i2c.o
    0x080006f8   0x080006f8   0x00000020   Code   RO            4    .text.Init          main.o
    0x08000718   0x08000718   0x00000028   Code   RO          193    .text.Led_Debug     debug.o
    0x08000740   0x08000740   0x00000164   Code   RO          216    .text.Main_Menu     menu.o
    0x080008a4   0x080008a4   0x00000042   Code   RO           53    .text.OLED_Clear    oled.o
    0x080008e6   0x080008e6   0x00000002   PAD
    0x080008e8   0x080008e8   0x00000036   Code   RO          230    .text.OLED_ClearArea  menu.o
    0x0800091e   0x0800091e   0x00000002   PAD
    0x08000920   0x08000920   0x00000028   Code   RO          228    .text.OLED_ClearLine  menu.o
    0x08000948   0x08000948   0x000000fa   Code   RO           65    .text.OLED_Init     oled.o
    0x08000a42   0x08000a42   0x00000002   PAD
    0x08000a44   0x08000a44   0x00000026   Code   RO           47    .text.OLED_Set_Pos  oled.o
    0x08000a6a   0x08000a6a   0x00000002   PAD
    0x08000a6c   0x08000a6c   0x0000003e   Code   RO           55    .text.OLED_ShowChar  oled.o
    0x08000aaa   0x08000aaa   0x00000002   PAD
    0x08000aac   0x08000aac   0x0000006e   Code   RO           59    .text.OLED_ShowNum  oled.o
    0x08000b1a   0x08000b1a   0x00000002   PAD
    0x08000b1c   0x08000b1c   0x00000036   Code   RO           61    .text.OLED_ShowString  oled.o
    0x08000b52   0x08000b52   0x00000002   PAD
    0x08000b54   0x08000b54   0x00000010   Code   RO           45    .text.OLED_WR_Byte  oled.o
    0x08000b64   0x08000b64   0x00000018   Code   RO          466    .text.RCC_APB2PeriphClockCmd  stm32f10x_rcc.o
    0x08000b7c   0x08000b7c   0x00000010   Code   RO          214    .text.Reset_Status  menu.o
    0x08000b8c   0x08000b8c   0x000004fc   Code   RO          218    .text.Select_Menu   menu.o
    0x08001088   0x08001088   0x00000008   Code   RO          573    .text.SetSysClock   system_stm32f10x.o
    0x08001090   0x08001090   0x000000be   Code   RO          577    .text.SetSysClockTo72  system_stm32f10x.o
    0x0800114e   0x0800114e   0x00000002   PAD
    0x08001150   0x08001150   0x00000024   Code   RO          262    .text.SysTick_Config  delay.o
    0x08001174   0x08001174   0x00000010   Code   RO          264    .text.SysTick_Handler  delay.o
    0x08001184   0x08001184   0x0000006e   Code   RO          575    .text.SystemCoreClockUpdate  system_stm32f10x.o
    0x080011f2   0x080011f2   0x00000002   PAD
    0x080011f4   0x080011f4   0x00000056   Code   RO          571    .text.SystemInit    system_stm32f10x.o
    0x0800124a   0x0800124a   0x00000002   PAD
    0x0800124c   0x0800124c   0x0000005e   Code   RO           80    .text.USART1_Init   uart.o
    0x080012aa   0x080012aa   0x00000002   PAD
    0x080012ac   0x080012ac   0x00000168   Code   RO          226    .text.Update_Led    menu.o
    0x08001414   0x08001414   0x00000084   Code   RO          234    .text.Update_MPU    menu.o
    0x08001498   0x08001498   0x00000060   Code   RO          167    .text.Write_IIC_Byte  i2c.o
    0x080014f8   0x080014f8   0x00000020   Code   RO          169    .text.Write_IIC_Command  i2c.o
    0x08001518   0x08001518   0x00000020   Code   RO          171    .text.Write_IIC_Data  i2c.o
    0x08001538   0x08001538   0x0000000e   Code   RO          274    .text.__NVIC_SetPriority  delay.o
    0x08001546   0x08001546   0x00000002   PAD
    0x08001548   0x08001548   0x00000018   Code   RO          270    .text.delay_ms      delay.o
    0x08001560   0x08001560   0x00000024   Code   RO            2    .text.main          main.o
    0x08001584   0x08001584   0x0000001a   Code   RO          266    .text.millis        delay.o
    0x0800159e   0x0800159e   0x00000002   PAD
    0x080015a0   0x080015a0   0x00000036   Code   RO          628    x$fpl$ffix          fz_ws.l(ffix.o)
    0x080015d6   0x080015d6   0x0000008c   Code   RO          708    x$fpl$fnaninf       fz_ws.l(fnaninf.o)
    0x08001662   0x08001662   0x00000000   Code   RO          712    x$fpl$usenofp       fz_ws.l(usenofp.o)
    0x08001662   0x08001662   0x00000010   Data   RO          580    .rodata.AHBPrescTable  system_stm32f10x.o
    0x08001672   0x08001672   0x00000228   Data   RO           69    .rodata.F6x8        oled.o
    0x0800189a   0x0800189a   0x00000035   Data   RO          247    .rodata.str1.1      menu.o
    0x080018cf   0x080018cf   0x00000001   PAD
    0x080018d0   0x080018d0   0x00000015   Data   RO          248    .rodata.str1.4      menu.o
    0x080018e5   0x080018e5   0x00000003   PAD
    0x080018e8   0x080018e8   0x00000020   Data   RO          829    Region$$Table       anon$$obj.o
    0x08001908   0x08001908   0x00000004   Data   RO          277    .init_array         delay.o
    0x0800190c   0x08001908   0x00000000   Data   RO          595    .init_array         c_w.l(init_aeabi.o)


    Execution Region RW_IRAM1 (Exec base: 0x20000000, Load base: 0x08001910, Size: 0x000006a0, Max: 0x00005000, ABSOLUTE)

    Exec Addr    Load Addr    Size         Type   Attr      Idx    E Section Name        Object

    0x20000000   0x08001910   0x00000003   Data   RW          238    .data.Check_Status.button_state  menu.o
    0x20000003   0x08001913   0x00000003   Data   RW          239    .data.Check_Status.last_reading  menu.o
    0x20000006   0x08001916   0x00000001   Data   RW          245    .data.Main_Menu.last_drawn_pos  menu.o
    0x20000007   0x08001917   0x00000001   PAD
    0x20000008   0x08001918   0x00000004   Data   RW          579    .data.SystemCoreClock  system_stm32f10x.o
    0x2000000c   0x0800191c   0x00000001   Data   RW          250    .data.Update_Led.last_cursor_pos  menu.o
    0x2000000d   0x0800191d   0x00000001   Data   RW          251    .data.Update_Led.last_page  menu.o
    0x2000000e   0x0800191e   0x00000002   PAD
    0x20000010        -       0x00000060   Zero   RW          753    .bss                c_w.l(libspace.o)
    0x20000070        -       0x0000000c   Zero   RW          237    .bss.Check_Status.last_debounce_time  menu.o
    0x2000007c        -       0x00000001   Zero   RW          244    .bss.Main_Menu.cursor_pos  menu.o
    0x2000007d        -       0x00000001   Zero   RW          246    .bss.Main_Menu.menu_initialized  menu.o
    0x2000007e   0x0800191e   0x00000002   PAD
    0x20000080        -       0x00000004   Zero   RW          236    .bss.calibrated_angle  menu.o
    0x20000084        -       0x00000008   Zero   RW          249    .bss.calibrated_leds  menu.o
    0x2000008c        -       0x00000003   Zero   RW          243    .bss.flag_stt       menu.o
    0x2000008f   0x0800191e   0x00000001   PAD
    0x20000090        -       0x00000002   Zero   RW          240    .bss.stt_1          menu.o
    0x20000092        -       0x00000002   Zero   RW          241    .bss.stt_2          menu.o
    0x20000094        -       0x00000002   Zero   RW          242    .bss.stt_3          menu.o
    0x20000096   0x0800191e   0x00000002   PAD
    0x20000098        -       0x00000004   Zero   RW          276    .bss.us             delay.o
    0x2000009c   0x0800191e   0x00000004   PAD
    0x200000a0        -       0x00000200   Zero   RW          562    HEAP                startup_stm32f10x_md.o
    0x200002a0        -       0x00000400   Zero   RW          561    STACK               startup_stm32f10x_md.o


==============================================================================

Image component sizes


      Code (inc. data)   RO Data    RW Data    ZI Data      Debug   Object Name

        76          0          0          0          0       1785   button.o
        40          0          0          0          0       2149   debug.o
       152          0          4          0          4       4056   delay.o
       388          0          0          0          0       2694   i2c.o
        68          0          0          0          0        840   main.o
      2726        268         74          9         35       7635   menu.o
       596          0        552          0          0       4054   oled.o
        64         26        236          0       1536        808   startup_stm32f10x_md.o
       320          0          0          0          0       5873   stm32f10x_gpio.o
        24          0          0          0          0       7689   stm32f10x_rcc.o
       394          0         16          4          0       2795   system_stm32f10x.o
        94          0          0          0          0       3165   uart.o

    ----------------------------------------------------------------------
      4980        294        918         16       1584      43543   Object Totals
         0          0         32          0          0          0   (incl. Generated)
        38          0          4          3          9          0   (incl. Padding)

    ----------------------------------------------------------------------

      Code (inc. data)   RO Data    RW Data    ZI Data      Debug   Library Member Name

         8          0          0          0          0         68   __main.o
         0          0          0          0          0          0   __rtentry.o
        12          0          0          0          0          0   __rtentry2.o
         6          0          0          0          0          0   __rtentry4.o
        52          8          0          0          0          0   __scatter.o
        26          0          0          0          0          0   __scatter_copy.o
        28          0          0          0          0          0   __scatter_zi.o
        18          0          0          0          0         80   exit.o
         6          0          0          0          0        152   heapauxi.o
         0          0          0          0          0          0   indicate_semi.o
        36          8          0          0          0         80   init_aeabi.o
         2          0          0          0          0          0   libinit.o
         6          0          0          0          0          0   libinit2.o
         2          0          0          0          0          0   libshutdown.o
         2          0          0          0          0          0   libshutdown2.o
         8          4          0          0         96         68   libspace.o
         2          0          0          0          0          0   rtexit.o
        10          0          0          0          0          0   rtexit2.o
        12          4          0          0          0         68   sys_exit.o
        74          0          0          0          0         80   sys_stackheap_outer.o
         2          0          0          0          0         68   use_no_semi.o
        54          4          0          0          0         84   ffix.o
       140          4          0          0          0         84   fnaninf.o
         0          0          0          0          0          0   usenofp.o

    ----------------------------------------------------------------------
       514         32          0          0         96        832   Library Totals
         8          0          0          0          0          0   (incl. Padding)

    ----------------------------------------------------------------------

      Code (inc. data)   RO Data    RW Data    ZI Data      Debug   Library Name

       312         24          0          0         96        664   c_w.l
       194          8          0          0          0        168   fz_ws.l

    ----------------------------------------------------------------------
       514         32          0          0         96        832   Library Totals

    ----------------------------------------------------------------------

==============================================================================


      Code (inc. data)   RO Data    RW Data    ZI Data      Debug   

      5494        326        918         16       1680      43951   Grand Totals
      5494        326        918         16       1680      43951   ELF Image Totals
      5494        326        918         16          0          0   ROM Totals

==============================================================================

    Total RO  Size (Code + RO Data)                 6412 (   6.26kB)
    Total RW  Size (RW Data + ZI Data)              1696 (   1.66kB)
    Total ROM Size (Code + RO Data + RW Data)       6428 (   6.28kB)

==============================================================================

