<html>
<body>
<pre>
<h1>µVision Build Log</h1>
<h2>Tool Versions:</h2>
IDE-Version: µVision V5.31.0.0
Copyright (C) 2020 ARM Ltd and ARM Germany GmbH. All rights reserved.
License Information: thangt thang, thang, LIC=GMZI6-DHW30-UH18H-WWSUU-6NJ04-LEASM
 
Tool Versions:
Toolchain:       MDK-ARM Plus  Version: 5.31.0.0
Toolchain Path:  C:\Keil_v5\ARM\ARMCLANG\Bin
C Compiler:      ArmClang.exe V6.14
Assembler:       Armasm.exe V6.14
Linker/Locator:  ArmLink.exe V6.14
Library Manager: ArmAr.exe V6.14
Hex Converter:   FromElf.exe V6.14
CPU DLL:         SARMCM3.DLL V5.31.0.0
Dialog DLL:      DCM.DLL V1.17.3.0
Target DLL:      STLink\ST-LINKIII-KEIL_SWO.dll V3.0.7.0
Dialog DLL:      TCM.DLL V1.46.0.0
 
<h2>Project:</h2>
C:\Keil_v5\Project\oled\MDK\oled.uvprojx
Project File Date:  03/22/2025

<h2>Output:</h2>
*** Using Compiler 'V6.14', folder: 'C:\Keil_v5\ARM\ARMCLANG\Bin'
Build target 'oled'
../USER/menu.c(1): warning: In file included from...
../USER/menu.h(4): warning: In file included from...
../USER/define.h(7): warning: In file included from...
../USER/i2c.h(4): warning: In file included from...
../USER/define.h(15): warning: no newline at end of file [-Wnewline-eof]
#endif
      ^
../USER/menu.c(1): warning: In file included from...
../USER/menu.h(4): warning: In file included from...
../USER/define.h(8): warning: In file included from...
../USER/button.h(5): warning: In file included from...
../USER/define.h(15): warning: no newline at end of file [-Wnewline-eof]
#endif
      ^
../USER/menu.c(1): warning: In file included from...
../USER/menu.h(4): warning: In file included from...
../USER/define.h(9): warning: In file included from...
../USER/oled.h(4): warning: In file included from...
../USER/define.h(15): warning: no newline at end of file [-Wnewline-eof]
#endif
      ^
../USER/menu.c(1): warning: In file included from...
../USER/menu.h(4): warning: In file included from...
../USER/define.h(11): warning: In file included from...
../USER/debug.h(4): warning: In file included from...
../USER/define.h(15): warning: no newline at end of file [-Wnewline-eof]
#endif
      ^
../USER/menu.c(1): warning: In file included from...
../USER/menu.h(4): warning: In file included from...
../USER/define.h(11): warning: In file included from...
../USER/debug.h(14): warning: no newline at end of file [-Wnewline-eof]
#endif 
       ^
../USER/menu.c(1): warning: In file included from...
../USER/menu.h(4): warning: In file included from...
../USER/define.h(15): warning: no newline at end of file [-Wnewline-eof]
#endif
      ^
../USER/menu.c(325): warning: no newline at end of file [-Wnewline-eof]
}
 ^
../USER/menu.c(139): warning: unused variable 'progress_indicator' [-Wunused-variable]
    uint8_t progress_indicator = 0;
            ^
../USER/menu.c(4): warning: no previous extern declaration for non-static variable 'flag_stt' [-Wmissing-variable-declarations]
flag_status flag_stt;
            ^
../USER/menu.c(4): note: declare 'static' if the variable is not intended to be used outside of this translation unit
flag_status flag_stt;
^
../USER/menu.c(5): warning: no previous extern declaration for non-static variable 'stt_1' [-Wmissing-variable-declarations]
uint16_t stt_1 ;
         ^
../USER/menu.c(5): note: declare 'static' if the variable is not intended to be used outside of this translation unit
uint16_t stt_1 ;
^
../USER/menu.c(6): warning: no previous extern declaration for non-static variable 'stt_2' [-Wmissing-variable-declarations]
uint16_t stt_2 ;
         ^
../USER/menu.c(6): note: declare 'static' if the variable is not intended to be used outside of this translation unit
uint16_t stt_2 ;
^
../USER/menu.c(7): warning: no previous extern declaration for non-static variable 'stt_3' [-Wmissing-variable-declarations]
uint16_t stt_3 ;
         ^
../USER/menu.c(7): note: declare 'static' if the variable is not intended to be used outside of this translation unit
uint16_t stt_3 ;
^
12 warnings generated.
compiling menu.c...
linking...
Program Size: Code=3444 RO-data=932 RW-data=8 ZI-data=1664  
".\Objects\oled.axf" - 0 Error(s), 12 Warning(s).

<h2>Software Packages used:</h2>

Package Vendor: ARM
                http://www.keil.com/pack/ARM.CMSIS.5.7.0.pack
                ARM.CMSIS.5.7.0
                CMSIS (Cortex Microcontroller Software Interface Standard)
   * Component: CORE Version: 5.4.0

Package Vendor: Keil
                https://www.keil.com/pack/Keil.STM32F1xx_DFP.2.4.1.pack
                Keil.STM32F1xx_DFP.2.4.1
                STMicroelectronics STM32F1 Series Device Support, Drivers and Examples
   * Component: Startup Version: 1.0.0
   * Component: Framework Version: 3.6.0
   * Component: GPIO Version: 3.6.0
   * Component: I2C Version: 3.6.0
   * Component: RCC Version: 3.6.0
   * Component: USART Version: 3.6.0

<h2>Collection of Component include folders:</h2>
  .\RTE\Device\STM32F103C8
  .\RTE\_oled
  C:\Users\thang\AppData\Local\Arm\Packs\ARM\CMSIS\5.7.0\CMSIS\Core\Include
  C:\Users\thang\AppData\Local\Arm\Packs\Keil\STM32F1xx_DFP\2.4.1\Device\Include
  C:\Users\thang\AppData\Local\Arm\Packs\Keil\STM32F1xx_DFP\2.4.1\Device\StdPeriph_Driver\inc

<h2>Collection of Component Files used:</h2>

   * Component: ARM::CMSIS:CORE:5.4.0

   * Component: Keil::Device:Startup:1.0.0
      Source file:   Device\Source\ARM\STM32F1xx_OPT.s
      Source file:   Device\Source\ARM\startup_stm32f10x_md.s
      Source file:   Device\Source\system_stm32f10x.c
      Include file:  RTE_Driver\Config\RTE_Device.h

   * Component: Keil::Device:StdPeriph Drivers:Framework:3.6.0
      Source file:   Device\StdPeriph_Driver\templates\stm32f10x_conf.h
      Source file:   Device\StdPeriph_Driver\src\misc.c
      Include file:  Device\StdPeriph_Driver\templates\stm32f10x_it.h
      Source file:   Device\StdPeriph_Driver\templates\stm32f10x_it.c
      Include file:  Device\StdPeriph_Driver\inc\misc.h

   * Component: Keil::Device:StdPeriph Drivers:GPIO:3.6.0
      Include file:  Device\StdPeriph_Driver\inc\stm32f10x_gpio.h
      Source file:   Device\StdPeriph_Driver\src\stm32f10x_gpio.c

   * Component: Keil::Device:StdPeriph Drivers:I2C:3.6.0
      Include file:  Device\StdPeriph_Driver\inc\stm32f10x_i2c.h
      Source file:   Device\StdPeriph_Driver\src\stm32f10x_i2c.c

   * Component: Keil::Device:StdPeriph Drivers:RCC:3.6.0
      Include file:  Device\StdPeriph_Driver\inc\stm32f10x_rcc.h
      Source file:   Device\StdPeriph_Driver\src\stm32f10x_rcc.c

   * Component: Keil::Device:StdPeriph Drivers:USART:3.6.0
      Include file:  Device\StdPeriph_Driver\inc\stm32f10x_usart.h
      Source file:   Device\StdPeriph_Driver\src\stm32f10x_usart.c
Build Time Elapsed:  00:00:01
</pre>
</body>
</html>
